Component: ARM Compiler 5.06 update 6 (build 750) Tool: armlink [4d35ed]

==============================================================================

Section Cross References

    ll_clock.o(i.LL_CLOCK__clearTheSnapshotAsMaster) refers to ll_clock.o(.data) for .data
    ll_clock.o(i.LL_CLOCK__updateTheSnapshotAsSlave) refers to ll_clock.o(.data) for .data
    ll_clock.o(i.LL_Clock__OTHERS_LED_CLOCK_get) refers to ll_clock.o(.data) for .data
    ll_clock.o(i.LL_Clock__OTHERS_LED_CLOCK_snapshot) refers to ll_clock.o(.data) for .data
    ll_gpio.o(i.LL_GPIO_InputCfg) refers to ll_gpio.o(i.nrf_gpio_cfg) for nrf_gpio_cfg
    ll_gpio.o(i.LL_GPIO_InputCfg) refers to ll_gpio.o(i.nrf_gpio_cfg_sense_input) for nrf_gpio_cfg_sense_input
    ll_gpio.o(i.LL_GPIO_InputCfg) refers to ll_gpio.o(i.nrf_delay_ms) for nrf_delay_ms
    ll_gpio.o(i.nrf_delay_ms) refers to ll_gpio.o(.constdata) for .constdata
    ll_gpio.o(i.nrf_gpio_cfg_sense_input) refers to ll_gpio.o(i.nrf_gpio_cfg) for nrf_gpio_cfg
    ll_adc.o(i.LL_ADC_Init) refers to nrfx_saadc.o(i.nrfx_saadc_channel_init) for nrfx_saadc_channel_init
    ll_adc.o(i.LL_ADC_Init) refers to app_error_handler_keil.o(.emb_text) for app_error_handler
    ll_adc.o(i.LL_ADC_Init) refers to nrfx_saadc.o(i.nrfx_saadc_buffer_convert) for nrfx_saadc_buffer_convert
    ll_adc.o(i.LL_ADC_Init) refers to nrfx_saadc.o(i.nrfx_saadc_init) for nrfx_saadc_init
    ll_adc.o(i.LL_ADC_Init) refers to ll_adc.o(.constdata) for .constdata
    ll_adc.o(i.LL_ADC_Init) refers to ll_adc.o(.bss) for .bss
    ll_adc.o(i.LL_ADC_Init) refers to ll_adc.o(i.saadc_callback) for saadc_callback
    ll_adc.o(i.LL_ADC_StartSingleConversion) refers to nrfx_saadc.o(i.nrfx_saadc_sample) for nrfx_saadc_sample
    ll_adc.o(i.saadc_callback) refers to nrfx_saadc.o(i.nrfx_saadc_buffer_convert) for nrfx_saadc_buffer_convert
    ll_adc.o(i.saadc_callback) refers to app_error_handler_keil.o(.emb_text) for app_error_handler
    ll_adc.o(i.saadc_callback) refers to ll_adc.o(.data) for .data
    ll_pwm.o(i.LL_Convert_Rgb_To_Pwm_Sequence) refers to ll_pwm.o(.bss) for .bss
    ll_pwm.o(i.LL_Convert_Rgb_To_Pwm_Sequence_Channel0) refers to ll_pwm.o(.bss) for .bss
    ll_pwm.o(i.LL_Convert_Rgb_To_Pwm_Sequence_Channel1) refers to ll_pwm.o(.bss) for .bss
    ll_pwm.o(i.LL_Drv_Ws2812_Display) refers to nrfx_pwm.o(i.nrfx_pwm_simple_playback) for nrfx_pwm_simple_playback
    ll_pwm.o(i.LL_Drv_Ws2812_Display) refers to ll_pwm.o(.data) for .data
    ll_pwm.o(i.LL_Drv_Ws2812_Front_Draw) refers to ll_pwm.o(i.LL_Convert_Rgb_To_Pwm_Sequence_Channel0) for LL_Convert_Rgb_To_Pwm_Sequence_Channel0
    ll_pwm.o(i.LL_Drv_Ws2812_Front_Draw) refers to ll_led_panel_ws2812.o(i.LL_Drv_Ws2812_Reset) for LL_Drv_Ws2812_Reset
    ll_pwm.o(i.LL_Drv_Ws2812_Front_Draw) refers to ll_sysmode.o(.bss) for gtPanelPara
    ll_pwm.o(i.LL_Drv_Ws2812_Front_Draw) refers to ll_pwm.o(.bss) for .bss
    ll_pwm.o(i.LL_Drv_Ws2812_Pixel_Draw) refers to ll_pwm.o(.bss) for .bss
    ll_pwm.o(i.LL_Drv_Ws2812_Rear_Draw) refers to ll_pwm.o(i.LL_Convert_Rgb_To_Pwm_Sequence_Channel1) for LL_Convert_Rgb_To_Pwm_Sequence_Channel1
    ll_pwm.o(i.LL_Drv_Ws2812_Rear_Draw) refers to ll_led_panel_ws2812.o(i.LL_Drv_Ws2812_Reset) for LL_Drv_Ws2812_Reset
    ll_pwm.o(i.LL_Drv_Ws2812_Rear_Draw) refers to ll_sysmode.o(.bss) for gtPanelPara
    ll_pwm.o(i.LL_Drv_Ws2812_Rear_Draw) refers to ll_pwm.o(.bss) for .bss
    ll_pwm.o(i.LL_PWM_DutyGet) refers to ll_pwm.o(.bss) for .bss
    ll_pwm.o(i.LL_PWM_DutySet) refers to ll_pwm.o(i.get_a_safe_duty) for get_a_safe_duty
    ll_pwm.o(i.LL_PWM_DutySet) refers to ll_pwm.o(i.LL_PWM_isON) for LL_PWM_isON
    ll_pwm.o(i.LL_PWM_DutySet) refers to app_pwm.o(i.app_pwm_channel_duty_set) for app_pwm_channel_duty_set
    ll_pwm.o(i.LL_PWM_DutySet) refers to ll_pwm.o(.data) for .data
    ll_pwm.o(i.LL_PWM_DutySet) refers to ll_pwm.o(.constdata) for .constdata
    ll_pwm.o(i.LL_PWM_DutySet) refers to ll_pwm.o(.bss) for .bss
    ll_pwm.o(i.LL_PWM_DutySet_noSafeDuty) refers to ll_pwm.o(i.LL_PWM_isON) for LL_PWM_isON
    ll_pwm.o(i.LL_PWM_DutySet_noSafeDuty) refers to app_pwm.o(i.app_pwm_channel_duty_set) for app_pwm_channel_duty_set
    ll_pwm.o(i.LL_PWM_DutySet_noSafeDuty) refers to ll_pwm.o(.data) for .data
    ll_pwm.o(i.LL_PWM_DutySet_noSafeDuty) refers to ll_pwm.o(.constdata) for .constdata
    ll_pwm.o(i.LL_PWM_DutySet_noSafeDuty) refers to ll_pwm.o(.bss) for .bss
    ll_pwm.o(i.LL_PWM_Init) refers to ll_gpio.o(i.LL_GPIO_OutputCfg) for LL_GPIO_OutputCfg
    ll_pwm.o(i.LL_PWM_Init) refers to app_pwm.o(i.app_pwm_init) for app_pwm_init
    ll_pwm.o(i.LL_PWM_Init) refers to app_pwm.o(i.app_pwm_channel_duty_set) for app_pwm_channel_duty_set
    ll_pwm.o(i.LL_PWM_Init) refers to app_pwm.o(i.app_pwm_enable) for app_pwm_enable
    ll_pwm.o(i.LL_PWM_Init) refers to nrfx_pwm.o(i.nrfx_pwm_init) for nrfx_pwm_init
    ll_pwm.o(i.LL_PWM_Init) refers to app_error_handler_keil.o(.emb_text) for app_error_handler
[...]
    gulflag                                  0x20002e08   Data           4  ll_sync.o(.data)
    gulBroadcastCnt                          0x20002e0c   Data           4  ll_sync.o(.data)
    timestamp_befroe_waiting                 0x20002e10   Data           4  ll_sync.o(.data)
    clock_from_ble_evt_dispatch              0x20002e14   Data           4  ll_sync.o(.data)
    flash_timeslot                           0x20002e18   Data           1  ll_led_panel_ws2812.o(.data)
    TxFlashModeParaToApp__time_cnt           0x2000319c   Data           4  ll_msg_withapp.o(.data)
    TxFlashModeParaToApp__step_cnt           0x200031a0   Data           4  ll_msg_withapp.o(.data)
    gulBatteryOfRemote                       0x200031a8   Data           4  ll_msg_withremote.o(.data)
    gulMsgHandleNeeded                       0x200031b0   Data           4  ll_msg_withremote.o(.data)
    gulRSSI                                  0x200031b4   Data           4  ll_msg_withremote.o(.data)
    wake_up_event__power_on_cmd_scanned      0x200031b8   Data           1  ll_ble_observer_nrf52sdk17.o(.data)
    wake_up_event__key_pressed               0x200031c8   Data           1  ll_ble_observer_nrf52sdk17.o(.data)
    glPowerOnAnimationPlayOff                0x200031cc   Data           1  ll_sysmode.o(.data)
    IndicatorOfBrakeFuncOnOff__time_cnt      0x200031dc   Data           4  ll_sysmode.o(.data)
    IndicatorOfBrakeFuncOnOff__step_cnt      0x200031e0   Data           4  ll_sysmode.o(.data)
    sgulBeepWhenTurning_Cnt                  0x200031f4   Data           4  ll_sysmode.o(.data)
    gulCmdTestingMode                        0x20003200   Data           4  ll_sysmode.o(.data)
    sgulGeneralStep                          0x20003204   Data           4  ll_sysmode.o(.data)
    glPowerOnDisplayNum                      0x20003210   Data           4  ll_sysmode.o(.data)
    gtSysState                               0x20003214   Data           8  ll_sysmode.o(.data)
    gtSysState_prev                          0x2000321c   Data           8  ll_sysmode.o(.data)
    gulFlashStoreNeeded                      0x20003228   Data           4  ll_para.o(.data)
    batCnt                                   0x20003238   Data           1  main.o(.data)
    glAdapterBoardConnState                  0x20003239   Data           1  main.o(.data)
    m_conn_handle                            0x2000323a   Data           2  main.o(.data)
    gulDisconnectRountine                    0x20003240   Data           4  main.o(.data)
    gulDisconnectCnt                         0x20003244   Data           4  main.o(.data)
    batteryLevelTotal                        0x20003248   Data           4  main.o(.data)
    sgulNusDataHandleNeeded                  0x20003250   Data           4  main.o(.data)
    ulPoweronDisplayTime                     0x20003258   Data           4  main.o(.data)
    m_nus                                    0x20003264   Data          28  main.o(.data)
    MarkChangeAddrTime                       0x200032a4   Data           4  main.o(.data)
    lumos_connectable                        0x200032b0   Data           1  ble_advertising.o(.data)
    mp_dfu                                   0x200032bc   Data           4  ble_dfu_unbonded.o(.data)
    SystemCoreClock                          0x200033ec   Data           4  system_nrf52.o(.data)
    fs_data$$Base                            0x200033f4   Number         0  fds.o(fs_data)
    m_fs                                     0x200033f4   Data          20  fds.o(fs_data)
    fs_data$$Limit                           0x20003408   Number         0  fds.o(fs_data)
    gtHwID                                   0x20003408   Data           9  ll_hardwareid.o(.bss)
    m_pwm_PWM1_cb                            0x20003420   Data          36  ll_pwm.o(.bss)
    sgtMsg                                   0x20004a04   Data          26  ll_msg_withremote.o(.bss)
    thread_var__BLE_Broadcaster__sub         0x20004b94   Data          16  ll_ble_broadcaster.o(.bss)
    thread_var__BLE_Broadcaster__main        0x20004ba4   Data          16  ll_ble_broadcaster.o(.bss)
    gtPanelPara                              0x20004bb4   Data       10760  ll_sysmode.o(.bss)
    gtPara                                   0x200075d0   Data         236  ll_para.o(.bss)
    scanrsp                                  0x20007b48   Data          60  main.o(.bss)
    sgaucNusRcvBuf                           0x20007b84   Data          32  main.o(.bss)
    nrf_nvic_state                           0x20007e0c   Data          12  app_util_platform.o(.bss)
    m_pwm_ready_counter                      0x20007e38   Data          10  app_pwm.o(.bss)
    m_ack_pl_container                       0x200082fc   Data          96  nrf_esb.o(.bss)
    m_ack_pl_container_entry_point_pr_pipe   0x2000835c   Data          32  nrf_esb.o(.bss)
    __initial_sp                             0x20009ba0   Data           0  arm_startup_nrf52.o(STACK)



==============================================================================

Memory Map of the image

  Image Entry point : 0x00026201

  Load Region LR_IROM1 (Base: 0x00026000, Size: 0x00010bac, Max: 0x00052000, ABSOLUTE, COMPRESSED[0x000104c8])

    Execution Region ER_IROM1 (Exec base: 0x00026000, Load base: 0x00026000, Size: 0x0001036c, Max: 0x00052000, ABSOLUTE)

    Exec Addr    Load Addr    Size         Type   Attr      Idx    E Section Name        Object

    0x00026000   0x00026000   0x00000200   Data   RO         8915    RESET               arm_startup_nrf52.o
    0x00026200   0x00026200   0x00000000   Code   RO         8976  * .ARM.Collect$$$$00000000  mc_w.l(entry.o)
    0x00026200   0x00026200   0x00000004   Code   RO         9264    .ARM.Collect$$$$00000001  mc_w.l(entry2.o)
    0x00026204   0x00026204   0x00000004   Code   RO         9267    .ARM.Collect$$$$00000004  mc_w.l(entry5.o)
    0x00026208   0x00026208   0x00000000   Code   RO         9269    .ARM.Collect$$$$00000008  mc_w.l(entry7b.o)
    0x00026208   0x00026208   0x00000000   Code   RO         9271    .ARM.Collect$$$$0000000A  mc_w.l(entry8b.o)
    0x00026208   0x00026208   0x00000008   Code   RO         9272    .ARM.Collect$$$$0000000B  mc_w.l(entry9a.o)
    0x00026210   0x00026210   0x00000000   Code   RO         9274    .ARM.Collect$$$$0000000D  mc_w.l(entry10a.o)
    0x00026210   0x00026210   0x00000000   Code   RO         9276    .ARM.Collect$$$$0000000F  mc_w.l(entry11a.o)
    0x00026210   0x00026210   0x00000004   Code   RO         9265    .ARM.Collect$$$$00002712  mc_w.l(entry2.o)
    0x00026214   0x00026214   0x0000001a   Code   RO         5944    .emb_text           app_error_handler_keil.o
    0x0002622e   0x0002622e   0x00000002   PAD
    0x00026230   0x00026230   0x000000c8   Code   RO         6602    .emb_text           nrf_atfifo.o
    0x000262f8   0x000262f8   0x000000e2   Code   RO         6738    .emb_text           nrf_atomic.o
    0x000263da   0x000263da   0x00000002   PAD
    0x000263dc   0x000263dc   0x00000024   Code   RO         8916    .text               arm_startup_nrf52.o
    0x00026400   0x00026400   0x00000020   Code   RO         8983    .text               mc_w.l(llushr.o)
    0x00026420   0x00026420   0x00000024   Code   RO         8985    .text               mc_w.l(memcpya.o)
    0x00026444   0x00026444   0x00000024   Code   RO         8987    .text               mc_w.l(memseta.o)
    0x00026468   0x00026468   0x0000000e   Code   RO         8989    .text               mc_w.l(strlen.o)
    0x00026476   0x00026476   0x0000001c   Code   RO         8991    .text               mc_w.l(strcmp.o)
    0x00026492   0x00026492   0x0000001a   Code   RO         8993    .text               mc_w.l(memcmp.o)
    0x000264ac   0x000264ac   0x0000001e   Code   RO         8997    .text               mc_w.l(strncmp.o)
    0x000264ca   0x000264ca   0x0000001a   Code   RO         9262    .text               mc_w.l(atoi.o)
    0x000264e4   0x000264e4   0x0000002c   Code   RO         9278    .text               mc_w.l(uidiv.o)
    0x00026510   0x00026510   0x00000070   Code   RO         9287    .text               mc_w.l(strtol.o)
    0x00026580   0x00026580   0x00000024   Code   RO         9300    .text               mc_w.l(init.o)
    0x000265a4   0x000265a4   0x00000008   Code   RO         9304    .text               mc_w.l(ctype_o.o)
    0x000265ac   0x000265ac   0x0000009e   Code   RO         9332    .text               mc_w.l(_strtoul.o)
    0x0002664a   0x0002664a   0x0000001c   Code   RO         9336    .text               mc_w.l(_chval.o)
    0x00026666   0x00026666   0x00000056   Code   RO         9346    .text               mc_w.l(__dczerorl2.o)
    0x000266bc   0x000266bc   0x00000054   Code   RO         1336    i.ADC_to_BattLvl    ll_battery.o
    0x00026710   0x00026710   0x00000004   Code   RO          966    i.COMP_LPCOMP_IRQHandler  esb_timeslot.o
    0x00026714   0x00026714   0x000000a4   Code   RO         4549    i.GPIOTE_IRQHandler  nrfx_gpiote.o
    0x000267b8   0x000267b8   0x00000030   Code   RO         2149    i.IndicatorOfBrakeFuncOnOff__Start  ll_sysmode.o
    0x000267e8   0x000267e8   0x000000fc   Code   RO          421    i.LL_ADC_Init       ll_adc.o
    0x000268e4   0x000268e4   0x00000004   Code   RO          422    i.LL_ADC_StartSingleConversion  ll_adc.o
    0x000268e8   0x000268e8   0x00000010   Code   RO         2377    i.LL_BLE_Adv_stop   main.o
    0x000268f8   0x000268f8   0x00000078   Code   RO         1981    i.LL_BLE_Observer__Init  ll_ble_observer_nrf52sdk17.o
    0x00026970   0x00026970   0x00000080   Code   RO         2378    i.LL_BLE_SetAdManu  main.o
    0x000269f0   0x000269f0   0x00000018   Code   RO         2379    i.LL_BLE_TX         main.o
    0x00026a08   0x00026a08   0x00000144   Code   RO         1378    i.LL_BatteryIndicator__Mainloop  ll_batteryindicator.o
    0x00026b4c   0x00026b4c   0x0000000c   Code   RO         1380    i.LL_BatteryIndicator__Start  ll_batteryindicator.o
    0x00026b58   0x00026b58   0x0000000c   Code   RO         1427    i.LL_Battery_Charging__Init  ll_battery_charge.o
    0x00026b64   0x00026b64   0x00000004   Code   RO         1428    i.LL_Battery_Charging__NotOnlyChargingMode_ButAlsoChargingIndeed  ll_battery_charge.o
    0x00026b68   0x00026b68   0x0000002c   Code   RO         1337    i.LL_Battery_Init   ll_battery.o
    0x00026b94   0x00026b94   0x00000068   Code   RO         1338    i.LL_Battery_Level  ll_battery.o
    0x00026bfc   0x00026bfc   0x00000090   Code   RO         1339    i.LL_Battery_Mainloop  ll_battery.o
    0x00026c8c   0x00026c8c   0x00000014   Code   RO         1429    i.LL_Battery__isCharging  ll_battery_charge.o
    0x00026ca0   0x00026ca0   0x00000014   Code   RO         2151    i.LL_BeepForTurning__OFF  ll_sysmode.o
    0x00026cb4   0x00026cb4   0x00000050   Code   RO         2152    i.LL_BeepForTurning__ON  ll_sysmode.o
    0x00026d04   0x00026d04   0x00000060   Code   RO         2153    i.LL_BeepForTurning__ON_forLR  ll_sysmode.o
    0x00026d64   0x00026d64   0x00000010   Code   RO          285    i.LL_CLOCK__clearTheSnapshotAsMaster  ll_clock.o
    0x00026d74   0x00026d74   0x0000000c   Code   RO          286    i.LL_CLOCK__updateTheSnapshotAsSlave  ll_clock.o
    0x00026d80   0x00026d80   0x000001b4   Code   RO         2380    i.LL_Charging_Display  main.o
    0x00026f34   0x00026f34   0x0000000c   Code   RO          288    i.LL_Clock__LED_CLOCK_get  ll_clock.o
    0x00026f40   0x00026f40   0x00000028   Code   RO          289    i.LL_Clock__OTHERS_LED_CLOCK_get  ll_clock.o
    0x00026f68   0x00026f68   0x00000014   Code   RO          290    i.LL_Clock__OTHERS_LED_CLOCK_snapshot  ll_clock.o
    0x00026f7c   0x00026f7c   0x000000c4   Code   RO         1656    i.LL_Convert_Frames  ll_led_panel_ws2812.o
    0x00027040   0x00027040   0x0000006c   Code   RO         1657    i.LL_Convert_Frames_Charging  ll_led_panel_ws2812.o
    0x000270ac   0x000270ac   0x000000d0   Code   RO         1658    i.LL_Convert_Frames_PowerOn  ll_led_panel_ws2812.o
    0x0002717c   0x0002717c   0x00000040   Code   RO          478    i.LL_Convert_Rgb_To_Pwm_Sequence_Channel0  ll_pwm.o
    0x000271bc   0x000271bc   0x00000044   Code   RO          479    i.LL_Convert_Rgb_To_Pwm_Sequence_Channel1  ll_pwm.o
    0x00027200   0x00027200   0x00000028   Code   RO          480    i.LL_Drv_Ws2812_Display  ll_pwm.o
    0x00027228   0x00027228   0x00000044   Code   RO          481    i.LL_Drv_Ws2812_Front_Draw  ll_pwm.o
    0x0002726c   0x0002726c   0x00000030   Code   RO          482    i.LL_Drv_Ws2812_Pixel_Draw  ll_pwm.o
    0x0002729c   0x0002729c   0x00000048   Code   RO          483    i.LL_Drv_Ws2812_Rear_Draw  ll_pwm.o
    0x000272e4   0x000272e4   0x0000001c   Code   RO         1659    i.LL_Drv_Ws2812_Reset  ll_led_panel_ws2812.o
    0x00027300   0x00027300   0x00000184   Code   RO         1660    i.LL_Drv_Ws2812_SetFrontAnimation  ll_led_panel_ws2812.o
    0x00027484   0x00027484   0x00000218   Code   RO         1661    i.LL_Drv_Ws2812_SetRearAnimation  ll_led_panel_ws2812.o
    0x0002769c   0x0002769c   0x000000c0   Code   RO         1662    i.LL_Drv_Ws2812_SyncWithClock  ll_led_panel_ws2812.o
    0x0002775c   0x0002775c   0x0000002c   Code   RO          968    i.LL_ESB_WriteTxBuf  esb_timeslot.o
    0x00027788   0x00027788   0x000000b4   Code   RO          969    i.LL_ESB__set_address  esb_timeslot.o
    0x0002783c   0x0002783c   0x0000005c   Code   RO          970    i.LL_ESB__set_address__ForPairedRemotes  esb_timeslot.o
    0x00027898   0x00027898   0x00000004   Code   RO         2381    i.LL_ESB_callback_esb_started  main.o
    0x0002789c   0x0002789c   0x00000068   Code   RO         1663    i.LL_Find_Color_Position  ll_led_panel_ws2812.o
    0x00027904   0x00027904   0x000000e0   Code   RO         1206    i.LL_Flash_init     ll_flash.o
    0x000279e4   0x000279e4   0x000000a0   Code   RO         1207    i.LL_Flash_store    ll_flash.o
    0x00027a84   0x00027a84   0x000000a0   Code   RO         1208    i.LL_Flash_store_beforeSleep  ll_flash.o
    0x00027b24   0x00027b24   0x0000000c   Code   RO         1209    i.LL_Flash_store_finish  ll_flash.o
    0x00027b30   0x00027b30   0x00000042   Code   RO          351    i.LL_GPIO_InputCfg  ll_gpio.o
    0x00027b72   0x00027b72   0x00000002   PAD
    0x00027b74   0x00027b74   0x00000014   Code   RO          352    i.LL_GPIO_InputRead  ll_gpio.o
    0x00027b88   0x00027b88   0x0000004c   Code   RO          353    i.LL_GPIO_OutputCfg  ll_gpio.o
    0x00027bd4   0x00027bd4   0x00000018   Code   RO          354    i.LL_GPIO_OutputWrite  ll_gpio.o
    0x00027bec   0x00027bec   0x00000090   Code   RO         1664    i.LL_Get_Color_Value_Via_Brightness  ll_led_panel_ws2812.o
    0x00027c7c   0x00027c7c   0x0000004c   Code   RO         1665    i.LL_Get_Color_Value_Via_Color  ll_led_panel_ws2812.o
    0x00027cc8   0x00027cc8   0x0000004c   Code   RO            4    i.LL_HardwareID_Get  ll_hardwareid.o
    0x00027d14   0x00027d14   0x000000f4   Code   RO         1895    i.LL_HelmetActionWhenStateChanged  ll_msg_withremote.o
    0x00027e08   0x00027e08   0x0000001c   Code   RO         2154    i.LL_Helmet_ChangeStateTo_BeepBeforeOFF  ll_sysmode.o
    0x00027e24   0x00027e24   0x00000088   Code   RO         2155    i.LL_Helmet_ChangeStateTo_BeepBeforeON  ll_sysmode.o
    0x00027eac   0x00027eac   0x00000028   Code   RO         2156    i.LL_Helmet_ChangeStateTo_Init  ll_sysmode.o
    0x00027ed4   0x00027ed4   0x00000054   Code   RO         2157    i.LL_Helmet_ChangeStateTo_NextMode  ll_sysmode.o
    0x00027f28   0x00027f28   0x00000028   Code   RO         2158    i.LL_Helmet_ChangeStateTo_OFF  ll_sysmode.o
    0x00027f50   0x00027f50   0x00000034   Code   RO         2159    i.LL_Helmet_ChangeStateTo_ON  ll_sysmode.o
    0x00027f84   0x00027f84   0x00000044   Code   RO         2160    i.LL_Helmet_ChangeStateTo_Pairing  ll_sysmode.o
    0x00027fc8   0x00027fc8   0x00000054   Code   RO         2161    i.LL_Helmet_ChangeStateTo_PcbTestingMode  ll_sysmode.o
    0x0002801c   0x0002801c   0x0000002c   Code   RO         2162    i.LL_Helmet_ChangeStateTo_ProductionTestingMode  ll_sysmode.o
    0x00028048   0x00028048   0x000000dc   Code   RO         2163    i.LL_Helmet_Mainloop  ll_sysmode.o
    0x00028124   0x00028124   0x00000078   Code   RO         2164    i.LL_Helmet_State_BeepBeforeOFF  ll_sysmode.o
    0x0002819c   0x0002819c   0x000000c4   Code   RO         2165    i.LL_Helmet_State_BeepBeforeON  ll_sysmode.o
    0x00028260   0x00028260   0x00000084   Code   RO         2166    i.LL_Helmet_State_Init  ll_sysmode.o
    0x000282e4   0x000282e4   0x00000134   Code   RO         2167    i.LL_Helmet_State_OFF  ll_sysmode.o
    0x00028418   0x00028418   0x00000140   Code   RO         2168    i.LL_Helmet_State_ON  ll_sysmode.o
    0x00028558   0x00028558   0x000000cc   Code   RO         2169    i.LL_Helmet_State_Pairing  ll_sysmode.o
    0x00028624   0x00028624   0x00000118   Code   RO         2170    i.LL_Helmet_State_PcbTestingMode  ll_sysmode.o
    0x0002873c   0x0002873c   0x0000012c   Code   RO         2171    i.LL_Helmet_State_ProductionTestingMode  ll_sysmode.o
    0x00028868   0x00028868   0x00000014   Code   RO         2172    i.LL_Helmet_TurnOffBrakeLightAuto_ReclockWhenReceiveNewBrake  ll_sysmode.o
    0x0002887c   0x0002887c   0x00000020   Code   RO         1463    i.LL_Key_EvtFetch   ll_key.o
    0x0002889c   0x0002889c   0x00000010   Code   RO         1465    i.LL_Key_IgnoreNextRelease  ll_key.o
    0x000288ac   0x000288ac   0x0000002c   Code   RO         1466    i.LL_Key_Init       ll_key.o
    0x000288d8   0x000288d8   0x00000014   Code   RO         1467    i.LL_Key_Init_With_No_Trigger  ll_key.o
    0x000288ec   0x000288ec   0x00000080   Code   RO         1468    i.LL_Key_Scan       ll_key.o
    0x0002896c   0x0002896c   0x00000014   Code   RO         1514    i.LL_LED_Brightness  ll_led.o
    0x00028980   0x00028980   0x00000030   Code   RO         1516    i.LL_LED_Flashing   ll_led.o
    0x000289b0   0x000289b0   0x000000a4   Code   RO         1518    i.LL_LED_FlashingByCustomer_SpecialForBuzzer  ll_led.o
    0x00028a54   0x00028a54   0x0000001c   Code   RO         1520    i.LL_LED_OFF        ll_led.o
    0x00028a70   0x00028a70   0x0000001c   Code   RO         1521    i.LL_LED_ON         ll_led.o
    0x00028a8c   0x00028a8c   0x000000fc   Code   RO         1667    i.LL_LED_Panel_AlarmAnimation  ll_led_panel_ws2812.o
    0x00028b88   0x00028b88   0x000000f8   Code   RO         1669    i.LL_LED_Panel_BreathingAnimation  ll_led_panel_ws2812.o
    0x00028c80   0x00028c80   0x000000b8   Code   RO         1670    i.LL_LED_Panel_HalfBlink_Animation  ll_led_panel_ws2812.o
    0x00028d38   0x00028d38   0x000000b0   Code   RO         1671    i.LL_LED_Panel_PowerOffAnimation  ll_led_panel_ws2812.o
    0x00028de8   0x00028de8   0x00000058   Code   RO         1672    i.LL_LED_Panel_Producting_Animation  ll_led_panel_ws2812.o
    0x00028e40   0x00028e40   0x000000c8   Code   RO         1673    i.LL_LED_Panel_TurnLeft_Flash_Animation  ll_led_panel_ws2812.o
    0x00028f08   0x00028f08   0x000000c8   Code   RO         1674    i.LL_LED_Panel_TurnRight_Flash_Animation  ll_led_panel_ws2812.o
    0x00028fd0   0x00028fd0   0x00000030   Code   RO         1522    i.LL_LEDs_OFF       ll_led.o
    0x00029000   0x00029000   0x00000026   Code   RO         1524    i.LL_LEDs_init      ll_led.o
    0x00029026   0x00029026   0x00000002   PAD
    0x00029028   0x00029028   0x000001e0   Code   RO         1525    i.LL_LEDs_routine   ll_led.o
    0x00029208   0x00029208   0x000000c8   Code   RO         1896    i.LL_MSG_Handle__PublicMessage_parseWhenInMainloop  ll_msg_withremote.o
    0x000292d0   0x000292d0   0x00000020   Code   RO         1897    i.LL_MSG_Handle__PublicMessage_saveWhenInInterrupt  ll_msg_withremote.o
    0x000292f0   0x000292f0   0x00000050   Code   RO         1898    i.LL_MSG_toRemote_pack  ll_msg_withremote.o
    0x00029340   0x00029340   0x00000ba8   Code   RO         1810    i.LL_MSG_withAPP__RX  ll_msg_withapp.o
    0x00029ee8   0x00029ee8   0x00000028   Code   RO         1811    i.LL_MSG_withAPP__TX  ll_msg_withapp.o
    0x00029f10   0x00029f10   0x00000128   Code   RO         1955    i.LL_MSG_withDevice  ll_msg_withdevice.o
    0x0002a038   0x0002a038   0x000000e0   Code   RO         1899    i.LL_MsgHandle_Helmet  ll_msg_withremote.o
    0x0002a118   0x0002a118   0x00000068   Code   RO          485    i.LL_PWM_DutySet    ll_pwm.o
    0x0002a180   0x0002a180   0x00000150   Code   RO          487    i.LL_PWM_Init       ll_pwm.o
    0x0002a2d0   0x0002a2d0   0x00000060   Code   RO          488    i.LL_PWM_OFF        ll_pwm.o
    0x0002a330   0x0002a330   0x00000080   Code   RO          489    i.LL_PWM_ON         ll_pwm.o
    0x0002a3b0   0x0002a3b0   0x00000028   Code   RO          490    i.LL_PWM_Sleep      ll_pwm.o
    0x0002a3d8   0x0002a3d8   0x0000001c   Code   RO          492    i.LL_PWM_isOFF      ll_pwm.o
    0x0002a3f4   0x0002a3f4   0x0000001c   Code   RO          493    i.LL_PWM_isON       ll_pwm.o
    0x0002a410   0x0002a410   0x00000030   Code   RO         2317    i.LL_Para__get_flashing_pattern  ll_para.o
    0x0002a440   0x0002a440   0x00000024   Code   RO         2318    i.LL_Para__set_flashing_pattern_fromApp  ll_para.o
    0x0002a464   0x0002a464   0x0000000c   Code   RO         2319    i.LL_Para__set_flashing_pattern_fromButtonSwitch  ll_para.o
    0x0002a470   0x0002a470   0x00000020   Code   RO         2320    i.LL_Para__set_flashing_pattern_fromSync  ll_para.o
    0x0002a490   0x0002a490   0x00000024   Code   RO         1210    i.LL_Para_load      ll_flash.o
    0x0002a4b4   0x0002a4b4   0x00000048   Code   RO         2321    i.LL_Para_store     ll_para.o
    0x0002a4fc   0x0002a4fc   0x00000084   Code   RO         2382    i.LL_Power_BeforeSleep  main.o
    0x0002a580   0x0002a580   0x00000004   Code   RO          167    i.LL_Power_Sleep    ll_power.o
    0x0002a584   0x0002a584   0x0000011c   Code   RO         1607    i.LL_Sync           ll_sync.o
    0x0002a6a0   0x0002a6a0   0x000000cc   Code   RO         2029    i.LL_Thread         ll_thread.o
    0x0002a76c   0x0002a76c   0x00000014   Code   RO         2030    i.LL_Thread__start  ll_thread.o
    0x0002a780   0x0002a780   0x0000000c   Code   RO          495    i.LL_WS2812_BufferInit  ll_pwm.o
    0x0002a78c   0x0002a78c   0x00000058   Code   RO         4413    i.POWER_CLOCK_IRQHandler  nrfx_clock.o
    0x0002a7e4   0x0002a7e4   0x00000010   Code   RO         5390    i.PWM0_IRQHandler   nrfx_pwm.o
    0x0002a7f4   0x0002a7f4   0x00000010   Code   RO         5391    i.PWM1_IRQHandler   nrfx_pwm.o
    0x0002a804   0x0002a804   0x00000010   Code   RO         5392    i.PWM2_IRQHandler   nrfx_pwm.o
    0x0002a814   0x0002a814   0x00000014   Code   RO          971    i.QDEC_IRQHandler   esb_timeslot.o
    0x0002a828   0x0002a828   0x0000005c   Code   RO         8593    i.RADIO_IRQHandler  nrf_esb.o
    0x0002a884   0x0002a884   0x00000010   Code   RO         6395    i.RTC1_IRQHandler   drv_rtc.o
    0x0002a894   0x0002a894   0x00000148   Code   RO         5244    i.SAADC_IRQHandler  nrfx_saadc.o
    0x0002a9dc   0x0002a9dc   0x00000058   Code   RO         8594    i.SWI0_EGU0_IRQHandler  nrf_esb.o
    0x0002aa34   0x0002aa34   0x00000004   Code   RO         8392    i.SWI2_EGU2_IRQHandler  nrf_sdh.o
    0x0002aa38   0x0002aa38   0x000002cc   Code   RO         8924    i.SystemInit        system_nrf52.o
    0x0002ad04   0x0002ad04   0x00000050   Code   RO         5512    i.TIMER1_IRQHandler  nrfx_timer.o
    0x0002ad54   0x0002ad54   0x0000002c   Code   RO         8595    i.TIMER3_IRQHandler  nrf_esb.o
    0x0002ad80   0x0002ad80   0x0000000e   Code   RO         1340    i.T_BatteryMeasure__ResetTempVar  ll_battery.o
    0x0002ad8e   0x0002ad8e   0x00000002   PAD
    0x0002ad90   0x0002ad90   0x00000030   Code   RO         1812    i.TxCurrentFlashModeToApp  ll_msg_withapp.o
    0x0002adc0   0x0002adc0   0x00000154   Code   RO         1813    i.TxFlashModeParaToApp  ll_msg_withapp.o
    0x0002af14   0x0002af14   0x0000001c   Code   RO         1814    i.TxFlashModeParaToApp__Start  ll_msg_withapp.o
    0x0002af30   0x0002af30   0x0000000c   Code   RO         4851    i.UARTE0_UART0_IRQHandler  nrfx_prs.o
    0x0002af3c   0x0002af3c   0x00000028   Code   RO         9158    i.__0sprintf$6      mc_w.l(printf6.o)
    0x0002af64   0x0002af64   0x0000001a   Code   RO         8596    i.__NVIC_ClearPendingIRQ  nrf_esb.o
    0x0002af7e   0x0002af7e   0x00000022   Code   RO         8597    i.__NVIC_DisableIRQ  nrf_esb.o
    0x0002afa0   0x0002afa0   0x0000001a   Code   RO         8598    i.__NVIC_EnableIRQ  nrf_esb.o
    0x0002afba   0x0002afba   0x0000001a   Code   RO         8599    i.__NVIC_SetPendingIRQ  nrf_esb.o
    0x0002afd4   0x0002afd4   0x00000020   Code   RO         8600    i.__NVIC_SetPriority  nrf_esb.o
    0x0002aff4   0x0002aff4   0x00000008   Code   RO         9280    i.__aeabi_errno_addr  mc_w.l(errno.o)
    0x0002affc   0x0002affc   0x0000000e   Code   RO         9340    i.__scatterload_copy  mc_w.l(handlers.o)
    0x0002b00a   0x0002b00a   0x00000002   Code   RO         9341    i.__scatterload_null  mc_w.l(handlers.o)
    0x0002b00c   0x0002b00c   0x0000000e   Code   RO         9342    i.__scatterload_zeroinit  mc_w.l(handlers.o)
    0x0002b01a   0x0002b01a   0x00000002   PAD
    0x0002b01c   0x0002b01c   0x00000024   Code   RO         8393    i.__sd_nvic_app_accessible_irq  nrf_sdh.o
    0x0002b040   0x0002b040   0x000002f0   Code   RO         9163    i._printf_core      mc_w.l(printf6.o)
    0x0002b330   0x0002b330   0x00000024   Code   RO         9164    i._printf_post_padding  mc_w.l(printf6.o)
    0x0002b354   0x0002b354   0x0000002e   Code   RO         9165    i._printf_pre_padding  mc_w.l(printf6.o)
    0x0002b382   0x0002b382   0x0000000a   Code   RO         9167    i._sputc            mc_w.l(printf6.o)
    0x0002b38c   0x0002b38c   0x0000000c   Code   RO         8601    i.addr_conv         nrf_esb.o
    0x0002b398   0x0002b398   0x0000000c   Code   RO         7825    i.addr_is_aligned32  nrf_fstorage.o
    0x0002b3a4   0x0002b3a4   0x00000018   Code   RO         7826    i.addr_is_within_bounds  nrf_fstorage.o
    0x0002b3bc   0x0002b3bc   0x00000010   Code   RO         3024    i.adv_set_data_size_max_get  ble_advertising.o
    0x0002b3cc   0x0002b3cc   0x00000036   Code   RO         2811    i.advertising_buttons_configure  bsp_btn_ble.o
    0x0002b402   0x0002b402   0x00000002   PAD
    0x0002b404   0x0002b404   0x00000078   Code   RO         2383    i.advertising_init  main.o
    0x0002b47c   0x0002b47c   0x00000018   Code   RO         5966    i.app_error_fault_handler  app_error_weak.o
    0x0002b494   0x0002b494   0x00000064   Code   RO         5911    i.app_error_save_and_stop  app_error.o
    0x0002b4f8   0x0002b4f8   0x0000003c   Code   RO         7365    i.app_pwm_busy_check  app_pwm.o
    0x0002b534   0x0002b534   0x00000014   Code   RO         7367    i.app_pwm_channel_duty_set  app_pwm.o
    0x0002b548   0x0002b548   0x00000078   Code   RO         7369    i.app_pwm_channel_duty_ticks_set  app_pwm.o
    0x0002b5c0   0x0002b5c0   0x000000f8   Code   RO         7370    i.app_pwm_channel_init  app_pwm.o
    0x0002b6b8   0x0002b6b8   0x00000078   Code   RO         7372    i.app_pwm_disable   app_pwm.o
    0x0002b730   0x0002b730   0x00000078   Code   RO         7373    i.app_pwm_enable    app_pwm.o
    0x0002b7a8   0x0002b7a8   0x00000194   Code   RO         7374    i.app_pwm_init      app_pwm.o
    0x0002b93c   0x0002b93c   0x0000002a   Code   RO         7375    i.app_pwm_uninit    app_pwm.o
    0x0002b966   0x0002b966   0x00000004   Code   RO         2384    i.app_shutdown_handler  main.o
    0x0002b96a   0x0002b96a   0x00000002   PAD
    0x0002b96c   0x0002b96c   0x0000000c   Code   RO         6115    i.app_timer_cnt_get  app_timer2.o
    0x0002b978   0x0002b978   0x00000020   Code   RO         6116    i.app_timer_create  app_timer2.o
    0x0002b998   0x0002b998   0x0000005c   Code   RO         6117    i.app_timer_init    app_timer2.o
    0x0002b9f4   0x0002b9f4   0x00000054   Code   RO         6120    i.app_timer_start   app_timer2.o
    0x0002ba48   0x0002ba48   0x00000044   Code   RO         6121    i.app_timer_stop    app_timer2.o
    0x0002ba8c   0x0002ba8c   0x00000048   Code   RO         6327    i.app_util_critical_region_enter  app_util_platform.o
    0x0002bad4   0x0002bad4   0x00000034   Code   RO         6328    i.app_util_critical_region_exit  app_util_platform.o
    0x0002bb08   0x0002bb08   0x000000c8   Code   RO         8602    i.apply_address_workarounds  nrf_esb.o
    0x0002bbd0   0x0002bbd0   0x0000000c   Code   RO         5638    i.are_app_channels  nrfx_ppi.o
    0x0002bbdc   0x0002bbdc   0x0000009c   Code   RO         4015    i.battery_level_char_add  ble_bas.o
    0x0002bc78   0x0002bc78   0x00000078   Code   RO         2386    i.battery_level_update  main.o
    0x0002bcf0   0x0002bcf0   0x0000000a   Code   RO         4016    i.battery_notification_send  ble_bas.o
    0x0002bcfa   0x0002bcfa   0x00000048   Code   RO         3376    i.blcm_link_ctx_get  ble_link_ctx_manager.o
    0x0002bd42   0x0002bd42   0x00000182   Code   RO         2912    i.ble_advdata_encode  ble_advdata.o
    0x0002bec4   0x0002bec4   0x00000044   Code   RO         2913    i.ble_advdata_name_find  ble_advdata.o
    0x0002bf08   0x0002bf08   0x00000020   Code   RO         2914    i.ble_advdata_parse  ble_advdata.o
    0x0002bf28   0x0002bf28   0x00000046   Code   RO         2915    i.ble_advdata_search  ble_advdata.o
    0x0002bf6e   0x0002bf6e   0x000000b6   Code   RO         2917    i.ble_advdata_uuid_find  ble_advdata.o
    0x0002c024   0x0002c024   0x000000a0   Code   RO         3025    i.ble_advertising_advdata_update  ble_advertising.o
    0x0002c0c4   0x0002c0c4   0x00000006   Code   RO         3026    i.ble_advertising_conn_cfg_tag_set  ble_advertising.o
    0x0002c0ca   0x0002c0ca   0x000000f8   Code   RO         3027    i.ble_advertising_init  ble_advertising.o
    0x0002c1c2   0x0002c1c2   0x00000008   Code   RO         3028    i.ble_advertising_modes_config_set  ble_advertising.o
    0x0002c1ca   0x0002c1ca   0x0000006a   Code   RO         3029    i.ble_advertising_on_ble_evt  ble_advertising.o
    0x0002c234   0x0002c234   0x0000023c   Code   RO         3032    i.ble_advertising_start  ble_advertising.o
    0x0002c470   0x0002c470   0x000000c0   Code   RO         4017    i.ble_bas_battery_level_update  ble_bas.o
    0x0002c530   0x0002c530   0x0000003e   Code   RO         4019    i.ble_bas_init      ble_bas.o
    0x0002c56e   0x0002c56e   0x00000052   Code   RO         4020    i.ble_bas_on_ble_evt  ble_bas.o
    0x0002c5c0   0x0002c5c0   0x00000068   Code   RO         3126    i.ble_conn_params_init  ble_conn_params.o
    0x0002c628   0x0002c628   0x0000000c   Code   RO         3207    i.ble_conn_state_conn_handles  ble_conn_state.o
    0x0002c634   0x0002c634   0x00000012   Code   RO         3208    i.ble_conn_state_conn_idx  ble_conn_state.o
    0x0002c646   0x0002c646   0x00000002   PAD
    0x0002c648   0x0002c648   0x00000014   Code   RO         3210    i.ble_conn_state_for_each_connected  ble_conn_state.o
    0x0002c65c   0x0002c65c   0x00000024   Code   RO         3218    i.ble_conn_state_status  ble_conn_state.o
    0x0002c680   0x0002c680   0x00000014   Code   RO         3222    i.ble_conn_state_valid  ble_conn_state.o
    0x0002c694   0x0002c694   0x00000060   Code   RO         2918    i.ble_device_addr_encode  ble_advdata.o
    0x0002c6f4   0x0002c6f4   0x00000024   Code   RO         3891    i.ble_dfu_buttonless_async_svci_init  ble_dfu_unbonded.o
    0x0002c718   0x0002c718   0x00000014   Code   RO         3892    i.ble_dfu_buttonless_backend_init  ble_dfu_unbonded.o
    0x0002c72c   0x0002c72c   0x0000002c   Code   RO         3795    i.ble_dfu_buttonless_bootloader_start_finalize  ble_dfu.o
    0x0002c758   0x0002c758   0x00000018   Code   RO         3893    i.ble_dfu_buttonless_bootloader_start_prepare  ble_dfu_unbonded.o
    0x0002c770   0x0002c770   0x00000050   Code   RO         3894    i.ble_dfu_buttonless_char_add  ble_dfu_unbonded.o
    0x0002c7c0   0x0002c7c0   0x00000070   Code   RO         3796    i.ble_dfu_buttonless_init  ble_dfu.o
    0x0002c830   0x0002c830   0x0000008c   Code   RO         3797    i.ble_dfu_buttonless_on_ble_evt  ble_dfu.o
    0x0002c8bc   0x0002c8bc   0x000000b8   Code   RO         3895    i.ble_dfu_buttonless_on_ctrl_pt_write  ble_dfu_unbonded.o
    0x0002c974   0x0002c974   0x00000060   Code   RO         3896    i.ble_dfu_buttonless_on_sys_evt  ble_dfu_unbonded.o
    0x0002c9d4   0x0002c9d4   0x00000054   Code   RO         3798    i.ble_dfu_buttonless_resp_send  ble_dfu.o
    0x0002ca28   0x0002ca28   0x0000004c   Code   RO         2387    i.ble_dfu_evt_handler  main.o
    0x0002ca74   0x0002ca74   0x0000013c   Code   RO         3974    i.ble_dis_init      ble_dis.o
    0x0002cbb0   0x0002cbb0   0x000000e8   Code   RO         2388    i.ble_evt_handler   main.o
    0x0002cc98   0x0002cc98   0x00000070   Code   RO         2812    i.ble_evt_handler   bsp_btn_ble.o
    0x0002cd08   0x0002cd08   0x000000fc   Code   RO         3128    i.ble_evt_handler   ble_conn_params.o
    0x0002ce04   0x0002ce04   0x00000158   Code   RO         3223    i.ble_evt_handler   ble_conn_state.o
    0x0002cf5c   0x0002cf5c   0x00000066   Code   RO         3705    i.ble_nus_data_send  ble_nus.o
    0x0002cfc2   0x0002cfc2   0x00000002   PAD
    0x0002cfc4   0x0002cfc4   0x000000d4   Code   RO         3706    i.ble_nus_init      ble_nus.o
    0x0002d098   0x0002d098   0x00000076   Code   RO         3707    i.ble_nus_on_ble_evt  ble_nus.o
    0x0002d10e   0x0002d10e   0x00000012   Code   RO         3400    i.ble_srv_ascii_to_utf8  ble_srv_common.o
    0x0002d120   0x0002d120   0x00000008   Code   RO         3401    i.ble_srv_is_indication_enabled  ble_srv_common.o
    0x0002d128   0x0002d128   0x00000008   Code   RO         3402    i.ble_srv_is_notification_enabled  ble_srv_common.o
    0x0002d130   0x0002d130   0x0000000c   Code   RO         3403    i.ble_srv_report_ref_encode  ble_srv_common.o
    0x0002d13c   0x0002d13c   0x00000044   Code   RO         2389    i.ble_stack_init    main.o
    0x0002d180   0x0002d180   0x00000044   Code   RO         2699    i.bsp_event_to_button_action_assign  bsp.o
    0x0002d1c4   0x0002d1c4   0x00000018   Code   RO         2390    i.buttonless_dfu_sdh_state_observer  main.o
    0x0002d1dc   0x0002d1dc   0x0000000a   Code   RO         8603    i.bytewise_bit_swap  nrf_esb.o
    0x0002d1e6   0x0002d1e6   0x00000002   PAD
    0x0002d1e8   0x0002d1e8   0x0000001c   Code   RO         4550    i.channel_free      nrfx_gpiote.o
    0x0002d204   0x0002d204   0x00000048   Code   RO         4551    i.channel_port_alloc  nrfx_gpiote.o
    0x0002d24c   0x0002d24c   0x00000010   Code   RO         4552    i.channel_port_get  nrfx_gpiote.o
    0x0002d25c   0x0002d25c   0x000000a8   Code   RO         3975    i.char_add          ble_dis.o
    0x0002d304   0x0002d304   0x00000190   Code   RO         3404    i.characteristic_add  ble_srv_common.o
    0x0002d494   0x0002d494   0x00000054   Code   RO         8604    i.clear_events_restart_rx  nrf_esb.o
    0x0002d4e8   0x0002d4e8   0x00000028   Code   RO         2391    i.clock1ms_timeout_handler  main.o
    0x0002d510   0x0002d510   0x00000028   Code   RO         4071    i.clock_clk_started_notify  nrf_drv_clock.o
    0x0002d538   0x0002d538   0x0000001c   Code   RO         4072    i.clock_irq_handler  nrf_drv_clock.o
    0x0002d554   0x0002d554   0x00000018   Code   RO         6123    i.compare_func      app_timer2.o
    0x0002d56c   0x0002d56c   0x00000066   Code   RO         5393    i.configure_pins    nrfx_pwm.o
    0x0002d5d2   0x0002d5d2   0x0000003e   Code   RO         3224    i.conn_handle_list_get  ble_conn_state.o
    0x0002d610   0x0002d610   0x00000088   Code   RO         2919    i.conn_int_encode   ble_advdata.o
    0x0002d698   0x0002d698   0x0000001c   Code   RO         2392    i.conn_params_error_handler  main.o
    0x0002d6b4   0x0002d6b4   0x00000048   Code   RO         3129    i.conn_params_negotiation  ble_conn_params.o
    0x0002d6fc   0x0002d6fc   0x00000036   Code   RO         8023    i.crc16_compute     crc16.o
    0x0002d732   0x0002d732   0x0000001e   Code   RO         3459    i.data_length_update  nrf_ble_gatt.o
    0x0002d750   0x0002d750   0x0000008c   Code   RO         7500    i.delete_execute    fds.o
    0x0002d7dc   0x0002d7dc   0x000000aa   Code   RO         3405    i.descriptor_add    ble_srv_common.o
    0x0002d886   0x0002d886   0x00000006   Code   RO         2393    i.disconnect        main.o
    0x0002d88c   0x0002d88c   0x00000014   Code   RO         6396    i.drv_rtc_compare_disable  drv_rtc.o
    0x0002d8a0   0x0002d8a0   0x0000000e   Code   RO         6399    i.drv_rtc_compare_pending  drv_rtc.o
    0x0002d8ae   0x0002d8ae   0x00000050   Code   RO         6400    i.drv_rtc_compare_set  drv_rtc.o
    0x0002d8fe   0x0002d8fe   0x00000008   Code   RO         6401    i.drv_rtc_counter_get  drv_rtc.o
    0x0002d906   0x0002d906   0x00000002   PAD
    0x0002d908   0x0002d908   0x0000007c   Code   RO         6402    i.drv_rtc_init      drv_rtc.o
    0x0002d984   0x0002d984   0x0000001e   Code   RO         6403    i.drv_rtc_irq_trigger  drv_rtc.o
    0x0002d9a2   0x0002d9a2   0x00000008   Code   RO         6405    i.drv_rtc_overflow_enable  drv_rtc.o
    0x0002d9aa   0x0002d9aa   0x00000008   Code   RO         6406    i.drv_rtc_overflow_pending  drv_rtc.o
    0x0002d9b2   0x0002d9b2   0x00000008   Code   RO         6407    i.drv_rtc_start     drv_rtc.o
    0x0002d9ba   0x0002d9ba   0x00000008   Code   RO         6408    i.drv_rtc_stop      drv_rtc.o
    0x0002d9c2   0x0002d9c2   0x000000de   Code   RO         6413    i.drv_rtc_windowed_compare_set  drv_rtc.o
    0x0002daa0   0x0002daa0   0x00000002   Code   RO         3799    i.dummy_evt_handler  ble_dfu.o
    0x0002daa2   0x0002daa2   0x00000002   PAD
    0x0002daa4   0x0002daa4   0x0000004c   Code   RO         7911    i.erase             nrf_fstorage_sd.o
    0x0002daf0   0x0002daf0   0x000000b8   Code   RO          977    i.esb_start_PRX     esb_timeslot.o
    0x0002dba8   0x0002dba8   0x000000b4   Code   RO          978    i.esb_start_PTX     esb_timeslot.o
    0x0002dc5c   0x0002dc5c   0x00000074   Code   RO         7501    i.event_prepare     fds.o
    0x0002dcd0   0x0002dcd0   0x00000020   Code   RO         7502    i.event_send        fds.o
    0x0002dcf0   0x0002dcf0   0x00000054   Code   RO         7912    i.event_send        nrf_fstorage_sd.o
    0x0002dd44   0x0002dd44   0x00000012   Code   RO         6414    i.evt_enable        drv_rtc.o
    0x0002dd56   0x0002dd56   0x00000014   Code   RO         6415    i.evt_pending       drv_rtc.o
    0x0002dd6a   0x0002dd6a   0x00000002   PAD
    0x0002dd6c   0x0002dd6c   0x00000038   Code   RO         1211    i.fds_evt_handler   ll_flash.o
    0x0002dda4   0x0002dda4   0x00000040   Code   RO         7505    i.fds_gc            fds.o
    0x0002dde4   0x0002dde4   0x000000e8   Code   RO         7506    i.fds_init          fds.o
    0x0002decc   0x0002decc   0x00000048   Code   RO         7507    i.fds_record_close  fds.o
    0x0002df14   0x0002df14   0x00000044   Code   RO         7508    i.fds_record_delete  fds.o
    0x0002df58   0x0002df58   0x0000000e   Code   RO         7509    i.fds_record_find   fds.o
    0x0002df66   0x0002df66   0x00000002   PAD
    0x0002df68   0x0002df68   0x00000080   Code   RO         7514    i.fds_record_open   fds.o
    0x0002dfe8   0x0002dfe8   0x00000010   Code   RO         7515    i.fds_record_update  fds.o
    0x0002dff8   0x0002dff8   0x00000008   Code   RO         7516    i.fds_record_write  fds.o
    0x0002e000   0x0002e000   0x00000030   Code   RO         7518    i.fds_register      fds.o
    0x0002e030   0x0002e030   0x000000a0   Code   RO         7521    i.fds_stat          fds.o
    0x0002e0d0   0x0002e0d0   0x0000000a   Code   RO         3225    i.flag_toggle       ble_conn_state.o
    0x0002e0da   0x0002e0da   0x00000028   Code   RO         3034    i.flags_set         ble_advertising.o
    0x0002e102   0x0002e102   0x00000030   Code   RO         3226    i.for_each_set_flag  ble_conn_state.o
    0x0002e132   0x0002e132   0x00000006   Code   RO         7522    i.fs_event_handler  fds.o
    0x0002e138   0x0002e138   0x00000068   Code   RO         2394    i.gap_params_init   main.o
    0x0002e1a0   0x0002e1a0   0x00000020   Code   RO         2395    i.gatt_evt_handler  main.o
    0x0002e1c0   0x0002e1c0   0x0000004c   Code   RO         2396    i.gatt_init         main.o
    0x0002e20c   0x0002e20c   0x00000080   Code   RO         7523    i.gc_execute        fds.o
    0x0002e28c   0x0002e28c   0x0000004c   Code   RO         7524    i.gc_next_page      fds.o
    0x0002e2d8   0x0002e2d8   0x00000040   Code   RO         7525    i.gc_page_erase     fds.o
    0x0002e318   0x0002e318   0x00000034   Code   RO         7526    i.gc_record_copy    fds.o
    0x0002e34c   0x0002e34c   0x00000024   Code   RO         7527    i.gc_record_find_next  fds.o
    0x0002e370   0x0002e370   0x00000070   Code   RO         7528    i.gc_state_advance  fds.o
    0x0002e3e0   0x0002e3e0   0x00000030   Code   RO         7529    i.gc_swap_pages     fds.o
    0x0002e410   0x0002e410   0x0000004c   Code   RO          496    i.get_a_safe_duty   ll_pwm.o
    0x0002e45c   0x0002e45c   0x00000034   Code   RO         6124    i.get_now           app_timer2.o
    0x0002e490   0x0002e490   0x00000010   Code   RO         1816    i.handle_turning_braking  ll_msg_withapp.o
    0x0002e4a0   0x0002e4a0   0x0000002c   Code   RO         7530    i.header_check      fds.o
    0x0002e4cc   0x0002e4cc   0x00000012   Code   RO         7531    i.header_has_next   fds.o
    0x0002e4de   0x0002e4de   0x00000002   PAD
    0x0002e4e0   0x0002e4e0   0x00000034   Code   RO         7913    i.init              nrf_fstorage_sd.o
    0x0002e514   0x0002e514   0x000000c4   Code   RO         7532    i.init_execute      fds.o
    0x0002e5d8   0x0002e5d8   0x00000088   Code   RO         8605    i.initialize_fifos  nrf_esb.o
    0x0002e660   0x0002e660   0x00000014   Code   RO         3130    i.instance_get      ble_conn_params.o
    0x0002e674   0x0002e674   0x0000009c   Code   RO         5394    i.irq_handler       nrfx_pwm.o
    0x0002e710   0x0002e710   0x00000018   Code   RO         5639    i.is_allocated_channel  nrfx_ppi.o
    0x0002e728   0x0002e728   0x0000000a   Code   RO         5641    i.is_app_channel    nrfx_ppi.o
    0x0002e732   0x0002e732   0x00000002   PAD
    0x0002e734   0x0002e734   0x00000010   Code   RO         7914    i.is_busy           nrf_fstorage_sd.o
    0x0002e744   0x0002e744   0x00000044   Code   RO         3131    i.is_conn_params_ok  ble_conn_params.o
    0x0002e788   0x0002e788   0x0000000c   Code   RO         5643    i.is_programmable_app_channel  nrfx_ppi.o
    0x0002e794   0x0002e794   0x00000018   Code   RO         3590    i.is_whitelist_used  nrf_ble_scan.o
    0x0002e7ac   0x0002e7ac   0x0000000c   Code   RO         7533    i.is_word_aligned   fds.o
    0x0002e7b8   0x0002e7b8   0x00000018   Code   RO         3460    i.link_init         nrf_ble_gatt.o
    0x0002e7d0   0x0002e7d0   0x00000268   Code   RO         2397    i.main              main.o
    0x0002ea38   0x0002ea38   0x00000064   Code   RO         2920    i.manuf_specific_data_encode  ble_advdata.o
    0x0002ea9c   0x0002ea9c   0x000000a6   Code   RO         2921    i.name_encode       ble_advdata.o
    0x0002eb42   0x0002eb42   0x00000010   Code   RO         6604    i.nrf_atfifo_clear  nrf_atfifo.o
    0x0002eb52   0x0002eb52   0x00000026   Code   RO         6606    i.nrf_atfifo_init   nrf_atfifo.o
    0x0002eb78   0x0002eb78   0x00000016   Code   RO         6607    i.nrf_atfifo_item_alloc  nrf_atfifo.o
    0x0002eb8e   0x0002eb8e   0x00000016   Code   RO         6608    i.nrf_atfifo_item_free  nrf_atfifo.o
    0x0002eba4   0x0002eba4   0x00000016   Code   RO         6609    i.nrf_atfifo_item_get  nrf_atfifo.o
    0x0002ebba   0x0002ebba   0x00000016   Code   RO         6610    i.nrf_atfifo_item_put  nrf_atfifo.o
    0x0002ebd0   0x0002ebd0   0x00000016   Code   RO         6672    i.nrf_atflags_clear  nrf_atflags.o
    0x0002ebe6   0x0002ebe6   0x00000016   Code   RO         6677    i.nrf_atflags_get   nrf_atflags.o
    0x0002ebfc   0x0002ebfc   0x00000014   Code   RO         6679    i.nrf_atflags_set   nrf_atflags.o
    0x0002ec10   0x0002ec10   0x00000006   Code   RO         6742    i.nrf_atomic_flag_set_fetch  nrf_atomic.o
    0x0002ec16   0x0002ec16   0x0000000c   Code   RO         6743    i.nrf_atomic_u32_add  nrf_atomic.o
    0x0002ec22   0x0002ec22   0x0000000c   Code   RO         6744    i.nrf_atomic_u32_and  nrf_atomic.o
    0x0002ec2e   0x0002ec2e   0x0000000a   Code   RO         6746    i.nrf_atomic_u32_fetch_add  nrf_atomic.o
    0x0002ec38   0x0002ec38   0x0000000a   Code   RO         6748    i.nrf_atomic_u32_fetch_or  nrf_atomic.o
    0x0002ec42   0x0002ec42   0x0000000a   Code   RO         6749    i.nrf_atomic_u32_fetch_store  nrf_atomic.o
    0x0002ec4c   0x0002ec4c   0x0000000c   Code   RO         6753    i.nrf_atomic_u32_or  nrf_atomic.o
    0x0002ec58   0x0002ec58   0x0000000c   Code   RO         6755    i.nrf_atomic_u32_sub  nrf_atomic.o
    0x0002ec64   0x0002ec64   0x00000010   Code   RO         4553    i.nrf_bitmask_bit_is_set  nrfx_gpiote.o
    0x0002ec74   0x0002ec74   0x00000018   Code   RO         3462    i.nrf_ble_gatt_att_mtu_periph_set  nrf_ble_gatt.o
    0x0002ec8c   0x0002ec8c   0x00000022   Code   RO         3466    i.nrf_ble_gatt_init  nrf_ble_gatt.o
    0x0002ecae   0x0002ecae   0x00000002   PAD
    0x0002ecb0   0x0002ecb0   0x00000174   Code   RO         3467    i.nrf_ble_gatt_on_ble_evt  nrf_ble_gatt.o
    0x0002ee24   0x0002ee24   0x00000016   Code   RO         3549    i.nrf_ble_qwr_conn_handle_assign  nrf_ble_qwr.o
    0x0002ee3a   0x0002ee3a   0x00000024   Code   RO         3550    i.nrf_ble_qwr_init  nrf_ble_qwr.o
    0x0002ee5e   0x0002ee5e   0x000000b6   Code   RO         3551    i.nrf_ble_qwr_on_ble_evt  nrf_ble_qwr.o
    0x0002ef14   0x0002ef14   0x00000050   Code   RO         3592    i.nrf_ble_scan_connect_with_target  nrf_ble_scan.o
    0x0002ef64   0x0002ef64   0x00000014   Code   RO         3594    i.nrf_ble_scan_default_conn_param_set  nrf_ble_scan.o
    0x0002ef78   0x0002ef78   0x00000020   Code   RO         3595    i.nrf_ble_scan_default_param_set  nrf_ble_scan.o
    0x0002ef98   0x0002ef98   0x000000a6   Code   RO         3597    i.nrf_ble_scan_filter_set  nrf_ble_scan.o
    0x0002f03e   0x0002f03e   0x00000014   Code   RO         3598    i.nrf_ble_scan_filters_disable  nrf_ble_scan.o
    0x0002f052   0x0002f052   0x00000046   Code   RO         3599    i.nrf_ble_scan_filters_enable  nrf_ble_scan.o
    0x0002f098   0x0002f098   0x00000072   Code   RO         3600    i.nrf_ble_scan_init  nrf_ble_scan.o
    0x0002f10a   0x0002f10a   0x0000014a   Code   RO         3601    i.nrf_ble_scan_on_adv_report  nrf_ble_scan.o
    0x0002f254   0x0002f254   0x0000008c   Code   RO         3602    i.nrf_ble_scan_on_ble_evt  nrf_ble_scan.o
    0x0002f2e0   0x0002f2e0   0x00000044   Code   RO         3604    i.nrf_ble_scan_start  nrf_ble_scan.o
    0x0002f324   0x0002f324   0x0000000e   Code   RO         4414    i.nrf_clock_event_check  nrfx_clock.o
    0x0002f332   0x0002f332   0x00000010   Code   RO         4415    i.nrf_clock_event_clear  nrfx_clock.o
    0x0002f342   0x0002f342   0x00000002   PAD
    0x0002f344   0x0002f344   0x00000020   Code   RO          355    i.nrf_delay_ms      ll_gpio.o
    0x0002f364   0x0002f364   0x00000020   Code   RO         1212    i.nrf_delay_ms      ll_flash.o
    0x0002f384   0x0002f384   0x0000001c   Code   RO         3759    i.nrf_dfu_svci_vector_table_set  nrf_dfu_svci.o
    0x0002f3a0   0x0002f3a0   0x0000000c   Code   RO         3760    i.nrf_dfu_svci_vector_table_unset  nrf_dfu_svci.o
    0x0002f3ac   0x0002f3ac   0x00000040   Code   RO         4079    i.nrf_drv_clock_init  nrf_drv_clock.o
    0x0002f3ec   0x0002f3ec   0x00000034   Code   RO         4083    i.nrf_drv_clock_lfclk_release  nrf_drv_clock.o
    0x0002f420   0x0002f420   0x00000018   Code   RO         5788    i.nrf_drv_ppi_init  nrf_drv_ppi.o
    0x0002f438   0x0002f438   0x00000044   Code   RO         8606    i.nrf_esb_disable   nrf_esb.o
    0x0002f47c   0x0002f47c   0x00000128   Code   RO         8611    i.nrf_esb_init      nrf_esb.o
    0x0002f5a4   0x0002f5a4   0x00000088   Code   RO         8614    i.nrf_esb_read_rx_payload  nrf_esb.o
    0x0002f62c   0x0002f62c   0x00000070   Code   RO         8617    i.nrf_esb_set_base_address_0  nrf_esb.o
    0x0002f69c   0x0002f69c   0x0000009c   Code   RO         8618    i.nrf_esb_set_base_address_1  nrf_esb.o
    0x0002f738   0x0002f738   0x0000009c   Code   RO         8620    i.nrf_esb_set_prefixes  nrf_esb.o
    0x0002f7d4   0x0002f7d4   0x00000020   Code   RO         8623    i.nrf_esb_set_rf_channel  nrf_esb.o
    0x0002f7f4   0x0002f7f4   0x00000044   Code   RO         8625    i.nrf_esb_skip_tx   nrf_esb.o
    0x0002f838   0x0002f838   0x00000080   Code   RO         8626    i.nrf_esb_start_rx  nrf_esb.o
    0x0002f8b8   0x0002f8b8   0x00000044   Code   RO         8628    i.nrf_esb_stop_rx   nrf_esb.o
    0x0002f8fc   0x0002f8fc   0x00000130   Code   RO         8631    i.nrf_esb_write_payload  nrf_esb.o
    0x0002fa2c   0x0002fa2c   0x00000064   Code   RO          983    i.nrf_evt_signal_handler  esb_timeslot.o
    0x0002fa90   0x0002fa90   0x0000004e   Code   RO         7827    i.nrf_fstorage_erase  nrf_fstorage.o
    0x0002fade   0x0002fade   0x00000010   Code   RO         7828    i.nrf_fstorage_init  nrf_fstorage.o
    0x0002faee   0x0002faee   0x00000002   PAD
    0x0002faf0   0x0002faf0   0x00000018   Code   RO         7915    i.nrf_fstorage_sdh_req_handler  nrf_fstorage_sd.o
    0x0002fb08   0x0002fb08   0x00000020   Code   RO         7916    i.nrf_fstorage_sdh_state_handler  nrf_fstorage_sd.o
    0x0002fb28   0x0002fb28   0x000000a4   Code   RO         7917    i.nrf_fstorage_sys_evt_handler  nrf_fstorage_sd.o
    0x0002fbcc   0x0002fbcc   0x00000066   Code   RO         7834    i.nrf_fstorage_write  nrf_fstorage.o
    0x0002fc32   0x0002fc32   0x00000024   Code   RO          356    i.nrf_gpio_cfg      ll_gpio.o
    0x0002fc56   0x0002fc56   0x00000024   Code   RO         4554    i.nrf_gpio_cfg      nrfx_gpiote.o
    0x0002fc7a   0x0002fc7a   0x00000012   Code   RO         4555    i.nrf_gpio_cfg_default  nrfx_gpiote.o
    0x0002fc8c   0x0002fc8c   0x00000014   Code   RO          357    i.nrf_gpio_cfg_sense_input  ll_gpio.o
    0x0002fca0   0x0002fca0   0x00000022   Code   RO         4556    i.nrf_gpio_cfg_sense_set  nrfx_gpiote.o
    0x0002fcc2   0x0002fcc2   0x00000002   PAD
    0x0002fcc4   0x0002fcc4   0x0000002c   Code   RO         4557    i.nrf_gpio_latches_read_and_clear  nrfx_gpiote.o
    0x0002fcf0   0x0002fcf0   0x0000001e   Code   RO         4558    i.nrf_gpio_pin_present_check  nrfx_gpiote.o
    0x0002fd0e   0x0002fd0e   0x00000002   PAD
    0x0002fd10   0x0002fd10   0x00000014   Code   RO         4559    i.nrf_gpiote_event_clear  nrfx_gpiote.o
    0x0002fd24   0x0002fd24   0x00000010   Code   RO         4560    i.nrf_gpiote_event_is_set  nrfx_gpiote.o
    0x0002fd34   0x0002fd34   0x0000000a   Code   RO         5395    i.nrf_pwm_event_check  nrfx_pwm.o
    0x0002fd3e   0x0002fd3e   0x0000000c   Code   RO         5396    i.nrf_pwm_event_clear  nrfx_pwm.o
    0x0002fd4a   0x0002fd4a   0x0000001e   Code   RO         5397    i.nrf_pwm_sequence_set  nrfx_pwm.o
    0x0002fd68   0x0002fd68   0x0000003c   Code   RO         7077    i.nrf_pwr_mgmt_shutdown  nrf_pwr_mgmt.o
    0x0002fda4   0x0002fda4   0x0000001c   Code   RO         2398    i.nrf_qwr_error_handler  main.o
    0x0002fdc0   0x0002fdc0   0x0000000c   Code   RO         6416    i.nrf_rtc_event_clear  drv_rtc.o
    0x0002fdcc   0x0002fdcc   0x00000010   Code   RO         5245    i.nrf_saadc_buffer_init  nrfx_saadc.o
    0x0002fddc   0x0002fddc   0x00000014   Code   RO         5246    i.nrf_saadc_channel_input_set  nrfx_saadc.o
    0x0002fdf0   0x0002fdf0   0x00000010   Code   RO         5247    i.nrf_saadc_event_check  nrfx_saadc.o
    0x0002fe00   0x0002fe00   0x00000014   Code   RO         5248    i.nrf_saadc_event_clear  nrfx_saadc.o
    0x0002fe14   0x0002fe14   0x00000014   Code   RO         8510    i.nrf_sdh_ble_app_ram_start_get  nrf_sdh_ble.o
    0x0002fe28   0x0002fe28   0x0000009e   Code   RO         8511    i.nrf_sdh_ble_default_cfg_set  nrf_sdh_ble.o
    0x0002fec6   0x0002fec6   0x00000002   PAD
    0x0002fec8   0x0002fec8   0x00000014   Code   RO         8512    i.nrf_sdh_ble_enable  nrf_sdh_ble.o
    0x0002fedc   0x0002fedc   0x000000a8   Code   RO         8513    i.nrf_sdh_ble_evts_poll  nrf_sdh_ble.o
    0x0002ff84   0x0002ff84   0x00000054   Code   RO         8394    i.nrf_sdh_disable_request  nrf_sdh.o
    0x0002ffd8   0x0002ffd8   0x00000074   Code   RO         8395    i.nrf_sdh_enable_request  nrf_sdh.o
    0x0003004c   0x0003004c   0x00000024   Code   RO         8396    i.nrf_sdh_evts_poll  nrf_sdh.o
    0x00030070   0x00030070   0x0000000c   Code   RO         8397    i.nrf_sdh_is_enabled  nrf_sdh.o
    0x0003007c   0x0003007c   0x0000001c   Code   RO         8399    i.nrf_sdh_request_continue  nrf_sdh.o
    0x00030098   0x00030098   0x00000080   Code   RO         8561    i.nrf_sdh_soc_evts_poll  nrf_sdh_soc.o
    0x00030118   0x00030118   0x0000000a   Code   RO         7207    i.nrf_section_iter_init  nrf_section_iter.o
    0x00030122   0x00030122   0x00000024   Code   RO         7208    i.nrf_section_iter_item_set  nrf_section_iter.o
    0x00030146   0x00030146   0x00000020   Code   RO         7209    i.nrf_section_iter_next  nrf_section_iter.o
    0x00030166   0x00030166   0x00000022   Code   RO         7242    i.nrf_sortlist_add  nrf_sortlist.o
    0x00030188   0x00030188   0x00000006   Code   RO         7244    i.nrf_sortlist_peek  nrf_sortlist.o
    0x0003018e   0x0003018e   0x0000000e   Code   RO         7245    i.nrf_sortlist_pop  nrf_sortlist.o
    0x0003019c   0x0003019c   0x0000001e   Code   RO         7246    i.nrf_sortlist_remove  nrf_sortlist.o
    0x000301ba   0x000301ba   0x0000000c   Code   RO         5513    i.nrf_timer_event_clear  nrfx_timer.o
    0x000301c6   0x000301c6   0x00000002   PAD
    0x000301c8   0x000301c8   0x00000010   Code   RO         4086    i.nrf_wdt_started   nrf_drv_clock.o
    0x000301d8   0x000301d8   0x0000002c   Code   RO         4420    i.nrfx_clock_enable  nrfx_clock.o
    0x00030204   0x00030204   0x00000020   Code   RO         4423    i.nrfx_clock_init   nrfx_clock.o
    0x00030224   0x00030224   0x00000030   Code   RO         4426    i.nrfx_clock_lfclk_stop  nrfx_clock.o
    0x00030254   0x00030254   0x00000010   Code   RO         1608    i.nrfx_coredep_delay_us  ll_sync.o
    0x00030264   0x00030264   0x00000010   Code   RO         6417    i.nrfx_coredep_delay_us  drv_rtc.o
    0x00030274   0x00030274   0x00000010   Code   RO         4561    i.nrfx_gpiote_clr_task_addr_get  nrfx_gpiote.o
    0x00030284   0x00030284   0x00000010   Code   RO         4562    i.nrfx_gpiote_clr_task_get  nrfx_gpiote.o
    0x00030294   0x00030294   0x00000074   Code   RO         4571    i.nrfx_gpiote_init  nrfx_gpiote.o
    0x00030308   0x00030308   0x00000014   Code   RO         4572    i.nrfx_gpiote_is_init  nrfx_gpiote.o
    0x0003031c   0x0003031c   0x000000bc   Code   RO         4574    i.nrfx_gpiote_out_init  nrfx_gpiote.o
    0x000303d8   0x000303d8   0x00000024   Code   RO         4577    i.nrfx_gpiote_out_task_disable  nrfx_gpiote.o
    0x000303fc   0x000303fc   0x00000024   Code   RO         4578    i.nrfx_gpiote_out_task_enable  nrfx_gpiote.o
    0x00030420   0x00030420   0x00000028   Code   RO         4579    i.nrfx_gpiote_out_task_force  nrfx_gpiote.o
    0x00030448   0x00030448   0x00000058   Code   RO         4583    i.nrfx_gpiote_out_uninit  nrfx_gpiote.o
    0x000304a0   0x000304a0   0x00000010   Code   RO         4584    i.nrfx_gpiote_set_task_addr_get  nrfx_gpiote.o
    0x000304b0   0x000304b0   0x00000010   Code   RO         4585    i.nrfx_gpiote_set_task_get  nrfx_gpiote.o
    0x000304c0   0x000304c0   0x0000006c   Code   RO         5644    i.nrfx_ppi_channel_alloc  nrfx_ppi.o
    0x0003052c   0x0003052c   0x00000044   Code   RO         5645    i.nrfx_ppi_channel_assign  nrfx_ppi.o
    0x00030570   0x00030570   0x00000034   Code   RO         5646    i.nrfx_ppi_channel_disable  nrfx_ppi.o
    0x000305a4   0x000305a4   0x00000034   Code   RO         5647    i.nrfx_ppi_channel_enable  nrfx_ppi.o
    0x000305d8   0x000305d8   0x00000040   Code   RO         5649    i.nrfx_ppi_channel_free  nrfx_ppi.o
    0x00030618   0x00030618   0x000000d8   Code   RO         5399    i.nrfx_pwm_init     nrfx_pwm.o
    0x000306f0   0x000306f0   0x00000070   Code   RO         5401    i.nrfx_pwm_simple_playback  nrfx_pwm.o
    0x00030760   0x00030760   0x00000040   Code   RO         5403    i.nrfx_pwm_uninit   nrfx_pwm.o
    0x000307a0   0x000307a0   0x000000a4   Code   RO         5252    i.nrfx_saadc_buffer_convert  nrfx_saadc.o
    0x00030844   0x00030844   0x000000ac   Code   RO         5254    i.nrfx_saadc_channel_init  nrfx_saadc.o
    0x000308f0   0x000308f0   0x00000094   Code   RO         5256    i.nrfx_saadc_init   nrfx_saadc.o
    0x00030984   0x00030984   0x0000002c   Code   RO         5259    i.nrfx_saadc_sample  nrfx_saadc.o
    0x000309b0   0x000309b0   0x00000008   Code   RO         5515    i.nrfx_timer_clear  nrfx_timer.o
    0x000309b8   0x000309b8   0x0000003a   Code   RO         5516    i.nrfx_timer_compare  nrfx_timer.o
    0x000309f2   0x000309f2   0x00000010   Code   RO         7376    i.nrfx_timer_compare_event_address_get  app_pwm.o
    0x00030a02   0x00030a02   0x0000000e   Code   RO         5517    i.nrfx_timer_compare_int_disable  nrfx_timer.o
    0x00030a10   0x00030a10   0x00000024   Code   RO         5518    i.nrfx_timer_compare_int_enable  nrfx_timer.o
    0x00030a34   0x00030a34   0x0000001c   Code   RO         5519    i.nrfx_timer_disable  nrfx_timer.o
    0x00030a50   0x00030a50   0x0000001c   Code   RO         5520    i.nrfx_timer_enable  nrfx_timer.o
    0x00030a6c   0x00030a6c   0x0000002a   Code   RO         5521    i.nrfx_timer_extended_compare  nrfx_timer.o
    0x00030a96   0x00030a96   0x00000002   PAD
    0x00030a98   0x00030a98   0x000000c0   Code   RO         5523    i.nrfx_timer_init   nrfx_timer.o
    0x00030b58   0x00030b58   0x0000005c   Code   RO         5527    i.nrfx_timer_uninit  nrfx_timer.o
    0x00030bb4   0x00030bb4   0x00000028   Code   RO         2399    i.nus_data_handler  main.o
    0x00030bdc   0x00030bdc   0x00000018   Code   RO         8925    i.nvmc_config       system_nrf52.o
    0x00030bf4   0x00030bf4   0x00000014   Code   RO         2400    i.on_adv_evt        main.o
    0x00030c08   0x00030c08   0x00000034   Code   RO         2401    i.on_conn_params_evt  main.o
    0x00030c3c   0x00030c3c   0x0000006a   Code   RO         3708    i.on_connect        ble_nus.o
    0x00030ca6   0x00030ca6   0x00000002   PAD
    0x00030ca8   0x00030ca8   0x0000006c   Code   RO         3800    i.on_ctrlpt_write   ble_dfu.o
    0x00030d14   0x00030d14   0x000001a8   Code   RO         8632    i.on_radio_disabled_rx  nrf_esb.o
    0x00030ebc   0x00030ebc   0x00000040   Code   RO         8633    i.on_radio_disabled_rx_ack  nrf_esb.o
    0x00030efc   0x00030efc   0x00000080   Code   RO         8634    i.on_radio_disabled_tx  nrf_esb.o
    0x00030f7c   0x00030f7c   0x0000003c   Code   RO         8635    i.on_radio_disabled_tx_noack  nrf_esb.o
    0x00030fb8   0x00030fb8   0x00000134   Code   RO         8636    i.on_radio_disabled_tx_wait_for_ack  nrf_esb.o
    0x000310ec   0x000310ec   0x00000084   Code   RO         3709    i.on_write          ble_nus.o
    0x00031170   0x00031170   0x0000001c   Code   RO         1818    i.packFlashModeParaToApp  ll_msg_withapp.o
    0x0003118c   0x0003118c   0x00000024   Code   RO         7534    i.page_identify     fds.o
    0x000311b0   0x000311b0   0x0000001c   Code   RO         7535    i.page_offsets_update  fds.o
    0x000311cc   0x000311cc   0x0000006c   Code   RO         7536    i.page_scan         fds.o
    0x00031238   0x00031238   0x0000001c   Code   RO         7537    i.page_tag_write_data  fds.o
    0x00031254   0x00031254   0x00000024   Code   RO         7538    i.page_tag_write_swap  fds.o
    0x00031278   0x00031278   0x00000130   Code   RO         7539    i.pages_init        fds.o
    0x000313a8   0x000313a8   0x00000012   Code   RO         3035    i.phy_is_valid      ble_advertising.o
    0x000313ba   0x000313ba   0x00000002   PAD
    0x000313bc   0x000313bc   0x00000014   Code   RO         4588    i.pin_configured_check  nrfx_gpiote.o
    0x000313d0   0x000313d0   0x0000001c   Code   RO         4589    i.pin_configured_clear  nrfx_gpiote.o
    0x000313ec   0x000313ec   0x0000001c   Code   RO         4590    i.pin_configured_set  nrfx_gpiote.o
    0x00031408   0x00031408   0x00000018   Code   RO         4592    i.pin_in_use_by_te  nrfx_gpiote.o
    0x00031420   0x00031420   0x0000007c   Code   RO         3976    i.pnp_id_encode     ble_dis.o
    0x0003149c   0x0003149c   0x000000b4   Code   RO         4593    i.port_event_handle  nrfx_gpiote.o
    0x00031550   0x00031550   0x00000010   Code   RO         4594    i.port_handler_polarity_get  nrfx_gpiote.o
    0x00031560   0x00031560   0x00000068   Code   RO         7377    i.pwm_dealloc       app_pwm.o
    0x000315c8   0x000315c8   0x00000010   Code   RO          497    i.pwm_handler       ll_pwm.o
    0x000315d8   0x000315d8   0x00000058   Code   RO         7378    i.pwm_ready_tick    app_pwm.o
    0x00031630   0x00031630   0x000000d8   Code   RO         7379    i.pwm_transition    app_pwm.o
    0x00031708   0x00031708   0x0000001c   Code   RO         7540    i.queue_buf_get     fds.o
    0x00031724   0x00031724   0x00000010   Code   RO         7541    i.queue_buf_store   fds.o
    0x00031734   0x00031734   0x00000014   Code   RO         7918    i.queue_free        nrf_fstorage_sd.o
    0x00031748   0x00031748   0x000000a4   Code   RO         7542    i.queue_process     fds.o
    0x000317ec   0x000317ec   0x000000a0   Code   RO         7919    i.queue_process     nrf_fstorage_sd.o
    0x0003188c   0x0003188c   0x0000001c   Code   RO         7543    i.queue_start       fds.o
    0x000318a8   0x000318a8   0x00000024   Code   RO         7920    i.queue_start       nrf_fstorage_sd.o
    0x000318cc   0x000318cc   0x0000000e   Code   RO         7921    i.read              nrf_fstorage_sd.o
    0x000318da   0x000318da   0x00000002   PAD
    0x000318dc   0x000318dc   0x00000090   Code   RO         7544    i.record_find       fds.o
    0x0003196c   0x0003196c   0x000000a0   Code   RO         7545    i.record_find_by_desc  fds.o
    0x00031a0c   0x00031a0c   0x0000005c   Code   RO         7546    i.record_find_next  fds.o
    0x00031a68   0x00031a68   0x0000003c   Code   RO         7547    i.record_header_flag_dirty  fds.o
    0x00031aa4   0x00031aa4   0x00000088   Code   RO         7548    i.records_stat      fds.o
    0x00031b2c   0x00031b2c   0x00000024   Code   RO          985    i.request_next_event_earliest  esb_timeslot.o
    0x00031b50   0x00031b50   0x0000001c   Code   RO         8637    i.reset_fifos       nrf_esb.o
    0x00031b6c   0x00031b6c   0x00000004   Code   RO         7922    i.rmap              nrf_fstorage_sd.o
    0x00031b70   0x00031b70   0x0000005c   Code   RO         6125    i.rtc_irq           app_timer2.o
    0x00031bcc   0x00031bcc   0x0000006c   Code   RO         6126    i.rtc_schedule      app_timer2.o
    0x00031c38   0x00031c38   0x0000008c   Code   RO         6127    i.rtc_update        app_timer2.o
    0x00031cc4   0x00031cc4   0x00000098   Code   RO         8638    i.rx_fifo_push_rfbuf  nrf_esb.o
    0x00031d5c   0x00031d5c   0x00000078   Code   RO          423    i.saadc_callback    ll_adc.o
    0x00031dd4   0x00031dd4   0x0000022c   Code   RO         1983    i.scan_evt_handler  ll_ble_observer_nrf52sdk17.o
    0x00032000   0x00032000   0x00000058   Code   RO         4087    i.sd_state_evt_handler  nrf_drv_clock.o
    0x00032058   0x00032058   0x00000030   Code   RO         8402    i.sdh_request_observer_notify  nrf_sdh.o
    0x00032088   0x00032088   0x0000002c   Code   RO         8403    i.sdh_state_observer_notify  nrf_sdh.o
    0x000320b4   0x000320b4   0x00000010   Code   RO         3132    i.send_error_evt    ble_conn_params.o
    0x000320c4   0x000320c4   0x00000088   Code   RO         2922    i.service_data_encode  ble_advdata.o
    0x0003214c   0x0003214c   0x000000f0   Code   RO         2402    i.services_init     main.o
    0x0003223c   0x0003223c   0x00000170   Code   RO         1213    i.set_default       ll_flash.o
    0x000323ac   0x000323ac   0x00000030   Code   RO         3406    i.set_security_req  ble_srv_common.o
    0x000323dc   0x000323dc   0x00000074   Code   RO         7078    i.shutdown_process  nrf_pwr_mgmt.o
    0x00032450   0x00032450   0x00000018   Code   RO         4088    i.soc_evt_handler   nrf_drv_clock.o
    0x00032468   0x00032468   0x00000080   Code   RO         8404    i.softdevice_evt_irq_disable  nrf_sdh.o
    0x000324e8   0x000324e8   0x00000098   Code   RO         8405    i.softdevices_evt_irq_enable  nrf_sdh.o
    0x00032580   0x00032580   0x0000000c   Code   RO         6128    i.sortlist_pop      app_timer2.o
    0x0003258c   0x0003258c   0x0000004c   Code   RO         5404    i.start_playback    nrfx_pwm.o
    0x000325d8   0x000325d8   0x00000114   Code   RO         8639    i.start_tx_transaction  nrf_esb.o
    0x000326ec   0x000326ec   0x00000058   Code   RO         1609    i.sync_Clock        ll_sync.o
    0x00032744   0x00032744   0x00000078   Code   RO         1610    i.sync_Clock_FrontRearPattern  ll_sync.o
    0x000327bc   0x000327bc   0x0000008c   Code   RO         3977    i.sys_id_encode     ble_dis.o
    0x00032848   0x00032848   0x00000098   Code   RO         6129    i.timer_expire      app_timer2.o
    0x000328e0   0x000328e0   0x00000080   Code   RO         6130    i.timer_req_process  app_timer2.o
    0x00032960   0x00032960   0x00000038   Code   RO         6131    i.timer_req_schedule  app_timer2.o
    0x00032998   0x00032998   0x0000000a   Code   RO         2923    i.uint16_encode     ble_advdata.o
    0x000329a2   0x000329a2   0x00000002   PAD
    0x000329a4   0x000329a4   0x00000020   Code   RO         7923    i.uninit            nrf_fstorage_sd.o
    0x000329c4   0x000329c4   0x0000002a   Code   RO         1820    i.unpackFlashModeParaFromApp  ll_msg_withapp.o
    0x000329ee   0x000329ee   0x00000002   PAD
    0x000329f0   0x000329f0   0x00000050   Code   RO         8640    i.update_radio_addresses  nrf_esb.o
    0x00032a40   0x00032a40   0x0000004c   Code   RO         8641    i.update_radio_bitrate  nrf_esb.o
    0x00032a8c   0x00032a8c   0x00000084   Code   RO         8642    i.update_radio_parameters  nrf_esb.o
    0x00032b10   0x00032b10   0x00000014   Code   RO         8643    i.update_radio_tx_power  nrf_esb.o
    0x00032b24   0x00032b24   0x0000002c   Code   RO         8644    i.update_rf_payload_format_esb  nrf_esb.o
    0x00032b50   0x00032b50   0x0000002c   Code   RO         8645    i.update_rf_payload_format_esb_dpl  nrf_esb.o
    0x00032b7c   0x00032b7c   0x00000068   Code   RO         3133    i.update_timeout_handler  ble_conn_params.o
    0x00032be4   0x00032be4   0x00000018   Code   RO         3036    i.use_whitelist     ble_advertising.o
    0x00032bfc   0x00032bfc   0x00000024   Code   RO         3552    i.user_mem_reply    nrf_ble_qwr.o
    0x00032c20   0x00032c20   0x00000030   Code   RO         2924    i.uuid_list_encode  ble_advdata.o
    0x00032c50   0x00032c50   0x0000009e   Code   RO         2925    i.uuid_list_sized_encode  ble_advdata.o
    0x00032cee   0x00032cee   0x00000004   Code   RO         7924    i.wmap              nrf_fstorage_sd.o
    0x00032cf2   0x00032cf2   0x00000002   PAD
    0x00032cf4   0x00032cf4   0x00000050   Code   RO         7925    i.write             nrf_fstorage_sd.o
    0x00032d44   0x00032d44   0x0000011c   Code   RO         7549    i.write_enqueue     fds.o
    0x00032e60   0x00032e60   0x000000f8   Code   RO         7550    i.write_execute     fds.o
    0x00032f58   0x00032f58   0x00000018   Code   RO         7551    i.write_space_free  fds.o
    0x00032f70   0x00032f70   0x00000060   Code   RO         7552    i.write_space_reserve  fds.o
    0x00032fd0   0x00032fd0   0x00000006   Data   RO          358    .constdata          ll_gpio.o
    0x00032fd6   0x00032fd6   0x00000002   PAD
    0x00032fd8   0x00032fd8   0x00000025   Data   RO          425    .constdata          ll_adc.o
    0x00032ffd   0x00032ffd   0x00000003   PAD
    0x00033000   0x00033000   0x00000008   Data   RO          500    .constdata          ll_pwm.o
    0x00033008   0x00033008   0x00000008   Data   RO          501    .constdata          ll_pwm.o
    0x00033010   0x00033010   0x00000010   Data   RO          989    .constdata          esb_timeslot.o
    0x00033020   0x00033020   0x0000005a   Data   RO         1214    .constdata          ll_flash.o
    0x0003307a   0x0003307a   0x00000002   PAD
    0x0003307c   0x0003307c   0x00000038   Data   RO         1342    .constdata          ll_battery.o
    0x000330b4   0x000330b4   0x0000000c   PAD
    0x000330c0   0x000330c0   0x00000006   Data   RO         1611    .constdata          ll_sync.o
    0x000330c6   0x000330c6   0x00000002   PAD
    0x000330c8   0x000330c8   0x00002f3c   Data   RO         1675    .constdata          ll_led_panel_ws2812.o
    0x00036004   0x00036004   0x0000000c   PAD
    0x00036010   0x00036010   0x00000044   Data   RO         1821    .constdata          ll_msg_withapp.o
    0x00036054   0x00036054   0x0000000c   PAD
    0x00036060   0x00036060   0x00000016   Data   RO         2404    .constdata          main.o
    0x00036076   0x00036076   0x00000002   PAD
    0x00036078   0x00036078   0x00000016   Data   RO         3468    .constdata          nrf_ble_gatt.o
    0x0003608e   0x0003608e   0x00000002   PAD
    0x00036090   0x00036090   0x00000010   Data   RO         3710    .constdata          ble_nus.o
    0x000360a0   0x000360a0   0x00000018   Data   RO         3802    .constdata          ble_dfu.o
    0x000360b8   0x000360b8   0x00000004   Data   RO         4596    .constdata          nrfx_gpiote.o
    0x000360bc   0x000360bc   0x00000014   Data   RO         6134    .constdata          app_timer2.o
    0x000360d0   0x000360d0   0x00000006   Data   RO         6418    .constdata          drv_rtc.o
    0x000360d6   0x000360d6   0x00000002   PAD
    0x000360d8   0x000360d8   0x0000000c   Data   RO         7381    .constdata          app_pwm.o
    0x000360e4   0x000360e4   0x00000018   Data   RO         7555    .constdata          fds.o
    0x000360fc   0x000360fc   0x00000010   Data   RO         7928    .constdata          nrf_fstorage_sd.o
    0x0003610c   0x0003610c   0x00000020   Data   RO         7929    .constdata          nrf_fstorage_sd.o
    0x0003612c   0x0003612c   0x00000010   Data   RO         8406    .constdata          nrf_sdh.o
    0x0003613c   0x0003613c   0x00000028   Data   RO         8407    .constdata          nrf_sdh.o
    0x00036164   0x00036164   0x00000010   Data   RO         8408    .constdata          nrf_sdh.o
    0x00036174   0x00036174   0x00000010   Data   RO         8409    .constdata          nrf_sdh.o
    0x00036184   0x00036184   0x00000020   Data   RO         8514    .constdata          nrf_sdh_ble.o
    0x000361a4   0x000361a4   0x00000010   Data   RO         8515    .constdata          nrf_sdh_ble.o
    0x000361b4   0x000361b4   0x00000010   Data   RO         8562    .constdata          nrf_sdh_soc.o
    0x000361c4   0x000361c4   0x0000000c   Data   RO         8563    .constdata          nrf_sdh_soc.o
    0x000361d0   0x000361d0   0x00000081   Data   RO         9305    .constdata          mc_w.l(ctype_o.o)
    0x00036251   0x00036251   0x00000003   PAD
    0x00036254   0x00036254   0x00000004   Data   RO         9306    .constdata          mc_w.l(ctype_o.o)
    0x00036258   0x00036258   0x00000045   Data   RO         1985    .conststring        ll_ble_observer_nrf52sdk17.o
    0x0003629d   0x0003629d   0x00000003   PAD
    0x000362a0   0x000362a0   0x00000020   Data   RO         9338    Region$$Table       anon$$obj.o
    0x000362c0   0x000362c0   0x00000004   Data   RO         2418    pwr_mgmt_data0      main.o
    0x000362c4   0x000362c4   0x00000008   Data   RO         3229    sdh_ble_observers0  ble_conn_state.o
    0x000362cc   0x000362cc   0x00000008   Data   RO         1988    sdh_ble_observers1  ll_ble_observer_nrf52sdk17.o
    0x000362d4   0x000362d4   0x00000010   Data   RO         2419    sdh_ble_observers1  main.o
    0x000362e4   0x000362e4   0x00000008   Data   RO         2816    sdh_ble_observers1  bsp_btn_ble.o
    0x000362ec   0x000362ec   0x00000008   Data   RO         3136    sdh_ble_observers1  ble_conn_params.o
    0x000362f4   0x000362f4   0x00000018   Data   RO         2420    sdh_ble_observers2  main.o
    0x0003630c   0x0003630c   0x00000008   Data   RO         3803    sdh_ble_observers2  ble_dfu.o
    0x00036314   0x00036314   0x00000008   Data   RO         2421    sdh_ble_observers3  main.o
    0x0003631c   0x0003631c   0x00000008   Data   RO         7931    sdh_req_observers0  nrf_fstorage_sd.o
    0x00036324   0x00036324   0x00000008   Data   RO          994    sdh_soc_observers0  esb_timeslot.o
    0x0003632c   0x0003632c   0x00000008   Data   RO         4094    sdh_soc_observers0  nrf_drv_clock.o
    0x00036334   0x00036334   0x00000008   Data   RO         7932    sdh_soc_observers0  nrf_fstorage_sd.o
    0x0003633c   0x0003633c   0x00000008   Data   RO         3899    sdh_soc_observers1  ble_dfu_unbonded.o
    0x00036344   0x00036344   0x00000008   Data   RO         8517    sdh_stack_observers0  nrf_sdh_ble.o
    0x0003634c   0x0003634c   0x00000008   Data   RO         8564    sdh_stack_observers0  nrf_sdh_soc.o
    0x00036354   0x00036354   0x00000008   Data   RO         2422    sdh_state_observers0  main.o
    0x0003635c   0x0003635c   0x00000008   Data   RO         4095    sdh_state_observers0  nrf_drv_clock.o
    0x00036364   0x00036364   0x00000008   Data   RO         7933    sdh_state_observers0  nrf_fstorage_sd.o


    Execution Region RW_IRAM1 (Exec base: 0x20002bc8, Load base: 0x0003636c, Size: 0x00006fd8, Max: 0x0000d430, ABSOLUTE, COMPRESSED[0x0000015c])

    Exec Addr    Load Addr    Size         Type   Attr      Idx    E Section Name        Object

    0x20002bc8   COMPRESSED   0x00000004   Data   RW            7    .data               ll_hardwareid.o
    0x20002bcc   COMPRESSED   0x00000008   Data   RW          291    .data               ll_clock.o
    0x20002bd4   COMPRESSED   0x00000004   Data   RW          341    .data               ll_timer.o
    0x20002bd8   COMPRESSED   0x00000010   Data   RW          426    .data               ll_adc.o
    0x20002be8   COMPRESSED   0x0000008c   Data   RW          502    .data               ll_pwm.o
    0x20002c74   COMPRESSED   0x00000008   Data   RW          503    .data               ll_pwm.o
    0x20002c7c   COMPRESSED   0x00000028   Data   RW          990    .data               esb_timeslot.o
    0x20002ca4   COMPRESSED   0x000000f0   Data   RW         1215    .data               ll_flash.o
    0x20002d94   COMPRESSED   0x00000008   Data   RW         1343    .data               ll_battery.o
    0x20002d9c   COMPRESSED   0x00000010   Data   RW         1382    .data               ll_batteryindicator.o
    0x20002dac   COMPRESSED   0x00000034   Data   RW         1469    .data               ll_key.o
    0x20002de0   COMPRESSED   0x00000020   Data   RW         1527    .data               ll_led.o
    0x20002e00   COMPRESSED   0x00000004   Data   RW         1612    .data               ll_sync.o
    0x20002e04   COMPRESSED   0x00000010   Data   RW         1613    .data               ll_sync.o
    0x20002e14   COMPRESSED   0x00000004   Data   RW         1614    .data               ll_sync.o
    0x20002e18   COMPRESSED   0x00000381   Data   RW         1676    .data               ll_led_panel_ws2812.o
    0x20003199   COMPRESSED   0x00000003   PAD
    0x2000319c   COMPRESSED   0x0000000c   Data   RW         1822    .data               ll_msg_withapp.o
    0x200031a8   COMPRESSED   0x00000008   Data   RW         1901    .data               ll_msg_withremote.o
    0x200031b0   COMPRESSED   0x00000004   Data   RW         1904    .data               ll_msg_withremote.o
    0x200031b4   COMPRESSED   0x00000004   Data   RW         1905    .data               ll_msg_withremote.o
    0x200031b8   COMPRESSED   0x00000010   Data   RW         1986    .data               ll_ble_observer_nrf52sdk17.o
    0x200031c8   COMPRESSED   0x00000001   Data   RW         1987    .data               ll_ble_observer_nrf52sdk17.o
    0x200031c9   COMPRESSED   0x00000003   PAD
    0x200031cc   COMPRESSED   0x00000058   Data   RW         2174    .data               ll_sysmode.o
    0x20003224   COMPRESSED   0x0000000c   Data   RW         2323    .data               ll_para.o
    0x20003230   COMPRESSED   0x00000008   Data   RW         2405    .data               main.o
    0x20003238   COMPRESSED   0x00000048   Data   RW         2406    .data               main.o
    0x20003280   COMPRESSED   0x00000020   Data   RW         2408    .data               main.o
    0x200032a0   COMPRESSED   0x00000004   Data   RW         2415    .data               main.o
    0x200032a4   COMPRESSED   0x00000004   Data   RW         2417    .data               main.o
    0x200032a8   COMPRESSED   0x00000008   Data   RW         2815    .data               bsp_btn_ble.o
    0x200032b0   COMPRESSED   0x00000001   Data   RW         3037    .data               ble_advertising.o
    0x200032b1   COMPRESSED   0x00000001   PAD
    0x200032b2   COMPRESSED   0x00000008   Data   RW         3135    .data               ble_conn_params.o
    0x200032ba   COMPRESSED   0x00000002   PAD
    0x200032bc   COMPRESSED   0x00000004   Data   RW         3898    .data               ble_dfu_unbonded.o
    0x200032c0   COMPRESSED   0x0000004a   Data   RW         3978    .data               ble_dis.o
    0x2000330a   COMPRESSED   0x00000002   PAD
    0x2000330c   COMPRESSED   0x00000008   Data   RW         4430    .data               nrfx_clock.o
    0x20003314   COMPRESSED   0x00000008   Data   RW         4856    .data               nrfx_prs.o
    0x2000331c   COMPRESSED   0x00000008   Data   RW         5669    .data               nrfx_ppi.o
    0x20003324   COMPRESSED   0x00000001   Data   RW         5790    .data               nrf_drv_ppi.o
    0x20003325   COMPRESSED   0x00000003   PAD
    0x20003328   COMPRESSED   0x00000020   Data   RW         6135    .data               app_timer2.o
    0x20003348   COMPRESSED   0x00000004   Data   RW         6136    .data               app_timer2.o
    0x2000334c   COMPRESSED   0x0000000c   Data   RW         6419    .data               drv_rtc.o
    0x20003358   COMPRESSED   0x00000008   Data   RW         7082    .data               nrf_pwr_mgmt.o
    0x20003360   COMPRESSED   0x00000006   Data   RW         7382    .data               app_pwm.o
    0x20003366   COMPRESSED   0x00000002   PAD
    0x20003368   COMPRESSED   0x00000030   Data   RW         7556    .data               fds.o
    0x20003398   COMPRESSED   0x00000008   Data   RW         7930    .data               nrf_fstorage_sd.o
    0x200033a0   COMPRESSED   0x00000003   Data   RW         8410    .data               nrf_sdh.o
    0x200033a3   COMPRESSED   0x00000001   Data   RW         8516    .data               nrf_sdh_ble.o
    0x200033a4   COMPRESSED   0x00000048   Data   RW         8647    .data               nrf_esb.o
    0x200033ec   COMPRESSED   0x00000004   Data   RW         8927    .data               system_nrf52.o
    0x200033f0   COMPRESSED   0x00000004   Data   RW         9283    .data               mc_w.l(errno.o)
    0x200033f4   COMPRESSED   0x00000014   Data   RW         7557    fs_data             fds.o
    0x20003408        -       0x00000009   Zero   RW            6    .bss                ll_hardwareid.o
    0x20003411   COMPRESSED   0x00000001   PAD
    0x20003412        -       0x0000000c   Zero   RW          424    .bss                ll_adc.o
    0x2000341e   COMPRESSED   0x00000002   PAD
    0x20003420        -       0x00000024   Zero   RW          498    .bss                ll_pwm.o
    0x20003444        -       0x00001560   Zero   RW          499    .bss                ll_pwm.o
    0x200049a4        -       0x00000010   Zero   RW          986    .bss                esb_timeslot.o
    0x200049b4        -       0x00000014   Zero   RW         1341    .bss                ll_battery.o
    0x200049c8        -       0x0000003c   Zero   RW         1526    .bss                ll_led.o
    0x20004a04        -       0x0000003a   Zero   RW         1900    .bss                ll_msg_withremote.o
    0x20004a3e   COMPRESSED   0x00000002   PAD
    0x20004a40        -       0x00000154   Zero   RW         1984    .bss                ll_ble_observer_nrf52sdk17.o
    0x20004b94        -       0x00000010   Zero   RW         2074    .bss                ll_ble_broadcaster.o
    0x20004ba4        -       0x00000010   Zero   RW         2075    .bss                ll_ble_broadcaster.o
    0x20004bb4        -       0x00002a1c   Zero   RW         2173    .bss                ll_sysmode.o
    0x200075d0        -       0x00000110   Zero   RW         2322    .bss                ll_para.o
    0x200076e0        -       0x000004c4   Zero   RW         2403    .bss                main.o
    0x20007ba4        -       0x0000000c   Zero   RW         2709    .bss                bsp.o
    0x20007bb0        -       0x00000050   Zero   RW         3134    .bss                ble_conn_params.o
    0x20007c00        -       0x0000007c   Zero   RW         3228    .bss                ble_conn_state.o
    0x20007c7c        -       0x0000001c   Zero   RW         3801    .bss                ble_dfu.o
    0x20007c98        -       0x00000028   Zero   RW         3897    .bss                ble_dfu_unbonded.o
    0x20007cc0        -       0x00000014   Zero   RW         4089    .bss                nrf_drv_clock.o
    0x20007cd4        -       0x0000005c   Zero   RW         4595    .bss                nrfx_gpiote.o
    0x20007d30        -       0x00000030   Zero   RW         5263    .bss                nrfx_saadc.o
    0x20007d60        -       0x00000018   Zero   RW         5405    .bss                nrfx_pwm.o
    0x20007d78        -       0x0000000c   Zero   RW         5528    .bss                nrfx_timer.o
    0x20007d84        -       0x00000020   Zero   RW         5912    .bss                app_error.o
    0x20007da4        -       0x00000010   Zero   RW         6132    .bss                app_timer2.o
    0x20007db4        -       0x00000058   Zero   RW         6133    .bss                app_timer2.o
    0x20007e0c        -       0x0000000c   Zero   RW         6333    .bss                app_util_platform.o
    0x20007e18        -       0x0000000c   Zero   RW         7079    .bss                nrf_pwr_mgmt.o
    0x20007e24        -       0x00000034   Zero   RW         7380    .bss                app_pwm.o
    0x20007e58        -       0x00000010   Zero   RW         7553    .bss                fds.o
    0x20007e68        -       0x000000e0   Zero   RW         7554    .bss                fds.o
    0x20007f48        -       0x00000010   Zero   RW         7926    .bss                nrf_fstorage_sd.o
    0x20007f58        -       0x000000a0   Zero   RW         7927    .bss                nrf_fstorage_sd.o
    0x20007ff8        -       0x000003a4   Zero   RW         8646    .bss                nrf_esb.o
    0x2000839c   COMPRESSED   0x00000004   PAD
    0x200083a0        -       0x00001800   Zero   RW         8913    STACK               arm_startup_nrf52.o


==============================================================================

Image component sizes


      Code (inc. data)   RO Data    RW Data    ZI Data      Debug   Object Name

       100          4          0          0         32       3618   app_error.o
        26          0          0          0          0        608   app_error_handler_keil.o
        24          4          0          0          0       1594   app_error_weak.o
      1558         74         12          6         52      35860   app_pwm.o
         0          0          0          0          0      37194   app_scheduler.o
      1052         90         20         36        104      17699   app_timer2.o
       124         14          0          0         12      10794   app_util_platform.o
        36          8        512          0       6144        964   arm_startup_nrf52.o
      1588          0          0          0          0      56808   ble_advdata.o
      1198         10          0          1          0      17275   ble_advertising.o
       502          0          0          0          0       6339   ble_bas.o
       636         44          8          8         80       9635   ble_conn_params.o
       570         84          8          0        124      11325   ble_conn_state.o
       490         40         32          0         28      19540   ble_dfu.o
       440         32          8          4         40      13090   ble_dfu_unbonded.o
       748        206          0         74          0       5699   ble_dis.o
        72          0          0          0          0       1724   ble_link_ctx_manager.o
       670          6         16          0          0       6804   ble_nus.o
       664          6          0          0          0       6904   ble_srv_common.o
        68          4          0          0         12       7512   bsp.o
       166          6          8          8          0       3384   bsp_btn_ble.o
        54          0          0          0          0       1484   crc16.o
       612         14          6         12          0      48649   drv_rtc.o
       840        232         24         40         16      19849   esb_timeslot.o
      3910        344         24         68        240      50759   fds.o
       376        100         37         16         12      17755   ll_adc.o
       390         32         56          8         20       5899   ll_battery.o
        36          0          0          0          0       2786   ll_battery_charge.o
       336         32          0         16          0       3141   ll_batteryindicator.o
         0          0          0          0         32       2992   ll_ble_broadcaster.o
       676         54         77         17        340       4407   ll_ble_observer_nrf52sdk17.o
       100         32          0          8          0       4755   ll_clock.o
         0          0          0          0          0      10108   ll_debug.o
      1048         94         90        240          0       9056   ll_flash.o
       274         18          6          0          0      10561   ll_gpio.o
        76          0          0          4          9      36519   ll_hardwareid.o
       240         36          0         52          0       5391   ll_key.o
       854         84          0         32         60       9098   ll_led.o
      3328        306      12092        897          0      26498   ll_led_panel_ws2812.o
      3526        670         68         12          0      12697   ll_msg_withapp.o
       296         36          0          0          0       1020   ll_msg_withdevice.o
       780         62          0         16         58       7073   ll_msg_withremote.o
       200         42          0         12        272       7831   ll_para.o
         4          0          0          0          0        597   ll_power.o
      1224        164         16        148       5508     148543   ll_pwm.o
         0          0          0          0          0      42874   ll_reset.o
       508         44          6         24          0       6859   ll_sync.o
      2920        370          0         88      10780      23226   ll_sysmode.o
       224         10          0          0          0       2791   ll_thread.o
         0          0          0          4          0        435   ll_timer.o
      2666        460         82        120       1220      30002   main.o
       342          0          0          0          0       7006   nrf_atfifo.o
        64          0          0          0          0       3164   nrf_atflags.o
       310          0          0          0          0       8502   nrf_atomic.o
       484          6         22          0          0      36512   nrf_ble_gatt.o
       276          0          0          0          0       4897   nrf_ble_qwr.o
      1064          6          0          0          0      13842   nrf_ble_scan.o
        40          6          0          0          0       4846   nrf_dfu_svci.o
       312         36         16          0         20      43998   nrf_drv_clock.o
        24          6          0          1          0       1039   nrf_drv_ppi.o
      4170        532          0         72        932      65505   nrf_esb.o
       232          0          0          0          0       5877   nrf_fstorage.o
       798         82         72          8        176      16687   nrf_fstorage_sd.o
       176         28          0          8         12       5611   nrf_pwr_mgmt.o
       688        180         88          3          0      45700   nrf_sdh.o
       366         82         56          1          0       5791   nrf_sdh_ble.o
       128         68         36          0          0       2468   nrf_sdh_soc.o
        78          0          0          0          0       2932   nrf_section_iter.o
        84          0          0          0          0       3920   nrf_sortlist.o
       242         32          0          8          0      46166   nrfx_clock.o
      1378        144          4          0         92      71948   nrfx_gpiote.o
       402         34          0          8          0      14124   nrfx_ppi.o
        12          6          0          8          0       2154   nrfx_prs.o
       826         40          0          0         24      22979   nrfx_pwm.o
       928         76          0          0         48      19140   nrfx_saadc.o
       590         30          0          0         12      19102   nrfx_timer.o
         0          0          0          0          0       3500   nrfx_uart.o
       740         78          0          4          0      63544   system_nrf52.o

    ----------------------------------------------------------------------
     51044       5340      13588       2108      26520    1368979   Object Totals
         0          0         32          0          0          0   (incl. Generated)
        60          0         54         16          9          0   (incl. Padding)

    ----------------------------------------------------------------------

      Code (inc. data)   RO Data    RW Data    ZI Data      Debug   Library Member Name

        86          0          0          0          0          0   __dczerorl2.o
        28          0          0          0          0         68   _chval.o
       158          0          0          0          0         92   _strtoul.o
        26          0          0          0          0         80   atoi.o
         8          4        133          0          0         68   ctype_o.o
         0          0          0          0          0          0   entry.o
         0          0          0          0          0          0   entry10a.o
         0          0          0          0          0          0   entry11a.o
         8          4          0          0          0          0   entry2.o
         4          0          0          0          0          0   entry5.o
         0          0          0          0          0          0   entry7b.o
         0          0          0          0          0          0   entry8b.o
         8          4          0          0          0          0   entry9a.o
         8          4          0          4          0         68   errno.o
        30          0          0          0          0          0   handlers.o
        36          8          0          0          0         68   init.o
        32          0          0          0          0         68   llushr.o
        26          0          0          0          0         80   memcmp.o
        36          0          0          0          0         68   memcpya.o
        36          0          0          0          0        108   memseta.o
       884         10          0          0          0        420   printf6.o
        28          0          0          0          0         76   strcmp.o
        14          0          0          0          0         68   strlen.o
        30          0          0          0          0         80   strncmp.o
       112          0          0          0          0         88   strtol.o
        44          0          0          0          0         80   uidiv.o

    ----------------------------------------------------------------------
      1644         34        136          4          0       1580   Library Totals
         2          0          3          0          0          0   (incl. Padding)

    ----------------------------------------------------------------------

      Code (inc. data)   RO Data    RW Data    ZI Data      Debug   Library Name

      1642         34        133          4          0       1580   mc_w.l

    ----------------------------------------------------------------------
      1644         34        136          4          0       1580   Library Totals

    ----------------------------------------------------------------------

==============================================================================


      Code (inc. data)   RO Data    RW Data    ZI Data      Debug   

     52688       5374      13724       2112      26520    1316263   Grand Totals
     52688       5374      13724        348      26520    1316263   ELF Image Totals (compressed)
     52688       5374      13724        348          0          0   ROM Totals

==============================================================================

    Total RO  Size (Code + RO Data)                66412 (  64.86kB)
    Total RW  Size (RW Data + ZI Data)             28632 (  27.96kB)
    Total ROM Size (Code + RO Data + RW Data)      66760 (  65.20kB)

==============================================================================

