Component: ARM Compiler 5.06 update 6 (build 750) Tool: armlink [4d35ed]

==============================================================================

Section Cross References

    main.o(i.IndicatorOfBrakeFuncOnOff) refers to main.o(.data) for .data
    main.o(i.IndicatorOfBrakeFuncOnOff__Start) refers to ll_para.o(i.LL_Para__get_flashing_pattern) for LL_Para__get_flashing_pattern
    main.o(i.IndicatorOfBrakeFuncOnOff__Start) refers to ll_led_helmet_v2.o(i.LL_LED_Brightness) for LL_LED_Brightness
    main.o(i.IndicatorOfBrakeFuncOnOff__Start) refers to ll_led_helmet_v2.o(i.LL_LED_ON) for LL_LED_ON
    main.o(i.IndicatorOfBrakeFuncOnOff__Start) refers to ll_led_helmet_v2.o(i.LL_LED_Flashing) for LL_LED_Flashing
    main.o(i.IndicatorOfBrakeFuncOnOff__Start) refers to main.o(.data) for .data
    main.o(i.IndicatorOfBrakeFuncOnOff__Start) refers to ll_para.o(.bss) for gtPara
    main.o(i.IndicatorOfBrakeFuncOnOff__Stop) refers to main.o(.data) for .data
    main.o(i.LL_BLE_SetAdManu) refers to memseta.o(.text) for __aeabi_memclr4
    main.o(i.LL_BLE_SetAdManu) refers to ble_advertising.o(i.ble_advertising_advdata_update) for ble_advertising_advdata_update
    main.o(i.LL_BLE_SetAdManu) refers to app_error_handler_keil.o(.emb_text) for app_error_handler
    main.o(i.LL_BLE_SetAdManu) refers to main.o(.bss) for .bss
    main.o(i.LL_BLE_SetAdManu) refers to main.o(.data) for .data
    main.o(i.LL_Power_BeforeSleep) refers to ll_gpio_nrf52.o(i.LL_GPIO_OutputWrite) for LL_GPIO_OutputWrite
    main.o(i.LL_Power_BeforeSleep) refers to ll_led_helmet_v2.o(i.LL_LEDs_OFF) for LL_LEDs_OFF
    main.o(i.LL_Power_BeforeSleep) refers to ll_drv_ws2812.o(i.LL_Pwm1_Sleep) for LL_Pwm1_Sleep
    main.o(i.LL_Power_BeforeSleep) refers to ll_pwm_nrf51.o(i.LL_PWM_Sleep) for LL_PWM_Sleep
    main.o(i.LL_Power_BeforeSleep) refers to ll_key.o(i.LL_Key_Init) for LL_Key_Init
    main.o(i.TxCurrentFlashModeToApp) refers to ll_interface_withapp.o(i.packCurrentModeToApp) for packCurrentModeToApp
    main.o(i.TxCurrentFlashModeToApp) refers to ble_nus.o(i.ble_nus_data_send) for ble_nus_data_send
    main.o(i.TxCurrentFlashModeToApp) refers to main.o(.data) for .data
    main.o(i.TxCurrentFlashModeToApp) refers to ll_para.o(.bss) for gtPara
    main.o(i.TxCurrentFlashModeToApp__Start) refers to ble_nus.o(i.ble_nus_data_send) for ble_nus_data_send
    main.o(i.TxCurrentFlashModeToApp__Start) refers to ll_para.o(.bss) for gtPara
    main.o(i.TxCurrentFlashModeToApp__Start) refers to main.o(.data) for .data
    main.o(i.TxCurrentFlashModeToApp__Stop) refers to main.o(.data) for .data
    main.o(i.advertising_init) refers to memseta.o(.text) for __aeabi_memclr4
    main.o(i.advertising_init) refers to ble_advertising.o(i.ble_advertising_init) for ble_advertising_init
    main.o(i.advertising_init) refers to app_error_handler_keil.o(.emb_text) for app_error_handler
    main.o(i.advertising_init) refers to ble_advertising.o(i.ble_advertising_conn_cfg_tag_set) for ble_advertising_conn_cfg_tag_set
    main.o(i.advertising_init) refers to main.o(.data) for .data
    main.o(i.advertising_init) refers to main.o(i.on_adv_evt) for on_adv_evt
    main.o(i.advertising_init) refers to main.o(.bss) for .bss
    main.o(i.advertising_init) refers to main.o(i.main) for i.main
    main.o(i.app_shutdown_handler) refers to nrf_log_frontend.o(i.nrf_log_frontend_std_0) for nrf_log_frontend_std_0
    main.o(i.app_shutdown_handler) refers to nrf_log_frontend.o(log_const_data) for m_nrf_log_app_logs_data_const
    main.o(i.assert_nrf_callback) refers to app_error_handler_keil.o(.emb_text) for app_error_handler
    main.o(i.battery_level_update) refers to ll_battery.o(i.LL_Battery_Level) for LL_Battery_Level
    main.o(i.battery_level_update) refers to ble_bas.o(i.ble_bas_battery_level_update) for ble_bas_battery_level_update
    main.o(i.battery_level_update) refers to app_error_handler_keil.o(.emb_text) for app_error_handler
    main.o(i.battery_level_update) refers to main.o(.data) for .data
    main.o(i.battery_level_update) refers to main.o(.bss) for .bss
    main.o(i.ble_dfu_evt_handler) refers to nrf_log_frontend.o(i.nrf_log_frontend_std_0) for nrf_log_frontend_std_0
    main.o(i.ble_dfu_evt_handler) refers to memseta.o(.text) for __aeabi_memclr4
    main.o(i.ble_dfu_evt_handler) refers to ble_advertising.o(i.ble_advertising_modes_config_set) for ble_advertising_modes_config_set
    main.o(i.ble_dfu_evt_handler) refers to ble_conn_state.o(i.ble_conn_state_for_each_connected) for ble_conn_state_for_each_connected
    main.o(i.ble_dfu_evt_handler) refers to nrf_log_frontend.o(i.nrf_log_frontend_std_1) for nrf_log_frontend_std_1
    main.o(i.ble_dfu_evt_handler) refers to nrf_log_frontend.o(log_const_data) for m_nrf_log_app_logs_data_const
    main.o(i.ble_dfu_evt_handler) refers to main.o(.bss) for .bss
    main.o(i.ble_dfu_evt_handler) refers to main.o(i.disconnect) for disconnect
[...]
    gtSysState                               0x20002ca0   Data           8  ll_sysmode.o(.data)
    gtSysState_prev                          0x20002ca8   Data           8  ll_sysmode.o(.data)
    mp_dfu                                   0x20002cb8   Data           4  ble_dfu_unbonded.o(.data)
    gatKeyCfg                                0x20002e1c   Data          28  ll_key.o(.data)
    p_channels                               0x20002e44   Data           4  ll_pwm_nrf51.o(.data)
    config0                                  0x20002e5c   Data          12  ll_pwm_nrf51.o(.data)
    gtPWM                                    0x20002e68   Data          84  ll_pwm_nrf51.o(.data)
    gulTimerHappened_1xxus                   0x20002ec4   Data           4  ll_led_helmet_v2.o(.data)
    gulTimerCnt1ms_LED                       0x20002ec8   Data           4  ll_led_helmet_v2.o(.data)
    beep_car_blinker                         0x20002ecc   Data          10  ll_led_helmet_v2.o(.data)
    beep_woodcock                            0x20002ed6   Data          10  ll_led_helmet_v2.o(.data)
    pwm_sequencue_finished                   0x20002ee0   Data           1  ll_drv_ws2812.o(.data)
    gulFlashStoreNeeded                      0x20002f00   Data           4  ll_flash.o(.data)
    gulFlashStoreCnt                         0x20002fc0   Data           4  ll_flash.o(.data)
    LL_ADC_Sample                            0x20002fcc   Data           4  ll_adc_nrf52.o(.data)
    LL_ADC_SampleSeq                         0x20002fd0   Data           4  ll_adc_nrf52.o(.data)
    LL_ESB_data_received                     0x20002fdd   Data           1  esb_timeslot.o(.data)
    switch_base_addr_cnt                     0x20002fde   Data           1  esb_timeslot.o(.data)
    ESB_address_type                         0x20002fe0   Data           1  esb_timeslot.o(.data)
    SystemCoreClock                          0x20003050   Data           4  system_nrf52.o(.data)
    fs_data$$Base                            0x20003058   Number         0  fds.o(fs_data)
    m_fs                                     0x20003058   Data          20  fds.o(fs_data)
    fs_data$$Limit                           0x2000306c   Number         0  fds.o(fs_data)
    scanrsp                                  0x200034d4   Data          60  main.o(.bss)
    sgtMsg                                   0x20003510   Data          26  main.o(.bss)
    gtHwID                                   0x2000352a   Data           9  main.o(.bss)
    nrf_nvic_state                           0x200037d4   Data          12  app_util_platform.o(.bss)
    m_pwm_ready_counter                      0x20003800   Data          10  app_pwm.o(.bss)
    _SEGGER_RTT                              0x20003f78   Data         120  segger_rtt.o(.bss)
    m_pwm_PWM1_cb                            0x20004200   Data          36  ll_pwm_nrf51.o(.bss)
    gtLED                                    0x20004230   Data          60  ll_led_helmet_v2.o(.bss)
    gtPara                                   0x20004df0   Data         188  ll_para.o(.bss)
    m_ack_pl_container                       0x200051e4   Data          96  nrf_esb.o(.bss)
    m_ack_pl_container_entry_point_pr_pipe   0x20005244   Data          32  nrf_esb.o(.bss)
    __initial_sp                             0x20007288   Data           0  arm_startup_nrf52.o(STACK)



==============================================================================

Memory Map of the image

  Image Entry point : 0x00026201

  Load Region LR_IROM1 (Base: 0x00026000, Size: 0x0000c764, Max: 0x00052000, ABSOLUTE, COMPRESSED[0x0000c3b4])

    Execution Region ER_IROM1 (Exec base: 0x00026000, Load base: 0x00026000, Size: 0x0000c2c0, Max: 0x00052000, ABSOLUTE)

    Exec Addr    Load Addr    Size         Type   Attr      Idx    E Section Name        Object

    0x00026000   0x00026000   0x00000200   Data   RO         8283    RESET               arm_startup_nrf52.o
    0x00026200   0x00026200   0x00000000   Code   RO         8349  * .ARM.Collect$$$$00000000  mc_w.l(entry.o)
    0x00026200   0x00026200   0x00000004   Code   RO         8661    .ARM.Collect$$$$00000001  mc_w.l(entry2.o)
    0x00026204   0x00026204   0x00000004   Code   RO         8664    .ARM.Collect$$$$00000004  mc_w.l(entry5.o)
    0x00026208   0x00026208   0x00000000   Code   RO         8666    .ARM.Collect$$$$00000008  mc_w.l(entry7b.o)
    0x00026208   0x00026208   0x00000000   Code   RO         8668    .ARM.Collect$$$$0000000A  mc_w.l(entry8b.o)
    0x00026208   0x00026208   0x00000008   Code   RO         8669    .ARM.Collect$$$$0000000B  mc_w.l(entry9a.o)
    0x00026210   0x00026210   0x00000000   Code   RO         8671    .ARM.Collect$$$$0000000D  mc_w.l(entry10a.o)
    0x00026210   0x00026210   0x00000000   Code   RO         8673    .ARM.Collect$$$$0000000F  mc_w.l(entry11a.o)
    0x00026210   0x00026210   0x00000004   Code   RO         8662    .ARM.Collect$$$$00002712  mc_w.l(entry2.o)
    0x00026214   0x00026214   0x0000001a   Code   RO         3966    .emb_text           app_error_handler_keil.o
    0x0002622e   0x0002622e   0x00000002   PAD
    0x00026230   0x00026230   0x000000c8   Code   RO         4634    .emb_text           nrf_atfifo.o
    0x000262f8   0x000262f8   0x000000e2   Code   RO         4770    .emb_text           nrf_atomic.o
    0x000263da   0x000263da   0x00000002   PAD
    0x000263dc   0x000263dc   0x00000024   Code   RO         8284    .text               arm_startup_nrf52.o
    0x00026400   0x00026400   0x00000020   Code   RO         8354    .text               mc_w.l(llushr.o)
    0x00026420   0x00026420   0x00000008   Code   RO         8356    .text               mc_w.l(ctype_o.o)
    0x00026428   0x00026428   0x00000024   Code   RO         8384    .text               mc_w.l(memcpya.o)
    0x0002644c   0x0002644c   0x00000024   Code   RO         8386    .text               mc_w.l(memseta.o)
    0x00026470   0x00026470   0x0000000e   Code   RO         8388    .text               mc_w.l(strlen.o)
    0x0002647e   0x0002647e   0x0000001a   Code   RO         8390    .text               mc_w.l(memcmp.o)
    0x00026498   0x00026498   0x00000012   Code   RO         8392    .text               mc_w.l(strcpy.o)
    0x000264aa   0x000264aa   0x0000001e   Code   RO         8394    .text               mc_w.l(strncmp.o)
    0x000264c8   0x000264c8   0x0000001a   Code   RO         8659    .text               mc_w.l(atoi.o)
    0x000264e2   0x000264e2   0x0000002c   Code   RO         8675    .text               mc_w.l(uidiv.o)
    0x0002650e   0x0002650e   0x00000070   Code   RO         8686    .text               mc_w.l(strtol.o)
    0x0002657e   0x0002657e   0x00000002   PAD
    0x00026580   0x00026580   0x00000024   Code   RO         8699    .text               mc_w.l(init.o)
    0x000265a4   0x000265a4   0x0000009e   Code   RO         8703    .text               mc_w.l(_strtoul.o)
    0x00026642   0x00026642   0x0000001c   Code   RO         8707    .text               mc_w.l(_chval.o)
    0x0002665e   0x0002665e   0x00000056   Code   RO         8717    .text               mc_w.l(__dczerorl2.o)
    0x000266b4   0x000266b4   0x00000054   Code   RO         7523    i.ADC_to_BattLvl    ll_battery.o
    0x00026708   0x00026708   0x00000004   Code   RO         7674    i.COMP_LPCOMP_IRQHandler  esb_timeslot.o
    0x0002670c   0x0002670c   0x000000a4   Code   RO         2535    i.GPIOTE_IRQHandler  nrfx_gpiote.o
    0x000267b0   0x000267b0   0x0000007c   Code   RO            5    i.IndicatorOfBrakeFuncOnOff__Start  main.o
    0x0002682c   0x0002682c   0x000000a8   Code   RO         7564    i.LL_ADC_Init       ll_adc_nrf52.o
    0x000268d4   0x000268d4   0x00000004   Code   RO         7565    i.LL_ADC_StartSingleConversion  ll_adc_nrf52.o
    0x000268d8   0x000268d8   0x00000088   Code   RO            7    i.LL_BLE_SetAdManu  main.o
    0x00026960   0x00026960   0x0000000c   Code   RO         7496    i.LL_Battery_Charging__Init  ll_battery_charge.o
    0x0002696c   0x0002696c   0x00000004   Code   RO         7497    i.LL_Battery_Charging__NotOnlyChargingMode_ButAlsoChargingIndeed  ll_battery_charge.o
    0x00026970   0x00026970   0x0000002c   Code   RO         7524    i.LL_Battery_Init   ll_battery.o
    0x0002699c   0x0002699c   0x00000068   Code   RO         7525    i.LL_Battery_Level  ll_battery.o
    0x00026a04   0x00026a04   0x00000090   Code   RO         7526    i.LL_Battery_Mainloop  ll_battery.o
    0x00026a94   0x00026a94   0x00000014   Code   RO         7498    i.LL_Battery__isCharging  ll_battery_charge.o
    0x00026aa8   0x00026aa8   0x00000014   Code   RO          635    i.LL_BeepForTurning__OFF  ll_sysmode.o
    0x00026abc   0x00026abc   0x00000028   Code   RO         7045    i.LL_Clock__OTHERS_LED_CLOCK_get  ll_clock_nrf51sd.o
    0x00026ae4   0x00026ae4   0x00000048   Code   RO         7358    i.LL_Convert_Rgb_To_Pwm_Sequence  ll_drv_ws2812.o
    0x00026b2c   0x00026b2c   0x00000028   Code   RO         7361    i.LL_Drv_Ws2812_Display  ll_drv_ws2812.o
    0x00026b54   0x00026b54   0x00000018   Code   RO         7818    i.LL_Drv_Ws2812_Mode  ll_drv_ws2812_gfx_glue_layer.o
    0x00026b6c   0x00026b6c   0x0000002c   Code   RO         7821    i.LL_Drv_Ws2812_Mode10  ll_drv_ws2812_gfx_glue_layer.o
    0x00026b98   0x00026b98   0x00000030   Code   RO         7362    i.LL_Drv_Ws2812_Pixel_Draw  ll_drv_ws2812.o
    0x00026bc8   0x00026bc8   0x00000036   Code   RO         7363    i.LL_Drv_Ws2812_Rectangle_Draw  ll_drv_ws2812.o
    0x00026bfe   0x00026bfe   0x0000001c   Code   RO         7832    i.LL_Drv_Ws2812_Reset  ll_drv_ws2812_gfx_glue_layer.o
    0x00026c1a   0x00026c1a   0x00000002   Code   RO            8    i.LL_ESB_callback_esb_started  main.o
    0x00026c1c   0x00026c1c   0x00000042   Code   RO         6981    i.LL_GPIO_InputCfg  ll_gpio_nrf52.o
    0x00026c5e   0x00026c5e   0x00000002   PAD
    0x00026c60   0x00026c60   0x00000014   Code   RO         6982    i.LL_GPIO_InputRead  ll_gpio_nrf52.o
    0x00026c74   0x00026c74   0x0000004c   Code   RO         6983    i.LL_GPIO_OutputCfg  ll_gpio_nrf52.o
    0x00026cc0   0x00026cc0   0x00000018   Code   RO         6984    i.LL_GPIO_OutputWrite  ll_gpio_nrf52.o
    0x00026cd8   0x00026cd8   0x0000001c   Code   RO          636    i.LL_Helmet_ChangeStateTo_BeepBeforeOFF  ll_sysmode.o
    0x00026cf4   0x00026cf4   0x00000074   Code   RO          637    i.LL_Helmet_ChangeStateTo_BeepBeforeON  ll_sysmode.o
    0x00026d68   0x00026d68   0x00000028   Code   RO          639    i.LL_Helmet_ChangeStateTo_Init  ll_sysmode.o
    0x00026d90   0x00026d90   0x00000050   Code   RO          640    i.LL_Helmet_ChangeStateTo_NextMode  ll_sysmode.o
    0x00026de0   0x00026de0   0x00000020   Code   RO          641    i.LL_Helmet_ChangeStateTo_OFF  ll_sysmode.o
    0x00026e00   0x00026e00   0x0000003c   Code   RO          642    i.LL_Helmet_ChangeStateTo_ON  ll_sysmode.o
    0x00026e3c   0x00026e3c   0x00000080   Code   RO          643    i.LL_Helmet_ChangeStateTo_Pairing  ll_sysmode.o
    0x00026ebc   0x00026ebc   0x000000d4   Code   RO          646    i.LL_Helmet_Mainloop  ll_sysmode.o
    0x00026f90   0x00026f90   0x00000060   Code   RO          647    i.LL_Helmet_State_BeepBeforeOFF  ll_sysmode.o
    0x00026ff0   0x00026ff0   0x000000bc   Code   RO          648    i.LL_Helmet_State_BeepBeforeON  ll_sysmode.o
    0x000270ac   0x000270ac   0x0000006c   Code   RO          649    i.LL_Helmet_State_Init  ll_sysmode.o
    0x00027118   0x00027118   0x000000b4   Code   RO          650    i.LL_Helmet_State_OFF  ll_sysmode.o
    0x000271cc   0x000271cc   0x000000dc   Code   RO          651    i.LL_Helmet_State_ON  ll_sysmode.o
    0x000272a8   0x000272a8   0x000000d4   Code   RO          652    i.LL_Helmet_State_Pairing  ll_sysmode.o
    0x0002737c   0x0002737c   0x000000f4   Code   RO          653    i.LL_Helmet_State_PcbTestingMode  ll_sysmode.o
    0x00027470   0x00027470   0x0000014c   Code   RO          654    i.LL_Helmet_State_ProductionTestingMode  ll_sysmode.o
    0x000275bc   0x000275bc   0x00000020   Code   RO         6930    i.LL_Key_EvtFetch   ll_key.o
    0x000275dc   0x000275dc   0x00000010   Code   RO         6932    i.LL_Key_IgnoreNextRelease  ll_key.o
    0x000275ec   0x000275ec   0x0000002c   Code   RO         6933    i.LL_Key_Init       ll_key.o
    0x00027618   0x00027618   0x0000002c   Code   RO         6934    i.LL_Key_Init_With_No_Trigger  ll_key.o
    0x00027644   0x00027644   0x00000080   Code   RO         6935    i.LL_Key_Scan       ll_key.o
    0x000276c4   0x000276c4   0x00000014   Code   RO         7222    i.LL_LED_Brightness  ll_led_helmet_v2.o
    0x000276d8   0x000276d8   0x00000030   Code   RO         7224    i.LL_LED_Flashing   ll_led_helmet_v2.o
    0x00027708   0x00027708   0x0000001c   Code   RO         7228    i.LL_LED_OFF        ll_led_helmet_v2.o
    0x00027724   0x00027724   0x0000001c   Code   RO         7229    i.LL_LED_ON         ll_led_helmet_v2.o
    0x00027740   0x00027740   0x00000012   Code   RO         7230    i.LL_LEDs_OFF       ll_led_helmet_v2.o
    0x00027752   0x00027752   0x00000012   Code   RO         7231    i.LL_LEDs_PowerOff_BeforeSleep  ll_led_helmet_v2.o
    0x00027764   0x00027764   0x00000028   Code   RO         7232    i.LL_LEDs_init      ll_led_helmet_v2.o
    0x0002778c   0x0002778c   0x00000200   Code   RO         7233    i.LL_LEDs_routine_100us  ll_led_helmet_v2.o
    0x0002798c   0x0002798c   0x00000074   Code   RO         7093    i.LL_PWM_DutySet    ll_pwm_nrf51.o
    0x00027a00   0x00027a00   0x00000180   Code   RO         7095    i.LL_PWM_Init       ll_pwm_nrf51.o
    0x00027b80   0x00027b80   0x00000070   Code   RO         7096    i.LL_PWM_OFF        ll_pwm_nrf51.o
    0x00027bf0   0x00027bf0   0x000000d0   Code   RO         7097    i.LL_PWM_ON         ll_pwm_nrf51.o
    0x00027cc0   0x00027cc0   0x00000028   Code   RO         7098    i.LL_PWM_Sleep      ll_pwm_nrf51.o
    0x00027ce8   0x00027ce8   0x0000001c   Code   RO         7100    i.LL_PWM_isOFF      ll_pwm_nrf51.o
    0x00027d04   0x00027d04   0x0000001c   Code   RO         7101    i.LL_PWM_isON       ll_pwm_nrf51.o
    0x00027d20   0x00027d20   0x00000090   Code   RO         7102    i.LL_PWM_perDuty    ll_pwm_nrf51.o
    0x00027db0   0x00027db0   0x00000030   Code   RO         7616    i.LL_Para__get_flashing_pattern  ll_para.o
    0x00027de0   0x00027de0   0x0000002c   Code   RO         7617    i.LL_Para__set_flashing_pattern_fromApp  ll_para.o
    0x00027e0c   0x00027e0c   0x0000000c   Code   RO         7618    i.LL_Para__set_flashing_pattern_fromButtonSwitch  ll_para.o
    0x00027e18   0x00027e18   0x0000002a   Code   RO            9    i.LL_Power_BeforeSleep  main.o
    0x00027e42   0x00027e42   0x00000004   Code   RO           10    i.LL_Power_Sleep    main.o
    0x00027e46   0x00027e46   0x00000002   PAD
    0x00027e48   0x00027e48   0x00000020   Code   RO         7364    i.LL_Pwm1_Sleep     ll_drv_ws2812.o
    0x00027e68   0x00027e68   0x0000007c   Code   RO         7365    i.LL_WS2812_Init    ll_drv_ws2812.o
    0x00027ee4   0x00027ee4   0x0000007c   Code   RO         7833    i.LL_WS2812_SetFlashPattern  ll_drv_ws2812_gfx_glue_layer.o
    0x00027f60   0x00027f60   0x00000058   Code   RO         2396    i.POWER_CLOCK_IRQHandler  nrfx_clock.o
    0x00027fb8   0x00027fb8   0x00000010   Code   RO         3394    i.PWM0_IRQHandler   nrfx_pwm.o
    0x00027fc8   0x00027fc8   0x00000010   Code   RO         3395    i.PWM1_IRQHandler   nrfx_pwm.o
    0x00027fd8   0x00027fd8   0x00000010   Code   RO         3396    i.PWM2_IRQHandler   nrfx_pwm.o
    0x00027fe8   0x00027fe8   0x00000014   Code   RO         7678    i.QDEC_IRQHandler   esb_timeslot.o
    0x00027ffc   0x00027ffc   0x0000005c   Code   RO         7964    i.RADIO_IRQHandler  nrf_esb.o
    0x00028058   0x00028058   0x00000010   Code   RO         4423    i.RTC1_IRQHandler   drv_rtc.o
    0x00028068   0x00028068   0x00000148   Code   RO         3242    i.SAADC_IRQHandler  nrfx_saadc.o
    0x000281b0   0x000281b0   0x00000004   Code   RO         6472    i.SEGGER_RTT_Init   segger_rtt.o
    0x000281b4   0x000281b4   0x0000005c   Code   RO         6486    i.SEGGER_RTT_WriteNoLock  segger_rtt.o
    0x00028210   0x00028210   0x00000058   Code   RO         7965    i.SWI0_EGU0_IRQHandler  nrf_esb.o
    0x00028268   0x00028268   0x00000004   Code   RO         6723    i.SWI2_EGU2_IRQHandler  nrf_sdh.o
    0x0002826c   0x0002826c   0x000002ec   Code   RO         8292    i.SystemInit        system_nrf52.o
    0x00028558   0x00028558   0x00000050   Code   RO         3519    i.TIMER1_IRQHandler  nrfx_timer.o
    0x000285a8   0x000285a8   0x0000002c   Code   RO         7966    i.TIMER3_IRQHandler  nrf_esb.o
    0x000285d4   0x000285d4   0x0000000e   Code   RO         7527    i.T_BatteryMeasure__ResetTempVar  ll_battery.o
    0x000285e2   0x000285e2   0x00000002   PAD
    0x000285e4   0x000285e4   0x00000040   Code   RO           12    i.TxCurrentFlashModeToApp__Start  main.o
    0x00028624   0x00028624   0x0000000c   Code   RO         2840    i.UARTE0_UART0_IRQHandler  nrfx_prs.o
    0x00028630   0x00028630   0x00000068   Code   RO         6490    i._DoInit           segger_rtt.o
    0x00028698   0x00028698   0x00000016   Code   RO         6491    i._GetAvailWriteSpace  segger_rtt.o
    0x000286ae   0x000286ae   0x0000005a   Code   RO         6493    i._WriteBlocking    segger_rtt.o
    0x00028708   0x00028708   0x00000042   Code   RO         6494    i._WriteNoCheck     segger_rtt.o
    0x0002874a   0x0002874a   0x00000002   PAD
    0x0002874c   0x0002874c   0x00000028   Code   RO         8555    i.__0sprintf$6      mc_w.l(printf6.o)
    0x00028774   0x00028774   0x00000022   Code   RO         7968    i.__NVIC_DisableIRQ  nrf_esb.o
    0x00028796   0x00028796   0x0000001a   Code   RO         7969    i.__NVIC_EnableIRQ  nrf_esb.o
    0x000287b0   0x000287b0   0x00000024   Code   RO         8293    i.__NVIC_SystemReset  system_nrf52.o
    0x000287d4   0x000287d4   0x00000008   Code   RO         8679    i.__aeabi_errno_addr  mc_w.l(errno.o)
    0x000287dc   0x000287dc   0x0000000e   Code   RO         8711    i.__scatterload_copy  mc_w.l(handlers.o)
    0x000287ea   0x000287ea   0x00000002   Code   RO         8712    i.__scatterload_null  mc_w.l(handlers.o)
    0x000287ec   0x000287ec   0x0000000e   Code   RO         8713    i.__scatterload_zeroinit  mc_w.l(handlers.o)
    0x000287fa   0x000287fa   0x00000002   PAD
    0x000287fc   0x000287fc   0x00000024   Code   RO         6724    i.__sd_nvic_app_accessible_irq  nrf_sdh.o
    0x00028820   0x00028820   0x000002f0   Code   RO         8560    i._printf_core      mc_w.l(printf6.o)
    0x00028b10   0x00028b10   0x00000024   Code   RO         8561    i._printf_post_padding  mc_w.l(printf6.o)
    0x00028b34   0x00028b34   0x0000002e   Code   RO         8562    i._printf_pre_padding  mc_w.l(printf6.o)
    0x00028b62   0x00028b62   0x0000000a   Code   RO         8564    i._sputc            mc_w.l(printf6.o)
    0x00028b6c   0x00028b6c   0x0000000c   Code   RO         5858    i.addr_is_aligned32  nrf_fstorage.o
    0x00028b78   0x00028b78   0x00000018   Code   RO         5859    i.addr_is_within_bounds  nrf_fstorage.o
    0x00028b90   0x00028b90   0x00000010   Code   RO         1103    i.adv_set_data_size_max_get  ble_advertising.o
    0x00028ba0   0x00028ba0   0x0000006c   Code   RO           14    i.advertising_init  main.o
    0x00028c0c   0x00028c0c   0x00000164   Code   RO         3988    i.app_error_fault_handler  app_error_weak.o
    0x00028d70   0x00028d70   0x00000064   Code   RO         3933    i.app_error_save_and_stop  app_error.o
    0x00028dd4   0x00028dd4   0x0000003c   Code   RO         5398    i.app_pwm_busy_check  app_pwm.o
    0x00028e10   0x00028e10   0x00000014   Code   RO         5400    i.app_pwm_channel_duty_set  app_pwm.o
    0x00028e24   0x00028e24   0x00000078   Code   RO         5402    i.app_pwm_channel_duty_ticks_set  app_pwm.o
    0x00028e9c   0x00028e9c   0x000000f8   Code   RO         5403    i.app_pwm_channel_init  app_pwm.o
    0x00028f94   0x00028f94   0x00000078   Code   RO         5405    i.app_pwm_disable   app_pwm.o
    0x0002900c   0x0002900c   0x00000078   Code   RO         5406    i.app_pwm_enable    app_pwm.o
    0x00029084   0x00029084   0x00000194   Code   RO         5407    i.app_pwm_init      app_pwm.o
    0x00029218   0x00029218   0x0000002a   Code   RO         5408    i.app_pwm_uninit    app_pwm.o
    0x00029242   0x00029242   0x00000002   PAD
    0x00029244   0x00029244   0x00000058   Code   RO           15    i.app_shutdown_handler  main.o
    0x0002929c   0x0002929c   0x0000000c   Code   RO         4140    i.app_timer_cnt_get  app_timer2.o
    0x000292a8   0x000292a8   0x00000020   Code   RO         4141    i.app_timer_create  app_timer2.o
    0x000292c8   0x000292c8   0x0000005c   Code   RO         4142    i.app_timer_init    app_timer2.o
    0x00029324   0x00029324   0x00000054   Code   RO         4145    i.app_timer_start   app_timer2.o
    0x00029378   0x00029378   0x00000044   Code   RO         4146    i.app_timer_stop    app_timer2.o
    0x000293bc   0x000293bc   0x00000048   Code   RO         4355    i.app_util_critical_region_enter  app_util_platform.o
    0x00029404   0x00029404   0x00000034   Code   RO         4356    i.app_util_critical_region_exit  app_util_platform.o
    0x00029438   0x00029438   0x0000000c   Code   RO         3648    i.are_app_channels  nrfx_ppi.o
    0x00029444   0x00029444   0x0000009c   Code   RO         1991    i.battery_level_char_add  ble_bas.o
    0x000294e0   0x000294e0   0x00000054   Code   RO           17    i.battery_level_update  main.o
    0x00029534   0x00029534   0x0000000a   Code   RO         1992    i.battery_notification_send  ble_bas.o
    0x0002953e   0x0002953e   0x00000048   Code   RO         1445    i.blcm_link_ctx_get  ble_link_ctx_manager.o
    0x00029586   0x00029586   0x00000182   Code   RO          997    i.ble_advdata_encode  ble_advdata.o
    0x00029708   0x00029708   0x00000020   Code   RO          999    i.ble_advdata_parse  ble_advdata.o
    0x00029728   0x00029728   0x00000046   Code   RO         1000    i.ble_advdata_search  ble_advdata.o
    0x0002976e   0x0002976e   0x000000a0   Code   RO         1104    i.ble_advertising_advdata_update  ble_advertising.o
    0x0002980e   0x0002980e   0x00000006   Code   RO         1105    i.ble_advertising_conn_cfg_tag_set  ble_advertising.o
    0x00029814   0x00029814   0x000000f8   Code   RO         1106    i.ble_advertising_init  ble_advertising.o
    0x0002990c   0x0002990c   0x00000008   Code   RO         1107    i.ble_advertising_modes_config_set  ble_advertising.o
    0x00029914   0x00029914   0x0000006a   Code   RO         1108    i.ble_advertising_on_ble_evt  ble_advertising.o
    0x0002997e   0x0002997e   0x00000230   Code   RO         1111    i.ble_advertising_start  ble_advertising.o
    0x00029bae   0x00029bae   0x00000002   PAD
    0x00029bb0   0x00029bb0   0x000000c0   Code   RO         1993    i.ble_bas_battery_level_update  ble_bas.o
    0x00029c70   0x00029c70   0x0000003e   Code   RO         1995    i.ble_bas_init      ble_bas.o
    0x00029cae   0x00029cae   0x00000052   Code   RO         1996    i.ble_bas_on_ble_evt  ble_bas.o
    0x00029d00   0x00029d00   0x00000068   Code   RO         1202    i.ble_conn_params_init  ble_conn_params.o
    0x00029d68   0x00029d68   0x0000000c   Code   RO         1276    i.ble_conn_state_conn_handles  ble_conn_state.o
    0x00029d74   0x00029d74   0x00000012   Code   RO         1277    i.ble_conn_state_conn_idx  ble_conn_state.o
    0x00029d86   0x00029d86   0x00000002   PAD
    0x00029d88   0x00029d88   0x00000014   Code   RO         1279    i.ble_conn_state_for_each_connected  ble_conn_state.o
    0x00029d9c   0x00029d9c   0x00000024   Code   RO         1287    i.ble_conn_state_status  ble_conn_state.o
    0x00029dc0   0x00029dc0   0x00000014   Code   RO         1291    i.ble_conn_state_valid  ble_conn_state.o
    0x00029dd4   0x00029dd4   0x00000060   Code   RO         1003    i.ble_device_addr_encode  ble_advdata.o
    0x00029e34   0x00029e34   0x00000024   Code   RO         1866    i.ble_dfu_buttonless_async_svci_init  ble_dfu_unbonded.o
    0x00029e58   0x00029e58   0x00000014   Code   RO         1867    i.ble_dfu_buttonless_backend_init  ble_dfu_unbonded.o
    0x00029e6c   0x00029e6c   0x0000002c   Code   RO         1768    i.ble_dfu_buttonless_bootloader_start_finalize  ble_dfu.o
    0x00029e98   0x00029e98   0x00000018   Code   RO         1868    i.ble_dfu_buttonless_bootloader_start_prepare  ble_dfu_unbonded.o
    0x00029eb0   0x00029eb0   0x00000050   Code   RO         1869    i.ble_dfu_buttonless_char_add  ble_dfu_unbonded.o
    0x00029f00   0x00029f00   0x00000070   Code   RO         1769    i.ble_dfu_buttonless_init  ble_dfu.o
    0x00029f70   0x00029f70   0x00000080   Code   RO         1770    i.ble_dfu_buttonless_on_ble_evt  ble_dfu.o
    0x00029ff0   0x00029ff0   0x000000dc   Code   RO         1870    i.ble_dfu_buttonless_on_ctrl_pt_write  ble_dfu_unbonded.o
    0x0002a0cc   0x0002a0cc   0x00000060   Code   RO         1871    i.ble_dfu_buttonless_on_sys_evt  ble_dfu_unbonded.o
    0x0002a12c   0x0002a12c   0x00000054   Code   RO         1771    i.ble_dfu_buttonless_resp_send  ble_dfu.o
    0x0002a180   0x0002a180   0x000001a0   Code   RO           18    i.ble_dfu_evt_handler  main.o
    0x0002a320   0x0002a320   0x0000013c   Code   RO         1950    i.ble_dis_init      ble_dis.o
    0x0002a45c   0x0002a45c   0x0000008c   Code   RO           19    i.ble_evt_handler   main.o
    0x0002a4e8   0x0002a4e8   0x000000fc   Code   RO         1204    i.ble_evt_handler   ble_conn_params.o
    0x0002a5e4   0x0002a5e4   0x00000158   Code   RO         1292    i.ble_evt_handler   ble_conn_state.o
    0x0002a73c   0x0002a73c   0x00000066   Code   RO         1674    i.ble_nus_data_send  ble_nus.o
    0x0002a7a2   0x0002a7a2   0x00000002   PAD
    0x0002a7a4   0x0002a7a4   0x000000d4   Code   RO         1675    i.ble_nus_init      ble_nus.o
    0x0002a878   0x0002a878   0x00000076   Code   RO         1676    i.ble_nus_on_ble_evt  ble_nus.o
    0x0002a8ee   0x0002a8ee   0x00000012   Code   RO         1469    i.ble_srv_ascii_to_utf8  ble_srv_common.o
    0x0002a900   0x0002a900   0x00000008   Code   RO         1470    i.ble_srv_is_indication_enabled  ble_srv_common.o
    0x0002a908   0x0002a908   0x00000008   Code   RO         1471    i.ble_srv_is_notification_enabled  ble_srv_common.o
    0x0002a910   0x0002a910   0x0000000c   Code   RO         1472    i.ble_srv_report_ref_encode  ble_srv_common.o
    0x0002a91c   0x0002a91c   0x00000044   Code   RO           20    i.ble_stack_init    main.o
    0x0002a960   0x0002a960   0x00000094   Code   RO         6220    i.buf_prealloc      nrf_log_frontend.o
    0x0002a9f4   0x0002a9f4   0x0000002e   Code   RO         4982    i.buffer_add        nrf_fprintf_format.o
    0x0002aa22   0x0002aa22   0x00000002   PAD
    0x0002aa24   0x0002aa24   0x00000018   Code   RO         6221    i.buffer_is_empty   nrf_log_frontend.o
    0x0002aa3c   0x0002aa3c   0x00000018   Code   RO           21    i.buttonless_dfu_sdh_state_observer  main.o
    0x0002aa54   0x0002aa54   0x0000001c   Code   RO         2536    i.channel_free      nrfx_gpiote.o
    0x0002aa70   0x0002aa70   0x00000048   Code   RO         2537    i.channel_port_alloc  nrfx_gpiote.o
    0x0002aab8   0x0002aab8   0x00000010   Code   RO         2538    i.channel_port_get  nrfx_gpiote.o
    0x0002aac8   0x0002aac8   0x000000a8   Code   RO         1951    i.char_add          ble_dis.o
    0x0002ab70   0x0002ab70   0x00000190   Code   RO         1473    i.characteristic_add  ble_srv_common.o
    0x0002ad00   0x0002ad00   0x00000020   Code   RO           22    i.clock1ms_timeout_handler  main.o
    0x0002ad20   0x0002ad20   0x00000028   Code   RO         2051    i.clock_clk_started_notify  nrf_drv_clock.o
    0x0002ad48   0x0002ad48   0x0000001c   Code   RO         2052    i.clock_irq_handler  nrf_drv_clock.o
    0x0002ad64   0x0002ad64   0x00000018   Code   RO         4148    i.compare_func      app_timer2.o
    0x0002ad7c   0x0002ad7c   0x00000066   Code   RO         3397    i.configure_pins    nrfx_pwm.o
    0x0002ade2   0x0002ade2   0x0000003e   Code   RO         1293    i.conn_handle_list_get  ble_conn_state.o
    0x0002ae20   0x0002ae20   0x00000088   Code   RO         1004    i.conn_int_encode   ble_advdata.o
    0x0002aea8   0x0002aea8   0x0000001c   Code   RO           23    i.conn_params_error_handler  main.o
    0x0002aec4   0x0002aec4   0x00000048   Code   RO         1205    i.conn_params_negotiation  ble_conn_params.o
    0x0002af0c   0x0002af0c   0x00000036   Code   RO         6057    i.crc16_compute     crc16.o
    0x0002af42   0x0002af42   0x00000002   PAD
    0x0002af44   0x0002af44   0x000000c0   Code   RO         1531    i.data_length_update  nrf_ble_gatt.o
    0x0002b004   0x0002b004   0x0000008c   Code   RO         5533    i.delete_execute    fds.o
    0x0002b090   0x0002b090   0x00000002   Code   RO         7103    i.demo1_handler     ll_pwm_nrf51.o
    0x0002b092   0x0002b092   0x000000aa   Code   RO         1474    i.descriptor_add    ble_srv_common.o
    0x0002b13c   0x0002b13c   0x00000034   Code   RO           24    i.disconnect        main.o
    0x0002b170   0x0002b170   0x00000014   Code   RO         6222    i.dropped_sat16_get  nrf_log_frontend.o
    0x0002b184   0x0002b184   0x00000014   Code   RO         4424    i.drv_rtc_compare_disable  drv_rtc.o
    0x0002b198   0x0002b198   0x0000000e   Code   RO         4427    i.drv_rtc_compare_pending  drv_rtc.o
    0x0002b1a6   0x0002b1a6   0x00000050   Code   RO         4428    i.drv_rtc_compare_set  drv_rtc.o
    0x0002b1f6   0x0002b1f6   0x00000008   Code   RO         4429    i.drv_rtc_counter_get  drv_rtc.o
    0x0002b1fe   0x0002b1fe   0x00000002   PAD
    0x0002b200   0x0002b200   0x000000d8   Code   RO         4430    i.drv_rtc_init      drv_rtc.o
    0x0002b2d8   0x0002b2d8   0x0000001e   Code   RO         4431    i.drv_rtc_irq_trigger  drv_rtc.o
    0x0002b2f6   0x0002b2f6   0x00000008   Code   RO         4433    i.drv_rtc_overflow_enable  drv_rtc.o
    0x0002b2fe   0x0002b2fe   0x00000008   Code   RO         4434    i.drv_rtc_overflow_pending  drv_rtc.o
    0x0002b306   0x0002b306   0x00000008   Code   RO         4435    i.drv_rtc_start     drv_rtc.o
    0x0002b30e   0x0002b30e   0x00000008   Code   RO         4436    i.drv_rtc_stop      drv_rtc.o
    0x0002b316   0x0002b316   0x000000de   Code   RO         4441    i.drv_rtc_windowed_compare_set  drv_rtc.o
    0x0002b3f4   0x0002b3f4   0x00000002   Code   RO         1772    i.dummy_evt_handler  ble_dfu.o
    0x0002b3f6   0x0002b3f6   0x00000002   PAD
    0x0002b3f8   0x0002b3f8   0x0000004c   Code   RO         5945    i.erase             nrf_fstorage_sd.o
    0x0002b444   0x0002b444   0x00000074   Code   RO         5534    i.event_prepare     fds.o
    0x0002b4b8   0x0002b4b8   0x00000020   Code   RO         5535    i.event_send        fds.o
    0x0002b4d8   0x0002b4d8   0x00000054   Code   RO         5946    i.event_send        nrf_fstorage_sd.o
    0x0002b52c   0x0002b52c   0x00000012   Code   RO         4442    i.evt_enable        drv_rtc.o
    0x0002b53e   0x0002b53e   0x00000014   Code   RO         4443    i.evt_pending       drv_rtc.o
    0x0002b552   0x0002b552   0x00000002   PAD
    0x0002b554   0x0002b554   0x00000030   Code   RO         7435    i.fds_evt_handler   ll_flash.o
    0x0002b584   0x0002b584   0x00000040   Code   RO         5538    i.fds_gc            fds.o
    0x0002b5c4   0x0002b5c4   0x000000e8   Code   RO         5539    i.fds_init          fds.o
    0x0002b6ac   0x0002b6ac   0x00000048   Code   RO         5540    i.fds_record_close  fds.o
    0x0002b6f4   0x0002b6f4   0x0000000e   Code   RO         5542    i.fds_record_find   fds.o
    0x0002b702   0x0002b702   0x00000002   PAD
    0x0002b704   0x0002b704   0x00000080   Code   RO         5547    i.fds_record_open   fds.o
    0x0002b784   0x0002b784   0x00000010   Code   RO         5548    i.fds_record_update  fds.o
    0x0002b794   0x0002b794   0x00000008   Code   RO         5549    i.fds_record_write  fds.o
    0x0002b79c   0x0002b79c   0x00000030   Code   RO         5551    i.fds_register      fds.o
    0x0002b7cc   0x0002b7cc   0x000000a0   Code   RO         5554    i.fds_stat          fds.o
    0x0002b86c   0x0002b86c   0x0000000a   Code   RO         1294    i.flag_toggle       ble_conn_state.o
    0x0002b876   0x0002b876   0x00000028   Code   RO         1113    i.flags_set         ble_advertising.o
    0x0002b89e   0x0002b89e   0x00000002   PAD
    0x0002b8a0   0x0002b8a0   0x000000d4   Code   RO         7436    i.flash_init        ll_flash.o
    0x0002b974   0x0002b974   0x00000024   Code   RO         7437    i.flash_load        ll_flash.o
    0x0002b998   0x0002b998   0x000000c8   Code   RO         7438    i.flash_store       ll_flash.o
    0x0002ba60   0x0002ba60   0x00000030   Code   RO         1295    i.for_each_set_flag  ble_conn_state.o
    0x0002ba90   0x0002ba90   0x00000006   Code   RO         5555    i.fs_event_handler  fds.o
    0x0002ba96   0x0002ba96   0x00000002   PAD
    0x0002ba98   0x0002ba98   0x00000068   Code   RO           25    i.gap_params_init   main.o
    0x0002bb00   0x0002bb00   0x0000005c   Code   RO           26    i.gatt_evt_handler  main.o
    0x0002bb5c   0x0002bb5c   0x0000004c   Code   RO           27    i.gatt_init         main.o
    0x0002bba8   0x0002bba8   0x00000080   Code   RO         5556    i.gc_execute        fds.o
    0x0002bc28   0x0002bc28   0x0000004c   Code   RO         5557    i.gc_next_page      fds.o
    0x0002bc74   0x0002bc74   0x00000040   Code   RO         5558    i.gc_page_erase     fds.o
    0x0002bcb4   0x0002bcb4   0x00000034   Code   RO         5559    i.gc_record_copy    fds.o
    0x0002bce8   0x0002bce8   0x00000024   Code   RO         5560    i.gc_record_find_next  fds.o
    0x0002bd0c   0x0002bd0c   0x00000070   Code   RO         5561    i.gc_state_advance  fds.o
    0x0002bd7c   0x0002bd7c   0x00000030   Code   RO         5562    i.gc_swap_pages     fds.o
    0x0002bdac   0x0002bdac   0x00000034   Code   RO         4149    i.get_now           app_timer2.o
    0x0002bde0   0x0002bde0   0x0000002c   Code   RO         5563    i.header_check      fds.o
    0x0002be0c   0x0002be0c   0x00000012   Code   RO         5564    i.header_has_next   fds.o
    0x0002be1e   0x0002be1e   0x00000002   PAD
    0x0002be20   0x0002be20   0x00000034   Code   RO         5947    i.init              nrf_fstorage_sd.o
    0x0002be54   0x0002be54   0x000000c4   Code   RO         5565    i.init_execute      fds.o
    0x0002bf18   0x0002bf18   0x00000014   Code   RO         1206    i.instance_get      ble_conn_params.o
    0x0002bf2c   0x0002bf2c   0x000000a6   Code   RO         4983    i.int_print         nrf_fprintf_format.o
    0x0002bfd2   0x0002bfd2   0x00000034   Code   RO         6223    i.invalid_packets_omit  nrf_log_frontend.o
    0x0002c006   0x0002c006   0x0000009c   Code   RO         3398    i.irq_handler       nrfx_pwm.o
    0x0002c0a2   0x0002c0a2   0x00000002   PAD
    0x0002c0a4   0x0002c0a4   0x00000018   Code   RO         3649    i.is_allocated_channel  nrfx_ppi.o
    0x0002c0bc   0x0002c0bc   0x0000000a   Code   RO         3651    i.is_app_channel    nrfx_ppi.o
    0x0002c0c6   0x0002c0c6   0x00000002   PAD
    0x0002c0c8   0x0002c0c8   0x00000010   Code   RO         5948    i.is_busy           nrf_fstorage_sd.o
    0x0002c0d8   0x0002c0d8   0x00000044   Code   RO         1207    i.is_conn_params_ok  ble_conn_params.o
    0x0002c11c   0x0002c11c   0x0000000c   Code   RO         3653    i.is_programmable_app_channel  nrfx_ppi.o
    0x0002c128   0x0002c128   0x0000000c   Code   RO         5566    i.is_word_aligned   fds.o
    0x0002c134   0x0002c134   0x00000018   Code   RO         1532    i.link_init         nrf_ble_gatt.o
    0x0002c14c   0x0002c14c   0x00000002   Code   RO         6224    i.log_pending_hook  nrf_log_frontend.o
    0x0002c14e   0x0002c14e   0x00000002   PAD
    0x0002c150   0x0002c150   0x000000a4   Code   RO         6225    i.log_skip          nrf_log_frontend.o
    0x0002c1f4   0x0002c1f4   0x00000280   Code   RO           28    i.main              main.o
    0x0002c474   0x0002c474   0x00000064   Code   RO         1005    i.manuf_specific_data_encode  ble_advdata.o
    0x0002c4d8   0x0002c4d8   0x0000007e   Code   RO         5022    i.memobj_op         nrf_memobj.o
    0x0002c556   0x0002c556   0x00000002   PAD
    0x0002c558   0x0002c558   0x00000030   Code   RO         6226    i.module_idx_get    nrf_log_frontend.o
    0x0002c588   0x0002c588   0x000000a6   Code   RO         1006    i.name_encode       ble_advdata.o
    0x0002c62e   0x0002c62e   0x00000010   Code   RO         4636    i.nrf_atfifo_clear  nrf_atfifo.o
    0x0002c63e   0x0002c63e   0x00000026   Code   RO         4638    i.nrf_atfifo_init   nrf_atfifo.o
    0x0002c664   0x0002c664   0x00000016   Code   RO         4639    i.nrf_atfifo_item_alloc  nrf_atfifo.o
    0x0002c67a   0x0002c67a   0x00000016   Code   RO         4640    i.nrf_atfifo_item_free  nrf_atfifo.o
    0x0002c690   0x0002c690   0x00000016   Code   RO         4641    i.nrf_atfifo_item_get  nrf_atfifo.o
    0x0002c6a6   0x0002c6a6   0x00000016   Code   RO         4642    i.nrf_atfifo_item_put  nrf_atfifo.o
    0x0002c6bc   0x0002c6bc   0x00000016   Code   RO         4704    i.nrf_atflags_clear  nrf_atflags.o
    0x0002c6d2   0x0002c6d2   0x00000016   Code   RO         4709    i.nrf_atflags_get   nrf_atflags.o
    0x0002c6e8   0x0002c6e8   0x00000014   Code   RO         4711    i.nrf_atflags_set   nrf_atflags.o
    0x0002c6fc   0x0002c6fc   0x00000006   Code   RO         4772    i.nrf_atomic_flag_clear_fetch  nrf_atomic.o
    0x0002c702   0x0002c702   0x00000006   Code   RO         4773    i.nrf_atomic_flag_set  nrf_atomic.o
    0x0002c708   0x0002c708   0x00000006   Code   RO         4774    i.nrf_atomic_flag_set_fetch  nrf_atomic.o
    0x0002c70e   0x0002c70e   0x0000000c   Code   RO         4775    i.nrf_atomic_u32_add  nrf_atomic.o
    0x0002c71a   0x0002c71a   0x0000000c   Code   RO         4776    i.nrf_atomic_u32_and  nrf_atomic.o
    0x0002c726   0x0002c726   0x0000000a   Code   RO         4778    i.nrf_atomic_u32_fetch_add  nrf_atomic.o
    0x0002c730   0x0002c730   0x0000000a   Code   RO         4779    i.nrf_atomic_u32_fetch_and  nrf_atomic.o
    0x0002c73a   0x0002c73a   0x0000000a   Code   RO         4780    i.nrf_atomic_u32_fetch_or  nrf_atomic.o
    0x0002c744   0x0002c744   0x0000000a   Code   RO         4781    i.nrf_atomic_u32_fetch_store  nrf_atomic.o
    0x0002c74e   0x0002c74e   0x0000000c   Code   RO         4785    i.nrf_atomic_u32_or  nrf_atomic.o
    0x0002c75a   0x0002c75a   0x0000000c   Code   RO         4787    i.nrf_atomic_u32_sub  nrf_atomic.o
    0x0002c766   0x0002c766   0x00000044   Code   RO         4906    i.nrf_balloc_alloc  nrf_balloc.o
    0x0002c7aa   0x0002c7aa   0x00000030   Code   RO         4907    i.nrf_balloc_free   nrf_balloc.o
    0x0002c7da   0x0002c7da   0x00000030   Code   RO         4908    i.nrf_balloc_init   nrf_balloc.o
    0x0002c80a   0x0002c80a   0x00000010   Code   RO         2539    i.nrf_bitmask_bit_is_set  nrfx_gpiote.o
    0x0002c81a   0x0002c81a   0x00000018   Code   RO         1534    i.nrf_ble_gatt_att_mtu_periph_set  nrf_ble_gatt.o
    0x0002c832   0x0002c832   0x00000022   Code   RO         1538    i.nrf_ble_gatt_init  nrf_ble_gatt.o
    0x0002c854   0x0002c854   0x00000150   Code   RO         1539    i.nrf_ble_gatt_on_ble_evt  nrf_ble_gatt.o
    0x0002c9a4   0x0002c9a4   0x00000016   Code   RO         1633    i.nrf_ble_qwr_conn_handle_assign  nrf_ble_qwr.o
    0x0002c9ba   0x0002c9ba   0x00000024   Code   RO         1634    i.nrf_ble_qwr_init  nrf_ble_qwr.o
    0x0002c9de   0x0002c9de   0x000000b6   Code   RO         1635    i.nrf_ble_qwr_on_ble_evt  nrf_ble_qwr.o
    0x0002ca94   0x0002ca94   0x0000000e   Code   RO         2397    i.nrf_clock_event_check  nrfx_clock.o
    0x0002caa2   0x0002caa2   0x00000010   Code   RO         2398    i.nrf_clock_event_clear  nrfx_clock.o
    0x0002cab2   0x0002cab2   0x00000002   PAD
    0x0002cab4   0x0002cab4   0x00000020   Code   RO         6985    i.nrf_delay_ms      ll_gpio_nrf52.o
    0x0002cad4   0x0002cad4   0x000000dc   Code   RO         1732    i.nrf_dfu_svci_vector_table_set  nrf_dfu_svci.o
    0x0002cbb0   0x0002cbb0   0x000000a0   Code   RO         1733    i.nrf_dfu_svci_vector_table_unset  nrf_dfu_svci.o
    0x0002cc50   0x0002cc50   0x00000040   Code   RO         2059    i.nrf_drv_clock_init  nrf_drv_clock.o
    0x0002cc90   0x0002cc90   0x00000034   Code   RO         2063    i.nrf_drv_clock_lfclk_release  nrf_drv_clock.o
    0x0002ccc4   0x0002ccc4   0x00000018   Code   RO         3801    i.nrf_drv_ppi_init  nrf_drv_ppi.o
    0x0002ccdc   0x0002ccdc   0x00000044   Code   RO         7977    i.nrf_esb_disable   nrf_esb.o
    0x0002cd20   0x0002cd20   0x00000068   Code   RO         7690    i.nrf_evt_signal_handler  esb_timeslot.o
    0x0002cd88   0x0002cd88   0x0000001a   Code   RO         4943    i.nrf_fprintf       nrf_fprintf.o
    0x0002cda2   0x0002cda2   0x00000018   Code   RO         4944    i.nrf_fprintf_buffer_flush  nrf_fprintf.o
    0x0002cdba   0x0002cdba   0x000001da   Code   RO         4984    i.nrf_fprintf_fmt   nrf_fprintf_format.o
    0x0002cf94   0x0002cf94   0x00000138   Code   RO         5860    i.nrf_fstorage_erase  nrf_fstorage.o
    0x0002d0cc   0x0002d0cc   0x00000094   Code   RO         5861    i.nrf_fstorage_init  nrf_fstorage.o
    0x0002d160   0x0002d160   0x00000018   Code   RO         5949    i.nrf_fstorage_sdh_req_handler  nrf_fstorage_sd.o
    0x0002d178   0x0002d178   0x00000020   Code   RO         5950    i.nrf_fstorage_sdh_state_handler  nrf_fstorage_sd.o
    0x0002d198   0x0002d198   0x000000a4   Code   RO         5951    i.nrf_fstorage_sys_evt_handler  nrf_fstorage_sd.o
    0x0002d23c   0x0002d23c   0x000001dc   Code   RO         5867    i.nrf_fstorage_write  nrf_fstorage.o
    0x0002d418   0x0002d418   0x00000024   Code   RO         2540    i.nrf_gpio_cfg      nrfx_gpiote.o
    0x0002d43c   0x0002d43c   0x00000024   Code   RO         6986    i.nrf_gpio_cfg      ll_gpio_nrf52.o
    0x0002d460   0x0002d460   0x00000012   Code   RO         2541    i.nrf_gpio_cfg_default  nrfx_gpiote.o
    0x0002d472   0x0002d472   0x00000014   Code   RO         6987    i.nrf_gpio_cfg_sense_input  ll_gpio_nrf52.o
    0x0002d486   0x0002d486   0x00000022   Code   RO         2542    i.nrf_gpio_cfg_sense_set  nrfx_gpiote.o
    0x0002d4a8   0x0002d4a8   0x0000002c   Code   RO         2543    i.nrf_gpio_latches_read_and_clear  nrfx_gpiote.o
    0x0002d4d4   0x0002d4d4   0x0000001e   Code   RO         2544    i.nrf_gpio_pin_present_check  nrfx_gpiote.o
    0x0002d4f2   0x0002d4f2   0x00000002   PAD
    0x0002d4f4   0x0002d4f4   0x00000014   Code   RO         2545    i.nrf_gpiote_event_clear  nrfx_gpiote.o
    0x0002d508   0x0002d508   0x00000010   Code   RO         2546    i.nrf_gpiote_event_is_set  nrfx_gpiote.o
    0x0002d518   0x0002d518   0x0000005c   Code   RO         6227    i.nrf_log_backend_add  nrf_log_frontend.o
    0x0002d574   0x0002d574   0x00000002   Code   RO         6081    i.nrf_log_backend_rtt_flush  nrf_log_backend_rtt.o
    0x0002d576   0x0002d576   0x00000004   Code   RO         6082    i.nrf_log_backend_rtt_init  nrf_log_backend_rtt.o
    0x0002d57a   0x0002d57a   0x00000002   Code   RO         6083    i.nrf_log_backend_rtt_panic_set  nrf_log_backend_rtt.o
    0x0002d57c   0x0002d57c   0x00000018   Code   RO         6084    i.nrf_log_backend_rtt_put  nrf_log_backend_rtt.o
    0x0002d594   0x0002d594   0x000000c8   Code   RO         6150    i.nrf_log_backend_serial_put  nrf_log_backend_serial.o
    0x0002d65c   0x0002d65c   0x00000030   Code   RO         6229    i.nrf_log_color_id_get  nrf_log_frontend.o
    0x0002d68c   0x0002d68c   0x0000001c   Code   RO         6184    i.nrf_log_default_backends_init  nrf_log_default_backends.o
    0x0002d6a8   0x0002d6a8   0x00000238   Code   RO         6230    i.nrf_log_frontend_dequeue  nrf_log_frontend.o
    0x0002d8e0   0x0002d8e0   0x00000008   Code   RO         6232    i.nrf_log_frontend_std_0  nrf_log_frontend.o
    0x0002d8e8   0x0002d8e8   0x0000000e   Code   RO         6233    i.nrf_log_frontend_std_1  nrf_log_frontend.o
    0x0002d8f6   0x0002d8f6   0x00000010   Code   RO         6234    i.nrf_log_frontend_std_2  nrf_log_frontend.o
    0x0002d906   0x0002d906   0x00000012   Code   RO         6235    i.nrf_log_frontend_std_3  nrf_log_frontend.o
    0x0002d918   0x0002d918   0x0000001c   Code   RO         6237    i.nrf_log_frontend_std_5  nrf_log_frontend.o
    0x0002d934   0x0002d934   0x000000b0   Code   RO         6413    i.nrf_log_hexdump_entry_process  nrf_log_str_formatter.o
    0x0002d9e4   0x0002d9e4   0x00000028   Code   RO         6239    i.nrf_log_init      nrf_log_frontend.o
    0x0002da0c   0x0002da0c   0x00000014   Code   RO         6240    i.nrf_log_module_cnt_get  nrf_log_frontend.o
    0x0002da20   0x0002da20   0x0000001c   Code   RO         6243    i.nrf_log_module_name_get  nrf_log_frontend.o
    0x0002da3c   0x0002da3c   0x00000028   Code   RO         6244    i.nrf_log_panic     nrf_log_frontend.o
    0x0002da64   0x0002da64   0x000000b6   Code   RO         6414    i.nrf_log_std_entry_process  nrf_log_str_formatter.o
    0x0002db1a   0x0002db1a   0x00000060   Code   RO         5023    i.nrf_memobj_alloc  nrf_memobj.o
    0x0002db7a   0x0002db7a   0x00000032   Code   RO         5024    i.nrf_memobj_free   nrf_memobj.o
    0x0002dbac   0x0002dbac   0x00000008   Code   RO         5025    i.nrf_memobj_get    nrf_memobj.o
    0x0002dbb4   0x0002dbb4   0x00000004   Code   RO         5026    i.nrf_memobj_pool_init  nrf_memobj.o
    0x0002dbb8   0x0002dbb8   0x0000001e   Code   RO         5027    i.nrf_memobj_put    nrf_memobj.o
    0x0002dbd6   0x0002dbd6   0x00000010   Code   RO         5028    i.nrf_memobj_read   nrf_memobj.o
    0x0002dbe6   0x0002dbe6   0x00000010   Code   RO         5029    i.nrf_memobj_write  nrf_memobj.o
    0x0002dbf6   0x0002dbf6   0x0000000a   Code   RO         3399    i.nrf_pwm_event_check  nrfx_pwm.o
    0x0002dc00   0x0002dc00   0x0000000c   Code   RO         3400    i.nrf_pwm_event_clear  nrfx_pwm.o
    0x0002dc0c   0x0002dc0c   0x0000001e   Code   RO         3401    i.nrf_pwm_sequence_set  nrfx_pwm.o
    0x0002dc2a   0x0002dc2a   0x00000002   PAD
    0x0002dc2c   0x0002dc2c   0x00000044   Code   RO         5102    i.nrf_pwr_mgmt_run  nrf_pwr_mgmt.o
    0x0002dc70   0x0002dc70   0x0000003c   Code   RO         5103    i.nrf_pwr_mgmt_shutdown  nrf_pwr_mgmt.o
    0x0002dcac   0x0002dcac   0x0000001c   Code   RO           29    i.nrf_qwr_error_handler  main.o
    0x0002dcc8   0x0002dcc8   0x0000001c   Code   RO         5178    i.nrf_ringbuf_init  nrf_ringbuf.o
    0x0002dce4   0x0002dce4   0x0000000c   Code   RO         4444    i.nrf_rtc_event_clear  drv_rtc.o
    0x0002dcf0   0x0002dcf0   0x00000010   Code   RO         3243    i.nrf_saadc_buffer_init  nrfx_saadc.o
    0x0002dd00   0x0002dd00   0x00000014   Code   RO         3244    i.nrf_saadc_channel_input_set  nrfx_saadc.o
    0x0002dd14   0x0002dd14   0x00000010   Code   RO         3245    i.nrf_saadc_event_check  nrfx_saadc.o
    0x0002dd24   0x0002dd24   0x00000014   Code   RO         3246    i.nrf_saadc_event_clear  nrfx_saadc.o
    0x0002dd38   0x0002dd38   0x00000014   Code   RO         6844    i.nrf_sdh_ble_app_ram_start_get  nrf_sdh_ble.o
    0x0002dd4c   0x0002dd4c   0x00000134   Code   RO         6845    i.nrf_sdh_ble_default_cfg_set  nrf_sdh_ble.o
    0x0002de80   0x0002de80   0x00000130   Code   RO         6846    i.nrf_sdh_ble_enable  nrf_sdh_ble.o
    0x0002dfb0   0x0002dfb0   0x000000a8   Code   RO         6847    i.nrf_sdh_ble_evts_poll  nrf_sdh_ble.o
    0x0002e058   0x0002e058   0x00000054   Code   RO         6725    i.nrf_sdh_disable_request  nrf_sdh.o
    0x0002e0ac   0x0002e0ac   0x00000074   Code   RO         6726    i.nrf_sdh_enable_request  nrf_sdh.o
    0x0002e120   0x0002e120   0x00000024   Code   RO         6727    i.nrf_sdh_evts_poll  nrf_sdh.o
    0x0002e144   0x0002e144   0x0000000c   Code   RO         6728    i.nrf_sdh_is_enabled  nrf_sdh.o
    0x0002e150   0x0002e150   0x0000001c   Code   RO         6730    i.nrf_sdh_request_continue  nrf_sdh.o
    0x0002e16c   0x0002e16c   0x00000080   Code   RO         6898    i.nrf_sdh_soc_evts_poll  nrf_sdh_soc.o
    0x0002e1ec   0x0002e1ec   0x0000000a   Code   RO         5236    i.nrf_section_iter_init  nrf_section_iter.o
    0x0002e1f6   0x0002e1f6   0x00000024   Code   RO         5237    i.nrf_section_iter_item_set  nrf_section_iter.o
    0x0002e21a   0x0002e21a   0x00000020   Code   RO         5238    i.nrf_section_iter_next  nrf_section_iter.o
    0x0002e23a   0x0002e23a   0x00000022   Code   RO         5271    i.nrf_sortlist_add  nrf_sortlist.o
    0x0002e25c   0x0002e25c   0x00000006   Code   RO         5273    i.nrf_sortlist_peek  nrf_sortlist.o
    0x0002e262   0x0002e262   0x0000000e   Code   RO         5274    i.nrf_sortlist_pop  nrf_sortlist.o
    0x0002e270   0x0002e270   0x0000001e   Code   RO         5275    i.nrf_sortlist_remove  nrf_sortlist.o
    0x0002e28e   0x0002e28e   0x00000002   PAD
    0x0002e290   0x0002e290   0x00000038   Code   RO         5327    i.nrf_strerror_find  nrf_strerror.o
    0x0002e2c8   0x0002e2c8   0x00000014   Code   RO         5328    i.nrf_strerror_get  nrf_strerror.o
    0x0002e2dc   0x0002e2dc   0x0000000c   Code   RO         3520    i.nrf_timer_event_clear  nrfx_timer.o
    0x0002e2e8   0x0002e2e8   0x00000010   Code   RO         2066    i.nrf_wdt_started   nrf_drv_clock.o
    0x0002e2f8   0x0002e2f8   0x0000002c   Code   RO         2403    i.nrfx_clock_enable  nrfx_clock.o
    0x0002e324   0x0002e324   0x00000020   Code   RO         2406    i.nrfx_clock_init   nrfx_clock.o
    0x0002e344   0x0002e344   0x00000030   Code   RO         2409    i.nrfx_clock_lfclk_stop  nrfx_clock.o
    0x0002e374   0x0002e374   0x00000010   Code   RO         4445    i.nrfx_coredep_delay_us  drv_rtc.o
    0x0002e384   0x0002e384   0x00000010   Code   RO         2547    i.nrfx_gpiote_clr_task_addr_get  nrfx_gpiote.o
    0x0002e394   0x0002e394   0x00000010   Code   RO         2548    i.nrfx_gpiote_clr_task_get  nrfx_gpiote.o
    0x0002e3a4   0x0002e3a4   0x00000074   Code   RO         2557    i.nrfx_gpiote_init  nrfx_gpiote.o
    0x0002e418   0x0002e418   0x00000014   Code   RO         2558    i.nrfx_gpiote_is_init  nrfx_gpiote.o
    0x0002e42c   0x0002e42c   0x000000bc   Code   RO         2560    i.nrfx_gpiote_out_init  nrfx_gpiote.o
    0x0002e4e8   0x0002e4e8   0x00000024   Code   RO         2563    i.nrfx_gpiote_out_task_disable  nrfx_gpiote.o
    0x0002e50c   0x0002e50c   0x00000024   Code   RO         2564    i.nrfx_gpiote_out_task_enable  nrfx_gpiote.o
    0x0002e530   0x0002e530   0x00000028   Code   RO         2565    i.nrfx_gpiote_out_task_force  nrfx_gpiote.o
    0x0002e558   0x0002e558   0x00000058   Code   RO         2569    i.nrfx_gpiote_out_uninit  nrfx_gpiote.o
    0x0002e5b0   0x0002e5b0   0x00000010   Code   RO         2570    i.nrfx_gpiote_set_task_addr_get  nrfx_gpiote.o
    0x0002e5c0   0x0002e5c0   0x00000010   Code   RO         2571    i.nrfx_gpiote_set_task_get  nrfx_gpiote.o
    0x0002e5d0   0x0002e5d0   0x0000006c   Code   RO         3654    i.nrfx_ppi_channel_alloc  nrfx_ppi.o
    0x0002e63c   0x0002e63c   0x00000044   Code   RO         3655    i.nrfx_ppi_channel_assign  nrfx_ppi.o
    0x0002e680   0x0002e680   0x00000034   Code   RO         3656    i.nrfx_ppi_channel_disable  nrfx_ppi.o
    0x0002e6b4   0x0002e6b4   0x00000034   Code   RO         3657    i.nrfx_ppi_channel_enable  nrfx_ppi.o
    0x0002e6e8   0x0002e6e8   0x00000040   Code   RO         3659    i.nrfx_ppi_channel_free  nrfx_ppi.o
    0x0002e728   0x0002e728   0x000000d8   Code   RO         3403    i.nrfx_pwm_init     nrfx_pwm.o
    0x0002e800   0x0002e800   0x00000070   Code   RO         3405    i.nrfx_pwm_simple_playback  nrfx_pwm.o
    0x0002e870   0x0002e870   0x00000040   Code   RO         3407    i.nrfx_pwm_uninit   nrfx_pwm.o
    0x0002e8b0   0x0002e8b0   0x000000a4   Code   RO         3250    i.nrfx_saadc_buffer_convert  nrfx_saadc.o
    0x0002e954   0x0002e954   0x000000ac   Code   RO         3252    i.nrfx_saadc_channel_init  nrfx_saadc.o
    0x0002ea00   0x0002ea00   0x00000094   Code   RO         3254    i.nrfx_saadc_init   nrfx_saadc.o
    0x0002ea94   0x0002ea94   0x0000002c   Code   RO         3257    i.nrfx_saadc_sample  nrfx_saadc.o
    0x0002eac0   0x0002eac0   0x00000008   Code   RO         3522    i.nrfx_timer_clear  nrfx_timer.o
    0x0002eac8   0x0002eac8   0x0000003a   Code   RO         3523    i.nrfx_timer_compare  nrfx_timer.o
    0x0002eb02   0x0002eb02   0x00000010   Code   RO         5409    i.nrfx_timer_compare_event_address_get  app_pwm.o
    0x0002eb12   0x0002eb12   0x0000000e   Code   RO         3524    i.nrfx_timer_compare_int_disable  nrfx_timer.o
    0x0002eb20   0x0002eb20   0x00000024   Code   RO         3525    i.nrfx_timer_compare_int_enable  nrfx_timer.o
    0x0002eb44   0x0002eb44   0x0000001c   Code   RO         3526    i.nrfx_timer_disable  nrfx_timer.o
    0x0002eb60   0x0002eb60   0x0000001c   Code   RO         3527    i.nrfx_timer_enable  nrfx_timer.o
    0x0002eb7c   0x0002eb7c   0x0000002a   Code   RO         3528    i.nrfx_timer_extended_compare  nrfx_timer.o
    0x0002eba6   0x0002eba6   0x00000002   PAD
    0x0002eba8   0x0002eba8   0x000000c0   Code   RO         3530    i.nrfx_timer_init   nrfx_timer.o
    0x0002ec68   0x0002ec68   0x0000005c   Code   RO         3534    i.nrfx_timer_uninit  nrfx_timer.o
    0x0002ecc4   0x0002ecc4   0x00000028   Code   RO           30    i.nus_data_handler  main.o
    0x0002ecec   0x0002ecec   0x00000918   Code   RO           31    i.nus_data_handler_real  main.o
    0x0002f604   0x0002f604   0x00000018   Code   RO         8294    i.nvmc_config       system_nrf52.o
    0x0002f61c   0x0002f61c   0x00000014   Code   RO           32    i.on_adv_evt        main.o
    0x0002f630   0x0002f630   0x00000034   Code   RO           33    i.on_conn_params_evt  main.o
    0x0002f664   0x0002f664   0x0000006a   Code   RO         1677    i.on_connect        ble_nus.o
    0x0002f6ce   0x0002f6ce   0x00000002   PAD
    0x0002f6d0   0x0002f6d0   0x000000a8   Code   RO         1540    i.on_connected_evt  nrf_ble_gatt.o
    0x0002f778   0x0002f778   0x0000006c   Code   RO         1773    i.on_ctrlpt_write   ble_dfu.o
    0x0002f7e4   0x0002f7e4   0x000000ac   Code   RO         1541    i.on_exchange_mtu_request_evt  nrf_ble_gatt.o
    0x0002f890   0x0002f890   0x00000084   Code   RO         1678    i.on_write          ble_nus.o
    0x0002f914   0x0002f914   0x00000024   Code   RO         5567    i.page_identify     fds.o
    0x0002f938   0x0002f938   0x0000001c   Code   RO         5568    i.page_offsets_update  fds.o
    0x0002f954   0x0002f954   0x0000006c   Code   RO         5569    i.page_scan         fds.o
    0x0002f9c0   0x0002f9c0   0x0000001c   Code   RO         5570    i.page_tag_write_data  fds.o
    0x0002f9dc   0x0002f9dc   0x00000024   Code   RO         5571    i.page_tag_write_swap  fds.o
    0x0002fa00   0x0002fa00   0x00000130   Code   RO         5572    i.pages_init        fds.o
    0x0002fb30   0x0002fb30   0x00000012   Code   RO         1114    i.phy_is_valid      ble_advertising.o
    0x0002fb42   0x0002fb42   0x00000002   PAD
    0x0002fb44   0x0002fb44   0x00000014   Code   RO         2574    i.pin_configured_check  nrfx_gpiote.o
    0x0002fb58   0x0002fb58   0x0000001c   Code   RO         2575    i.pin_configured_clear  nrfx_gpiote.o
    0x0002fb74   0x0002fb74   0x0000001c   Code   RO         2576    i.pin_configured_set  nrfx_gpiote.o
    0x0002fb90   0x0002fb90   0x00000018   Code   RO         2578    i.pin_in_use_by_te  nrfx_gpiote.o
    0x0002fba8   0x0002fba8   0x0000007c   Code   RO         1952    i.pnp_id_encode     ble_dis.o
    0x0002fc24   0x0002fc24   0x000000b4   Code   RO         2579    i.port_event_handle  nrfx_gpiote.o
    0x0002fcd8   0x0002fcd8   0x00000010   Code   RO         2580    i.port_handler_polarity_get  nrfx_gpiote.o
    0x0002fce8   0x0002fce8   0x0000003c   Code   RO         6416    i.postfix_process   nrf_log_str_formatter.o
    0x0002fd24   0x0002fd24   0x00000098   Code   RO         6417    i.prefix_process    nrf_log_str_formatter.o
    0x0002fdbc   0x0002fdbc   0x00000068   Code   RO         5410    i.pwm_dealloc       app_pwm.o
    0x0002fe24   0x0002fe24   0x00000010   Code   RO         7366    i.pwm_handler       ll_drv_ws2812.o
    0x0002fe34   0x0002fe34   0x00000058   Code   RO         5411    i.pwm_ready_tick    app_pwm.o
    0x0002fe8c   0x0002fe8c   0x000000d8   Code   RO         5412    i.pwm_transition    app_pwm.o
    0x0002ff64   0x0002ff64   0x0000001c   Code   RO         5573    i.queue_buf_get     fds.o
    0x0002ff80   0x0002ff80   0x00000010   Code   RO         5574    i.queue_buf_store   fds.o
    0x0002ff90   0x0002ff90   0x00000014   Code   RO         5952    i.queue_free        nrf_fstorage_sd.o
    0x0002ffa4   0x0002ffa4   0x000000a4   Code   RO         5575    i.queue_process     fds.o
    0x00030048   0x00030048   0x000000a0   Code   RO         5953    i.queue_process     nrf_fstorage_sd.o
    0x000300e8   0x000300e8   0x0000001c   Code   RO         5576    i.queue_start       fds.o
    0x00030104   0x00030104   0x00000024   Code   RO         5954    i.queue_start       nrf_fstorage_sd.o
    0x00030128   0x00030128   0x0000000e   Code   RO         5955    i.read              nrf_fstorage_sd.o
    0x00030136   0x00030136   0x00000002   PAD
    0x00030138   0x00030138   0x00000090   Code   RO         5577    i.record_find       fds.o
    0x000301c8   0x000301c8   0x000000a0   Code   RO         5578    i.record_find_by_desc  fds.o
    0x00030268   0x00030268   0x0000005c   Code   RO         5579    i.record_find_next  fds.o
    0x000302c4   0x000302c4   0x0000003c   Code   RO         5580    i.record_header_flag_dirty  fds.o
    0x00030300   0x00030300   0x00000088   Code   RO         5581    i.records_stat      fds.o
    0x00030388   0x00030388   0x00000024   Code   RO         7692    i.request_next_event_earliest  esb_timeslot.o
    0x000303ac   0x000303ac   0x0000001c   Code   RO         8008    i.reset_fifos       nrf_esb.o
    0x000303c8   0x000303c8   0x00000004   Code   RO         5956    i.rmap              nrf_fstorage_sd.o
    0x000303cc   0x000303cc   0x0000005c   Code   RO         4150    i.rtc_irq           app_timer2.o
    0x00030428   0x00030428   0x0000006c   Code   RO         4151    i.rtc_schedule      app_timer2.o
    0x00030494   0x00030494   0x0000008c   Code   RO         4152    i.rtc_update        app_timer2.o
    0x00030520   0x00030520   0x00000068   Code   RO         7566    i.saadc_callback    ll_adc_nrf52.o
    0x00030588   0x00030588   0x00000058   Code   RO         2067    i.sd_state_evt_handler  nrf_drv_clock.o
    0x000305e0   0x000305e0   0x00000030   Code   RO         6733    i.sdh_request_observer_notify  nrf_sdh.o
    0x00030610   0x00030610   0x0000002c   Code   RO         6734    i.sdh_state_observer_notify  nrf_sdh.o
    0x0003063c   0x0003063c   0x00000010   Code   RO         1208    i.send_error_evt    ble_conn_params.o
    0x0003064c   0x0003064c   0x00000050   Code   RO         6085    i.serial_tx         nrf_log_backend_rtt.o
    0x0003069c   0x0003069c   0x00000088   Code   RO         1007    i.service_data_encode  ble_advdata.o
    0x00030724   0x00030724   0x000000f0   Code   RO           34    i.services_init     main.o
    0x00030814   0x00030814   0x000000f8   Code   RO         7440    i.set_default       ll_flash.o
    0x0003090c   0x0003090c   0x00000030   Code   RO         1475    i.set_security_req  ble_srv_common.o
    0x0003093c   0x0003093c   0x00000080   Code   RO         5104    i.shutdown_process  nrf_pwr_mgmt.o
    0x000309bc   0x000309bc   0x00000018   Code   RO         2068    i.soc_evt_handler   nrf_drv_clock.o
    0x000309d4   0x000309d4   0x00000080   Code   RO         6735    i.softdevice_evt_irq_disable  nrf_sdh.o
    0x00030a54   0x00030a54   0x00000098   Code   RO         6736    i.softdevices_evt_irq_enable  nrf_sdh.o
    0x00030aec   0x00030aec   0x0000000c   Code   RO         4153    i.sortlist_pop      app_timer2.o
    0x00030af8   0x00030af8   0x0000004c   Code   RO         3408    i.start_playback    nrfx_pwm.o
    0x00030b44   0x00030b44   0x00000098   Code   RO         6246    i.std_n             nrf_log_frontend.o
    0x00030bdc   0x00030bdc   0x0000008c   Code   RO         1953    i.sys_id_encode     ble_dis.o
    0x00030c68   0x00030c68   0x00000098   Code   RO         4154    i.timer_expire      app_timer2.o
    0x00030d00   0x00030d00   0x00000080   Code   RO         4155    i.timer_req_process  app_timer2.o
    0x00030d80   0x00030d80   0x00000038   Code   RO         4156    i.timer_req_schedule  app_timer2.o
    0x00030db8   0x00030db8   0x0000000a   Code   RO         1008    i.uint16_encode     ble_advdata.o
    0x00030dc2   0x00030dc2   0x00000002   PAD
    0x00030dc4   0x00030dc4   0x00000020   Code   RO         5957    i.uninit            nrf_fstorage_sd.o
    0x00030de4   0x00030de4   0x00000008   Code   RO         7933    i.unpackCurrentModeFromApp  ll_interface_withapp.o
    0x00030dec   0x00030dec   0x000000b4   Code   RO         4985    i.unsigned_print    nrf_fprintf_format.o
    0x00030ea0   0x00030ea0   0x00000068   Code   RO         1209    i.update_timeout_handler  ble_conn_params.o
    0x00030f08   0x00030f08   0x00000018   Code   RO         1115    i.use_whitelist     ble_advertising.o
    0x00030f20   0x00030f20   0x00000024   Code   RO         1636    i.user_mem_reply    nrf_ble_qwr.o
    0x00030f44   0x00030f44   0x00000030   Code   RO         1009    i.uuid_list_encode  ble_advdata.o
    0x00030f74   0x00030f74   0x0000009e   Code   RO         1010    i.uuid_list_sized_encode  ble_advdata.o
    0x00031012   0x00031012   0x00000004   Code   RO         5958    i.wmap              nrf_fstorage_sd.o
    0x00031016   0x00031016   0x00000002   PAD
    0x00031018   0x00031018   0x00000050   Code   RO         5959    i.write             nrf_fstorage_sd.o
    0x00031068   0x00031068   0x0000011c   Code   RO         5582    i.write_enqueue     fds.o
    0x00031184   0x00031184   0x000000f8   Code   RO         5583    i.write_execute     fds.o
    0x0003127c   0x0003127c   0x00000018   Code   RO         5584    i.write_space_free  fds.o
    0x00031294   0x00031294   0x00000060   Code   RO         5585    i.write_space_reserve  fds.o
    0x000312f4   0x000312f4   0x000000aa   Data   RO           36    .constdata          main.o
    0x0003139e   0x0003139e   0x00000002   PAD
    0x000313a0   0x000313a0   0x00000018   Data   RO          657    .constdata          ll_sysmode.o
    0x000313b8   0x000313b8   0x00000016   Data   RO         1542    .constdata          nrf_ble_gatt.o
    0x000313ce   0x000313ce   0x00000002   PAD
    0x000313d0   0x000313d0   0x00000010   Data   RO         1679    .constdata          ble_nus.o
    0x000313e0   0x000313e0   0x00000018   Data   RO         1775    .constdata          ble_dfu.o
    0x000313f8   0x000313f8   0x00000004   Data   RO         2582    .constdata          nrfx_gpiote.o
    0x000313fc   0x000313fc   0x00000014   Data   RO         4159    .constdata          app_timer2.o
    0x00031410   0x00031410   0x00000006   Data   RO         4446    .constdata          drv_rtc.o
    0x00031416   0x00031416   0x00000010   Data   RO         4986    .constdata          nrf_fprintf_format.o
    0x00031426   0x00031426   0x00000002   PAD
    0x00031428   0x00031428   0x0000013c   Data   RO         5329    .constdata          nrf_strerror.o
    0x00031564   0x00031564   0x0000000c   Data   RO         5414    .constdata          app_pwm.o
    0x00031570   0x00031570   0x00000018   Data   RO         5588    .constdata          fds.o
    0x00031588   0x00031588   0x0000005e   Data   RO         5868    .constdata          nrf_fstorage.o
    0x000315e6   0x000315e6   0x00000002   PAD
    0x000315e8   0x000315e8   0x00000010   Data   RO         5962    .constdata          nrf_fstorage_sd.o
    0x000315f8   0x000315f8   0x00000020   Data   RO         5963    .constdata          nrf_fstorage_sd.o
    0x00031618   0x00031618   0x0000000c   Data   RO         6087    .constdata          nrf_log_backend_rtt.o
    0x00031624   0x00031624   0x0000000c   PAD
    0x00031630   0x00031630   0x00000006   Data   RO         6088    .constdata          nrf_log_backend_rtt.o
    0x00031636   0x00031636   0x00000002   PAD
    0x00031638   0x00031638   0x0000000c   Data   RO         6251    .constdata          nrf_log_frontend.o
    0x00031644   0x00031644   0x00000010   Data   RO         6737    .constdata          nrf_sdh.o
    0x00031654   0x00031654   0x00000028   Data   RO         6738    .constdata          nrf_sdh.o
    0x0003167c   0x0003167c   0x00000010   Data   RO         6739    .constdata          nrf_sdh.o
    0x0003168c   0x0003168c   0x00000010   Data   RO         6740    .constdata          nrf_sdh.o
    0x0003169c   0x0003169c   0x00000020   Data   RO         6848    .constdata          nrf_sdh_ble.o
    0x000316bc   0x000316bc   0x00000010   Data   RO         6849    .constdata          nrf_sdh_ble.o
    0x000316cc   0x000316cc   0x00000010   Data   RO         6899    .constdata          nrf_sdh_soc.o
    0x000316dc   0x000316dc   0x0000000c   Data   RO         6900    .constdata          nrf_sdh_soc.o
    0x000316e8   0x000316e8   0x00000008   PAD
    0x000316f0   0x000316f0   0x00000006   Data   RO         6988    .constdata          ll_gpio_nrf52.o
    0x000316f6   0x000316f6   0x00000002   PAD
    0x000316f8   0x000316f8   0x00000008   Data   RO         7106    .constdata          ll_pwm_nrf51.o
    0x00031700   0x00031700   0x00000018   Data   RO         7107    .constdata          ll_pwm_nrf51.o
    0x00031718   0x00031718   0x0000000c   Data   RO         7368    .constdata          ll_drv_ws2812.o
    0x00031724   0x00031724   0x0000003a   Data   RO         7441    .constdata          ll_flash.o
    0x0003175e   0x0003175e   0x00000002   PAD
    0x00031760   0x00031760   0x00000038   Data   RO         7529    .constdata          ll_battery.o
    0x00031798   0x00031798   0x0000000d   Data   RO         7567    .constdata          ll_adc_nrf52.o
    0x000317a5   0x000317a5   0x00000081   Data   RO         8357    .constdata          mc_w.l(ctype_o.o)
    0x00031826   0x00031826   0x00000002   PAD
    0x00031828   0x00031828   0x00000004   Data   RO         8358    .constdata          mc_w.l(ctype_o.o)
    0x0003182c   0x0003182c   0x00000041   Data   RO           37    .conststring        main.o
    0x0003186d   0x0003186d   0x00000003   PAD
    0x00031870   0x00031870   0x000000a2   Data   RO         1543    .conststring        nrf_ble_gatt.o
    0x00031912   0x00031912   0x00000002   PAD
    0x00031914   0x00031914   0x000000ce   Data   RO         1873    .conststring        ble_dfu_unbonded.o
    0x000319e2   0x000319e2   0x00000002   PAD
    0x000319e4   0x000319e4   0x000003eb   Data   RO         5330    .conststring        nrf_strerror.o
    0x00031dcf   0x00031dcf   0x00000001   PAD
    0x00031dd0   0x00031dd0   0x0000004f   Data   RO         5869    .conststring        nrf_fstorage.o
    0x00031e1f   0x00031e1f   0x00000001   PAD
    0x00031e20   0x00031e20   0x00000066   Data   RO         6418    .conststring        nrf_log_str_formatter.o
    0x00031e86   0x00031e86   0x00000002   PAD
    0x00031e88   0x00031e88   0x000001cf   Data   RO         6850    .conststring        nrf_sdh_ble.o
    0x00032057   0x00032057   0x00000001   PAD
    0x00032058   0x00032058   0x0000000d   Data   RO         1544    .conststrlit        nrf_ble_gatt.o
    0x00032065   0x00032065   0x00000003   PAD
    0x00032068   0x00032068   0x00000008   Data   RO         1680    .conststrlit        ble_nus.o
    0x00032070   0x00032070   0x00000008   Data   RO         1997    .conststrlit        ble_bas.o
    0x00032078   0x00032078   0x00000006   Data   RO         2074    .conststrlit        nrf_drv_clock.o
    0x0003207e   0x0003207e   0x00000002   PAD
    0x00032080   0x00032080   0x00000006   Data   RO         2413    .conststrlit        nrfx_clock.o
    0x00032086   0x00032086   0x00000002   PAD
    0x00032088   0x00032088   0x00000007   Data   RO         2586    .conststrlit        nrfx_gpiote.o
    0x0003208f   0x0003208f   0x00000001   PAD
    0x00032090   0x00032090   0x00000004   Data   RO         2845    .conststrlit        nrfx_prs.o
    0x00032094   0x00032094   0x00000005   Data   RO         2925    .conststrlit        nrfx_uart.o
    0x00032099   0x00032099   0x00000003   PAD
    0x0003209c   0x0003209c   0x00000006   Data   RO         3109    .conststrlit        nrfx_uarte.o
    0x000320a2   0x000320a2   0x00000002   PAD
    0x000320a4   0x000320a4   0x00000006   Data   RO         3270    .conststrlit        nrfx_saadc.o
    0x000320aa   0x000320aa   0x00000002   PAD
    0x000320ac   0x000320ac   0x00000004   Data   RO         3415    .conststrlit        nrfx_pwm.o
    0x000320b0   0x000320b0   0x00000006   Data   RO         3537    .conststrlit        nrfx_timer.o
    0x000320b6   0x000320b6   0x00000002   PAD
    0x000320b8   0x000320b8   0x00000004   Data   RO         3679    .conststrlit        nrfx_ppi.o
    0x000320bc   0x000320bc   0x0000000b   Data   RO         3855    .conststrlit        app_button.o
    0x000320c7   0x000320c7   0x00000001   PAD
    0x000320c8   0x000320c8   0x0000000a   Data   RO         4160    .conststrlit        app_timer2.o
    0x000320d2   0x000320d2   0x00000002   PAD
    0x000320d4   0x000320d4   0x00000009   Data   RO         5108    .conststrlit        nrf_pwr_mgmt.o
    0x000320dd   0x000320dd   0x00000003   PAD
    0x000320e0   0x000320e0   0x00000009   Data   RO         5276    .conststrlit        nrf_sortlist.o
    0x000320e9   0x000320e9   0x00000003   PAD
    0x000320ec   0x000320ec   0x0000000d   Data   RO         5870    .conststrlit        nrf_fstorage.o
    0x000320f9   0x000320f9   0x00000003   PAD
    0x000320fc   0x000320fc   0x00000010   Data   RO         6185    .conststrlit        nrf_log_default_backends.o
    0x0003210c   0x0003210c   0x00000004   Data   RO         6252    .conststrlit        nrf_log_frontend.o
    0x00032110   0x00032110   0x00000008   Data   RO         6741    .conststrlit        nrf_sdh.o
    0x00032118   0x00032118   0x0000000c   Data   RO         6851    .conststrlit        nrf_sdh_ble.o
    0x00032124   0x00032124   0x0000000c   Data   RO         6901    .conststrlit        nrf_sdh_soc.o
    0x00032130   0x00032130   0x00000020   Data   RO         8709    Region$$Table       anon$$obj.o
    0x00032150   0x00032150   0x00000010   Data   RO         6187    log_backends        nrf_log_default_backends.o
    0x00032160   0x00032160   0x00000008   Data   RO         1545    log_const_data      nrf_ble_gatt.o
    0x00032168   0x00032168   0x00000008   Data   RO         1681    log_const_data      ble_nus.o
    0x00032170   0x00032170   0x00000008   Data   RO         1998    log_const_data      ble_bas.o
    0x00032178   0x00032178   0x00000008   Data   RO         2075    log_const_data      nrf_drv_clock.o
    0x00032180   0x00032180   0x00000008   Data   RO         2415    log_const_data      nrfx_clock.o
    0x00032188   0x00032188   0x00000008   Data   RO         2587    log_const_data      nrfx_gpiote.o
    0x00032190   0x00032190   0x00000008   Data   RO         2847    log_const_data      nrfx_prs.o
    0x00032198   0x00032198   0x00000008   Data   RO         2926    log_const_data      nrfx_uart.o
    0x000321a0   0x000321a0   0x00000008   Data   RO         3110    log_const_data      nrfx_uarte.o
    0x000321a8   0x000321a8   0x00000008   Data   RO         3271    log_const_data      nrfx_saadc.o
    0x000321b0   0x000321b0   0x00000008   Data   RO         3416    log_const_data      nrfx_pwm.o
    0x000321b8   0x000321b8   0x00000008   Data   RO         3538    log_const_data      nrfx_timer.o
    0x000321c0   0x000321c0   0x00000008   Data   RO         3681    log_const_data      nrfx_ppi.o
    0x000321c8   0x000321c8   0x00000008   Data   RO         3858    log_const_data      app_button.o
    0x000321d0   0x000321d0   0x00000008   Data   RO         4163    log_const_data      app_timer2.o
    0x000321d8   0x000321d8   0x00000008   Data   RO         5110    log_const_data      nrf_pwr_mgmt.o
    0x000321e0   0x000321e0   0x00000008   Data   RO         5277    log_const_data      nrf_sortlist.o
    0x000321e8   0x000321e8   0x00000008   Data   RO         5871    log_const_data      nrf_fstorage.o
    0x000321f0   0x000321f0   0x00000008   Data   RO         6256    log_const_data      nrf_log_frontend.o
    0x000321f8   0x000321f8   0x00000008   Data   RO         6743    log_const_data      nrf_sdh.o
    0x00032200   0x00032200   0x00000008   Data   RO         6853    log_const_data      nrf_sdh_ble.o
    0x00032208   0x00032208   0x00000008   Data   RO         6902    log_const_data      nrf_sdh_soc.o
    0x00032210   0x00032210   0x00000014   Data   RO         6257    nrf_balloc          nrf_log_frontend.o
    0x00032224   0x00032224   0x00000004   Data   RO           50    pwr_mgmt_data0      main.o
    0x00032228   0x00032228   0x00000008   Data   RO         1298    sdh_ble_observers0  ble_conn_state.o
    0x00032230   0x00032230   0x00000010   Data   RO           51    sdh_ble_observers1  main.o
    0x00032240   0x00032240   0x00000008   Data   RO         1212    sdh_ble_observers1  ble_conn_params.o
    0x00032248   0x00032248   0x00000018   Data   RO           52    sdh_ble_observers2  main.o
    0x00032260   0x00032260   0x00000008   Data   RO         1776    sdh_ble_observers2  ble_dfu.o
    0x00032268   0x00032268   0x00000008   Data   RO           53    sdh_ble_observers3  main.o
    0x00032270   0x00032270   0x00000008   Data   RO         5965    sdh_req_observers0  nrf_fstorage_sd.o
    0x00032278   0x00032278   0x00000008   Data   RO         2076    sdh_soc_observers0  nrf_drv_clock.o
    0x00032280   0x00032280   0x00000008   Data   RO         5966    sdh_soc_observers0  nrf_fstorage_sd.o
    0x00032288   0x00032288   0x00000008   Data   RO         7700    sdh_soc_observers0  esb_timeslot.o
    0x00032290   0x00032290   0x00000008   Data   RO         1875    sdh_soc_observers1  ble_dfu_unbonded.o
    0x00032298   0x00032298   0x00000008   Data   RO         6854    sdh_stack_observers0  nrf_sdh_ble.o
    0x000322a0   0x000322a0   0x00000008   Data   RO         6903    sdh_stack_observers0  nrf_sdh_soc.o
    0x000322a8   0x000322a8   0x00000008   Data   RO           54    sdh_state_observers0  main.o
    0x000322b0   0x000322b0   0x00000008   Data   RO         2077    sdh_state_observers0  nrf_drv_clock.o
    0x000322b8   0x000322b8   0x00000008   Data   RO         5967    sdh_state_observers0  nrf_fstorage_sd.o


    Execution Region RW_IRAM1 (Exec base: 0x20002bc8, Load base: 0x000322c0, Size: 0x000046c0, Max: 0x0000d430, ABSOLUTE, COMPRESSED[0x000000f4])

    Exec Addr    Load Addr    Size         Type   Attr      Idx    E Section Name        Object

    0x20002bc8   COMPRESSED   0x00000008   Data   RW           38    .data               main.o
    0x20002bd0   COMPRESSED   0x00000064   Data   RW           39    .data               main.o
    0x20002c34   COMPRESSED   0x00000004   PAD
    0x20002c38   COMPRESSED   0x00000020   Data   RW           40    .data               main.o
    0x20002c58   COMPRESSED   0x00000004   Data   RW           47    .data               main.o
    0x20002c5c   COMPRESSED   0x00000054   Data   RW          658    .data               ll_sysmode.o
    0x20002cb0   COMPRESSED   0x00000008   Data   RW         1211    .data               ble_conn_params.o
    0x20002cb8   COMPRESSED   0x00000004   Data   RW         1874    .data               ble_dfu_unbonded.o
    0x20002cbc   COMPRESSED   0x0000004a   Data   RW         1954    .data               ble_dis.o
    0x20002d06   COMPRESSED   0x00000002   PAD
    0x20002d08   COMPRESSED   0x00000008   Data   RW         2414    .data               nrfx_clock.o
    0x20002d10   COMPRESSED   0x00000008   Data   RW         2846    .data               nrfx_prs.o
    0x20002d18   COMPRESSED   0x00000008   Data   RW         3680    .data               nrfx_ppi.o
    0x20002d20   COMPRESSED   0x00000001   Data   RW         3803    .data               nrf_drv_ppi.o
    0x20002d21   COMPRESSED   0x00000007   PAD
    0x20002d28   COMPRESSED   0x00000020   Data   RW         4161    .data               app_timer2.o
    0x20002d48   COMPRESSED   0x00000004   Data   RW         4162    .data               app_timer2.o
    0x20002d4c   COMPRESSED   0x0000000c   Data   RW         4447    .data               drv_rtc.o
    0x20002d58   COMPRESSED   0x00000008   Data   RW         5109    .data               nrf_pwr_mgmt.o
    0x20002d60   COMPRESSED   0x00000006   Data   RW         5415    .data               app_pwm.o
    0x20002d66   COMPRESSED   0x00000002   PAD
    0x20002d68   COMPRESSED   0x00000030   Data   RW         5589    .data               fds.o
    0x20002d98   COMPRESSED   0x00000008   Data   RW         5964    .data               nrf_fstorage_sd.o
    0x20002da0   COMPRESSED   0x00000001   Data   RW         6089    .data               nrf_log_backend_rtt.o
    0x20002da1   COMPRESSED   0x00000003   PAD
    0x20002da4   COMPRESSED   0x00000008   Data   RW         6186    .data               nrf_log_default_backends.o
    0x20002dac   COMPRESSED   0x00000004   Data   RW         6253    .data               nrf_log_frontend.o
    0x20002db0   COMPRESSED   0x00000008   Data   RW         6254    .data               nrf_log_frontend.o
    0x20002db8   COMPRESSED   0x00000008   Data   RW         6255    .data               nrf_log_frontend.o
    0x20002dc0   COMPRESSED   0x00000040   Data   RW         6419    .data               nrf_log_str_formatter.o
    0x20002e00   COMPRESSED   0x00000003   Data   RW         6742    .data               nrf_sdh.o
    0x20002e03   COMPRESSED   0x00000001   Data   RW         6852    .data               nrf_sdh_ble.o
    0x20002e04   COMPRESSED   0x00000034   Data   RW         6936    .data               ll_key.o
    0x20002e38   COMPRESSED   0x00000008   Data   RW         7047    .data               ll_clock_nrf51sd.o
    0x20002e40   COMPRESSED   0x0000007c   Data   RW         7108    .data               ll_pwm_nrf51.o
    0x20002ebc   COMPRESSED   0x00000008   Data   RW         7109    .data               ll_pwm_nrf51.o
    0x20002ec4   COMPRESSED   0x00000004   Data   RW         7235    .data               ll_led_helmet_v2.o
    0x20002ec8   COMPRESSED   0x00000018   Data   RW         7236    .data               ll_led_helmet_v2.o
    0x20002ee0   COMPRESSED   0x0000001c   Data   RW         7369    .data               ll_drv_ws2812.o
    0x20002efc   COMPRESSED   0x000000c4   Data   RW         7442    .data               ll_flash.o
    0x20002fc0   COMPRESSED   0x00000004   Data   RW         7443    .data               ll_flash.o
    0x20002fc4   COMPRESSED   0x00000008   Data   RW         7530    .data               ll_battery.o
    0x20002fcc   COMPRESSED   0x0000000c   Data   RW         7568    .data               ll_adc_nrf52.o
    0x20002fd8   COMPRESSED   0x00000004   Data   RW         7621    .data               ll_para.o
    0x20002fdc   COMPRESSED   0x0000002c   Data   RW         7697    .data               esb_timeslot.o
    0x20003008   COMPRESSED   0x00000048   Data   RW         8018    .data               nrf_esb.o
    0x20003050   COMPRESSED   0x00000004   Data   RW         8296    .data               system_nrf52.o
    0x20003054   COMPRESSED   0x00000004   Data   RW         8682    .data               mc_w.l(errno.o)
    0x20003058   COMPRESSED   0x00000014   Data   RW         5590    fs_data             fds.o
    0x2000306c        -       0x000004e7   Zero   RW           35    .bss                main.o
    0x20003553        -       0x00000024   Zero   RW          656    .bss                ll_sysmode.o
    0x20003577   COMPRESSED   0x00000001   PAD
    0x20003578        -       0x00000050   Zero   RW         1210    .bss                ble_conn_params.o
    0x200035c8        -       0x0000007c   Zero   RW         1297    .bss                ble_conn_state.o
    0x20003644        -       0x0000001c   Zero   RW         1774    .bss                ble_dfu.o
    0x20003660        -       0x00000028   Zero   RW         1872    .bss                ble_dfu_unbonded.o
    0x20003688        -       0x00000014   Zero   RW         2069    .bss                nrf_drv_clock.o
    0x2000369c        -       0x0000005c   Zero   RW         2581    .bss                nrfx_gpiote.o
    0x200036f8        -       0x00000030   Zero   RW         3261    .bss                nrfx_saadc.o
    0x20003728        -       0x00000018   Zero   RW         3409    .bss                nrfx_pwm.o
    0x20003740        -       0x0000000c   Zero   RW         3535    .bss                nrfx_timer.o
    0x2000374c        -       0x00000020   Zero   RW         3934    .bss                app_error.o
    0x2000376c        -       0x00000010   Zero   RW         4157    .bss                app_timer2.o
    0x2000377c        -       0x00000058   Zero   RW         4158    .bss                app_timer2.o
    0x200037d4        -       0x0000000c   Zero   RW         4361    .bss                app_util_platform.o
    0x200037e0        -       0x0000000c   Zero   RW         5105    .bss                nrf_pwr_mgmt.o
    0x200037ec        -       0x00000034   Zero   RW         5413    .bss                app_pwm.o
    0x20003820        -       0x00000010   Zero   RW         5586    .bss                fds.o
    0x20003830        -       0x000000e0   Zero   RW         5587    .bss                fds.o
    0x20003910        -       0x00000010   Zero   RW         5960    .bss                nrf_fstorage_sd.o
    0x20003920        -       0x000000a0   Zero   RW         5961    .bss                nrf_fstorage_sd.o
    0x200039c0        -       0x00000040   Zero   RW         6086    .bss                nrf_log_backend_rtt.o
    0x20003a00        -       0x000000c0   Zero   RW         6247    .bss                nrf_log_frontend.o
    0x20003ac0        -       0x00000080   Zero   RW         6248    .bss                nrf_log_frontend.o
    0x20003b40        -       0x00000018   Zero   RW         6249    .bss                nrf_log_frontend.o
    0x20003b58        -       0x00000420   Zero   RW         6250    .bss                nrf_log_frontend.o
    0x20003f78        -       0x00000288   Zero   RW         6495    .bss                segger_rtt.o
    0x20004200        -       0x00000024   Zero   RW         7104    .bss                ll_pwm_nrf51.o
    0x20004224        -       0x0000000c   Zero   RW         7105    .bss                ll_pwm_nrf51.o
    0x20004230        -       0x0000003c   Zero   RW         7234    .bss                ll_led_helmet_v2.o
    0x2000426c        -       0x00000b6e   Zero   RW         7367    .bss                ll_drv_ws2812.o
    0x20004dda   COMPRESSED   0x00000002   PAD
    0x20004ddc        -       0x00000014   Zero   RW         7528    .bss                ll_battery.o
    0x20004df0        -       0x000000e0   Zero   RW         7620    .bss                ll_para.o
    0x20004ed0        -       0x00000010   Zero   RW         7693    .bss                esb_timeslot.o
    0x20004ee0        -       0x000003a4   Zero   RW         8017    .bss                nrf_esb.o
    0x20005284   COMPRESSED   0x00000004   PAD
    0x20005288        -       0x00002000   Zero   RW         8281    STACK               arm_startup_nrf52.o


==============================================================================

Image component sizes


      Code (inc. data)   RO Data    RW Data    ZI Data      Debug   Object Name

         0          0         19          0          0       1875   app_button.o
       100          4          0          0         32       3550   app_error.o
        26          0          0          0          0        592   app_error_handler_keil.o
       356        194          0          0          0       1718   app_error_weak.o
      1558         74         12          6         52      35484   app_pwm.o
         0          0          0          0          0      37170   app_scheduler.o
      1052         90         38         36        104      17477   app_timer2.o
       124         14          0          0         12      10690   app_util_platform.o
        36          8        512          0       8192        948   arm_startup_nrf52.o
      1338          0          0          0          0      53664   ble_advdata.o
      1186          6          0          0          0      12303   ble_advertising.o
       502          0         16          0          0       6619   ble_bas.o
       636         44          8          8         80       9459   ble_conn_params.o
       570         84          8          0        124      11097   ble_conn_state.o
       478         36         32          0         28      19168   ble_dfu.o
       476         42        214          4         40      12934   ble_dfu_unbonded.o
       748        206          0         74          0       5591   ble_dis.o
        72          0          0          0          0       1684   ble_link_ctx_manager.o
       670          6         32          0          0       7088   ble_nus.o
       664          6          0          0          0       6748   ble_srv_common.o
         0          0          0          0          0        524   boards.o
        54          0          0          0          0       1448   crc16.o
       704         76          6         12          0      48301   drv_rtc.o
       164         72          8         44         16       5886   esb_timeslot.o
      3842        340         24         68        240      48967   fds.o
       276        124         13         12          0      13787   ll_adc_nrf52.o
       390         32         56          8         20       5727   ll_battery.o
        36          0          0          0          0       2850   ll_battery_charge.o
        40          8          0          8          0       2111   ll_clock_nrf51sd.o
       386         92         12         28       2926       7447   ll_drv_ws2812.o
       220         54          0          0          0       4033   ll_drv_ws2812_gfx_glue_layer.o
       744        162         58        200          0       8084   ll_flash.o
       274         18          6          0          0       9341   ll_gpio_nrf52.o
         8          0          0          0          0        743   ll_interface_withapp.o
       264         40          0         52          0       5375   ll_key.o
       712         42          0         28         60      12794   ll_led_helmet_v2.o
       104         28          0          4        224       5578   ll_para.o
      1062        136         32        132         48      29502   ll_pwm_nrf51.o
      2296        286         24         84         36      19631   ll_sysmode.o
      5032       1188        295        144       1255     239500   main.o
       342          0          0          0          0       6862   nrf_atfifo.o
        64          0          0          0          0       3084   nrf_atflags.o
       332          0          0          0          0      10386   nrf_atomic.o
       164          0          0          0          0       3704   nrf_balloc.o
       950        272        205          0          0      38297   nrf_ble_gatt.o
       276          0          0          0          0       4793   nrf_ble_qwr.o
       380        236          0          0          0       5018   nrf_dfu_svci.o
       312         36         30          0         20      43864   nrf_drv_clock.o
        24          6          0          1          0       4247   nrf_drv_ppi.o
       380         46          0         72        932      39447   nrf_esb.o
        50          0          0          0          0       3605   nrf_fprintf.o
       866          4         16          0          0       6650   nrf_fprintf_format.o
       972        432        194          0          0       8196   nrf_fstorage.o
       798         82         72          8        176      16347   nrf_fstorage_sd.o
       112         18         18          1         64       6297   nrf_log_backend_rtt.o
       200          0          0          0          0      10981   nrf_log_backend_serial.o
        28          4         32          8          0       3397   nrf_log_default_backends.o
      1530        128         44         20       1400      32599   nrf_log_frontend.o
       570        108        102         64          0       5772   nrf_log_str_formatter.o
       346          0          0          0          0       9743   nrf_memobj.o
       256         30         17          8         12      41998   nrf_pwr_mgmt.o
        28          0          0          0          0       2423   nrf_ringbuf.o
       688        180        104          3          0      45512   nrf_sdh.o
       800        298        539          1          0       6037   nrf_sdh_ble.o
       128         68         56          0          0       2532   nrf_sdh_soc.o
        78          0          0          0          0       2852   nrf_section_iter.o
        84          0         17          0          0       4225   nrf_sortlist.o
        76         10       1319          0          0       2819   nrf_strerror.o
       242         32         14          8          0      47312   nrfx_clock.o
      1378        144         19          0         92      71367   nrfx_gpiote.o
       402         34         12          8          0      13992   nrfx_ppi.o
        12          6         12          8          0       2190   nrfx_prs.o
       826         40         12          0         24      22755   nrfx_pwm.o
       928         76         14          0         48      19650   nrfx_saadc.o
       590         30         14          0         12      18912   nrfx_timer.o
         0          0         13          0          0      10928   nrfx_uart.o
         0          0         14          0          0      10786   nrfx_uarte.o
       378         34          0          0        648       9169   segger_rtt.o
       808         84          0          4          0      64020   system_nrf52.o

    ----------------------------------------------------------------------
     43664       5950       4421       1184      16924    1390256   Object Totals
         0          0         32          0          0          0   (incl. Generated)
        66          0         75         18          7          0   (incl. Padding)

    ----------------------------------------------------------------------

      Code (inc. data)   RO Data    RW Data    ZI Data      Debug   Library Member Name

        86          0          0          0          0          0   __dczerorl2.o
        28          0          0          0          0         68   _chval.o
       158          0          0          0          0         92   _strtoul.o
        26          0          0          0          0         80   atoi.o
         8          4        133          0          0         68   ctype_o.o
         0          0          0          0          0          0   entry.o
         0          0          0          0          0          0   entry10a.o
         0          0          0          0          0          0   entry11a.o
         8          4          0          0          0          0   entry2.o
         4          0          0          0          0          0   entry5.o
         0          0          0          0          0          0   entry7b.o
         0          0          0          0          0          0   entry8b.o
         8          4          0          0          0          0   entry9a.o
         8          4          0          4          0         68   errno.o
        30          0          0          0          0          0   handlers.o
        36          8          0          0          0         68   init.o
        32          0          0          0          0         68   llushr.o
        26          0          0          0          0         80   memcmp.o
        36          0          0          0          0         68   memcpya.o
        36          0          0          0          0        108   memseta.o
       884         10          0          0          0        420   printf6.o
        18          0          0          0          0         68   strcpy.o
        14          0          0          0          0         68   strlen.o
        30          0          0          0          0         80   strncmp.o
       112          0          0          0          0         88   strtol.o
        44          0          0          0          0         80   uidiv.o

    ----------------------------------------------------------------------
      1636         34        135          4          0       1572   Library Totals
         4          0          2          0          0          0   (incl. Padding)

    ----------------------------------------------------------------------

      Code (inc. data)   RO Data    RW Data    ZI Data      Debug   Library Name

      1632         34        133          4          0       1572   mc_w.l

    ----------------------------------------------------------------------
      1636         34        135          4          0       1572   Library Totals

    ----------------------------------------------------------------------

==============================================================================


      Code (inc. data)   RO Data    RW Data    ZI Data      Debug   

     45300       5984       4556       1188      16924    1341732   Grand Totals
     45300       5984       4556        244      16924    1341732   ELF Image Totals (compressed)
     45300       5984       4556        244          0          0   ROM Totals

==============================================================================

    Total RO  Size (Code + RO Data)                49856 (  48.69kB)
    Total RW  Size (RW Data + ZI Data)             18112 (  17.69kB)
    Total ROM Size (Code + RO Data + RW Data)      50100 (  48.93kB)

==============================================================================

