Component: ARM Compiler 5.06 update 6 (build 750) Tool: armlink [4d35ed]

==============================================================================

Section Cross References

    main.o(i.IndicatorOfBrakeFuncOnOff) refers to main.o(.data) for .data
    main.o(i.IndicatorOfBrakeFuncOnOff__Start) refers to main.o(.data) for .data
    main.o(i.IndicatorOfBrakeFuncOnOff__Start) refers to ll_para.o(.bss) for gtPara
    main.o(i.IndicatorOfBrakeFuncOnOff__Stop) refers to main.o(.data) for .data
    main.o(i.LL_BLE_Adv_init) refers to ble_advertising.o(i.ble_advertising_init) for ble_advertising_init
    main.o(i.LL_BLE_Adv_init) refers to app_error_handler_keil.o(.emb_text) for app_error_handler
    main.o(i.LL_BLE_Adv_init) refers to ble_advertising.o(i.ble_advertising_conn_cfg_tag_set) for ble_advertising_conn_cfg_tag_set
    main.o(i.LL_BLE_Adv_init) refers to main.o(.bss) for .bss
    main.o(i.LL_BLE_Adv_start) refers to ble_advertising.o(i.ble_advertising_start) for ble_advertising_start
    main.o(i.LL_BLE_Adv_start) refers to app_error_handler_keil.o(.emb_text) for app_error_handler
    main.o(i.LL_BLE_Adv_start) refers to main.o(.bss) for .bss
    main.o(i.LL_BLE_Adv_stop) refers to main.o(.bss) for .bss
    main.o(i.LL_BLE_SetAdManu) refers to memseta.o(.text) for __aeabi_memclr4
    main.o(i.LL_BLE_SetAdManu) refers to ble_advertising.o(i.ble_advertising_advdata_update) for ble_advertising_advdata_update
    main.o(i.LL_BLE_SetAdManu) refers to app_error_handler_keil.o(.emb_text) for app_error_handler
    main.o(i.LL_BLE_SetAdManu) refers to main.o(.bss) for .bss
    main.o(i.LL_BLE_SetAdManu) refers to main.o(.data) for .data
    main.o(i.LL_Charging_Display) refers to ll_gpio_nrf52.o(i.LL_GPIO_OutputWrite) for LL_GPIO_OutputWrite
    main.o(i.LL_Charging_Display) refers to ll_key.o(i.LL_Key_Init_With_No_Trigger) for LL_Key_Init_With_No_Trigger
    main.o(i.LL_Charging_Display) refers to ll_ble_observer_nrf52sdk17.o(i.LL_BLE_Observer__Stop) for LL_BLE_Observer__Stop
    main.o(i.LL_Charging_Display) refers to memseta.o(.text) for __aeabi_memclr4
    main.o(i.LL_Charging_Display) refers to ll_led_panel_ws2812.o(i.LL_Drv_Ws2812_SetRearAnimation) for LL_Drv_Ws2812_SetRearAnimation
    main.o(i.LL_Charging_Display) refers to ll_battery.o(i.LL_Battery_Mainloop) for LL_Battery_Mainloop
    main.o(i.LL_Charging_Display) refers to ll_key.o(i.LL_Key_Scan) for LL_Key_Scan
    main.o(i.LL_Charging_Display) refers to ll_key.o(i.LL_Key_EvtFetch) for LL_Key_EvtFetch
    main.o(i.LL_Charging_Display) refers to ll_battery.o(i.LL_Battery_Level) for LL_Battery_Level
    main.o(i.LL_Charging_Display) refers to ll_flash.o(i.flash_store) for flash_store
    main.o(i.LL_Charging_Display) refers to ll_battery_charge.o(i.LL_Battery__isCharging) for LL_Battery__isCharging
    main.o(i.LL_Charging_Display) refers to main.o(i.LL_Power_BeforeSleep) for LL_Power_BeforeSleep
    main.o(i.LL_Charging_Display) refers to ll_led_helmet.o(i.LL_LEDs_routine) for LL_LEDs_routine
    main.o(i.LL_Charging_Display) refers to ll_sysmode.o(.data) for glPowerOnAnimationPlayOff
    main.o(i.LL_Charging_Display) refers to main.o(.bss) for .bss
    main.o(i.LL_Charging_Display) refers to main.o(.data) for .data
    main.o(i.LL_Charging_Display) refers to ll_sysmode.o(.bss) for gtPanelPara
    main.o(i.LL_Charging_Display) refers to ll_flash.o(.data) for gulFlashStoreNeeded
    main.o(i.LL_Charging_Display) refers to ll_adc_nrf52.o(.data) for LL_ADC_Sample_1
    main.o(i.LL_Charging_Display) refers to ll_para.o(.bss) for gtPara
    main.o(i.LL_ESB_callback_esb_started) refers to ll_sync.o(i.LL_Sync) for LL_Sync
    main.o(i.LL_Power_BeforeSleep) refers to ll_flash.o(i.flash_store_finish) for flash_store_finish
    main.o(i.LL_Power_BeforeSleep) refers to ll_flash.o(i.flash_store_beforeSleep) for flash_store_beforeSleep
    main.o(i.LL_Power_BeforeSleep) refers to ll_gpio_nrf52.o(i.LL_GPIO_OutputWrite) for LL_GPIO_OutputWrite
    main.o(i.LL_Power_BeforeSleep) refers to ll_gpio_nrf52.o(i.LL_GPIO_InputCfg) for LL_GPIO_InputCfg
    main.o(i.LL_Power_BeforeSleep) refers to ll_led_helmet.o(i.LL_LEDs_OFF) for LL_LEDs_OFF
    main.o(i.LL_Power_BeforeSleep) refers to main.o(i.nrf_delay_ms) for nrf_delay_ms
    main.o(i.LL_Power_BeforeSleep) refers to ll_pwm_nrf51.o(i.LL_PWM_Sleep) for LL_PWM_Sleep
    main.o(i.LL_Power_BeforeSleep) refers to ll_key.o(i.LL_Key_Init) for LL_Key_Init
    main.o(i.LL_Power_BeforeSleep) refers to ll_flash.o(.data) for gulFlashStoreNeeded
    main.o(i.TxCurrentFlashModeToApp) refers to ll_interface_withapp.o(i.packCurrentModeToApp) for packCurrentModeToApp
    main.o(i.TxCurrentFlashModeToApp) refers to ble_nus.o(i.ble_nus_data_send) for ble_nus_data_send
    main.o(i.TxCurrentFlashModeToApp) refers to main.o(.data) for .data
    main.o(i.TxCurrentFlashModeToApp) refers to ll_para.o(.bss) for gtPara
    main.o(i.TxCurrentFlashModeToApp__Start) refers to ble_nus.o(i.ble_nus_data_send) for ble_nus_data_send
[...]
    gulFlashStoreNeeded                      0x20002e80   Data           4  ll_flash.o(.data)
    gulFlashStoreCnt                         0x20002f6c   Data           4  ll_flash.o(.data)
    LL_ADC_Sample                            0x20002f80   Data           4  ll_adc_nrf52.o(.data)
    LL_ADC_Sample_1                          0x20002f84   Data           4  ll_adc_nrf52.o(.data)
    LL_ADC_Sample_2                          0x20002f88   Data           4  ll_adc_nrf52.o(.data)
    LL_ADC_SampleSeq                         0x20002f8c   Data           4  ll_adc_nrf52.o(.data)
    gulTimerCnt1ms_LED                       0x20002f98   Data           4  ll_led_helmet.o(.data)
    beep_car_blinker                         0x20002f9c   Data          10  ll_led_helmet.o(.data)
    beep_woodcock                            0x20002fa6   Data          10  ll_led_helmet.o(.data)
    wake_up_event__power_on_cmd_scanned      0x20002fbc   Data           1  ll_ble_observer_nrf52sdk17.o(.data)
    wake_up_event__key_pressed               0x20002fcc   Data           1  ll_ble_observer_nrf52sdk17.o(.data)
    gulTurnSignalFlag                        0x20002fd4   Data           1  ll_msg_handle_helmet.o(.data)
    gulBatteryOfRemote                       0x20002fd8   Data           4  ll_msg_handle_helmet.o(.data)
    canThisRemoteChangeSleepTime             0x20002fdc   Data           4  ll_msg_handle_helmet.o(.data)
    option_SleepTime_of_remote_from_app      0x20002fe0   Data           4  ll_msg_handle_helmet.o(.data)
    gulMsgHandleNeeded                       0x20002fe8   Data           4  ll_msg_handle_helmet.o(.data)
    gulRSSI                                  0x20002fec   Data           4  ll_msg_handle_helmet.o(.data)
    last_time_of_syncing_or_being_synced     0x20002ff0   Data           4  ll_sync.o(.data)
    geBroadcastState                         0x20002ff4   Data           1  ll_sync.o(.data)
    gulflag                                  0x20002ff8   Data           4  ll_sync.o(.data)
    gulBroadcastCnt                          0x20002ffc   Data           4  ll_sync.o(.data)
    timestamp_befroe_waiting                 0x20003000   Data           4  ll_sync.o(.data)
    clock_from_ble_evt_dispatch              0x20003004   Data           4  ll_sync.o(.data)
    LL_ESB_data_received                     0x20003019   Data           1  esb_timeslot.o(.data)
    switch_base_addr_cnt                     0x2000301a   Data           1  esb_timeslot.o(.data)
    flash_timeslot                           0x20003088   Data           1  ll_led_panel_ws2812.o(.data)
    SystemCoreClock                          0x2000340c   Data           4  system_nrf52.o(.data)
    fs_data$$Base                            0x20003414   Number         0  fds.o(fs_data)
    m_fs                                     0x20003414   Data          20  fds.o(fs_data)
    fs_data$$Limit                           0x20003428   Number         0  fds.o(fs_data)
    scanrsp                                  0x200038a4   Data          60  main.o(.bss)
    gtHwID                                   0x200038e0   Data           9  main.o(.bss)
    gtPanelPara                              0x2000390c   Data       10760  ll_sysmode.o(.bss)
    nrf_nvic_state                           0x20006594   Data          12  app_util_platform.o(.bss)
    m_pwm_ready_counter                      0x200065c0   Data          10  app_pwm.o(.bss)
    m_pwm_PWM1_cb                            0x20006780   Data          36  ll_pwm_nrf51.o(.bss)
    init                                     0x20007d60   Data         172  ll_ble_broadcaster_nrf52sdk17.o(.bss)
    gtPara                                   0x20007f80   Data         232  ll_para.o(.bss)
    sgtMsg                                   0x2000808c   Data          26  ll_msg_handle_helmet.o(.bss)
    m_ack_pl_container                       0x200083dc   Data          96  nrf_esb.o(.bss)
    m_ack_pl_container_entry_point_pr_pipe   0x2000843c   Data          32  nrf_esb.o(.bss)
    __initial_sp                             0x20009c80   Data           0  arm_startup_nrf52.o(STACK)



==============================================================================

Memory Map of the image

  Image Entry point : 0x00026201

  Load Region LR_IROM1 (Base: 0x00026000, Size: 0x00011340, Max: 0x00052000, ABSOLUTE, COMPRESSED[0x00010c44])

    Execution Region ER_IROM1 (Exec base: 0x00026000, Load base: 0x00026000, Size: 0x00010ae0, Max: 0x00052000, ABSOLUTE)

    Exec Addr    Load Addr    Size         Type   Attr      Idx    E Section Name        Object

    0x00026000   0x00026000   0x00000200   Data   RO         8611    RESET               arm_startup_nrf52.o
    0x00026200   0x00026200   0x00000000   Code   RO         8672  * .ARM.Collect$$$$00000000  mc_w.l(entry.o)
    0x00026200   0x00026200   0x00000004   Code   RO         8960    .ARM.Collect$$$$00000001  mc_w.l(entry2.o)
    0x00026204   0x00026204   0x00000004   Code   RO         8963    .ARM.Collect$$$$00000004  mc_w.l(entry5.o)
    0x00026208   0x00026208   0x00000000   Code   RO         8965    .ARM.Collect$$$$00000008  mc_w.l(entry7b.o)
    0x00026208   0x00026208   0x00000000   Code   RO         8967    .ARM.Collect$$$$0000000A  mc_w.l(entry8b.o)
    0x00026208   0x00026208   0x00000008   Code   RO         8968    .ARM.Collect$$$$0000000B  mc_w.l(entry9a.o)
    0x00026210   0x00026210   0x00000000   Code   RO         8970    .ARM.Collect$$$$0000000D  mc_w.l(entry10a.o)
    0x00026210   0x00026210   0x00000000   Code   RO         8972    .ARM.Collect$$$$0000000F  mc_w.l(entry11a.o)
    0x00026210   0x00026210   0x00000004   Code   RO         8961    .ARM.Collect$$$$00002712  mc_w.l(entry2.o)
    0x00026214   0x00026214   0x0000001a   Code   RO         4270    .emb_text           app_error_handler_keil.o
    0x0002622e   0x0002622e   0x00000002   PAD
    0x00026230   0x00026230   0x000000c8   Code   RO         4928    .emb_text           nrf_atfifo.o
    0x000262f8   0x000262f8   0x000000e2   Code   RO         5064    .emb_text           nrf_atomic.o
    0x000263da   0x000263da   0x00000002   PAD
    0x000263dc   0x000263dc   0x00000024   Code   RO         8612    .text               arm_startup_nrf52.o
    0x00026400   0x00026400   0x00000020   Code   RO         8679    .text               mc_w.l(llushr.o)
    0x00026420   0x00026420   0x00000024   Code   RO         8681    .text               mc_w.l(memcpya.o)
    0x00026444   0x00026444   0x00000024   Code   RO         8683    .text               mc_w.l(memseta.o)
    0x00026468   0x00026468   0x0000000e   Code   RO         8685    .text               mc_w.l(strlen.o)
    0x00026476   0x00026476   0x0000001c   Code   RO         8687    .text               mc_w.l(strcmp.o)
    0x00026492   0x00026492   0x0000001a   Code   RO         8689    .text               mc_w.l(memcmp.o)
    0x000264ac   0x000264ac   0x0000001e   Code   RO         8693    .text               mc_w.l(strncmp.o)
    0x000264ca   0x000264ca   0x0000001a   Code   RO         8958    .text               mc_w.l(atoi.o)
    0x000264e4   0x000264e4   0x0000002c   Code   RO         8974    .text               mc_w.l(uidiv.o)
    0x00026510   0x00026510   0x00000070   Code   RO         8983    .text               mc_w.l(strtol.o)
    0x00026580   0x00026580   0x00000024   Code   RO         8996    .text               mc_w.l(init.o)
    0x000265a4   0x000265a4   0x00000008   Code   RO         9000    .text               mc_w.l(ctype_o.o)
    0x000265ac   0x000265ac   0x0000009e   Code   RO         9028    .text               mc_w.l(_strtoul.o)
    0x0002664a   0x0002664a   0x0000001c   Code   RO         9032    .text               mc_w.l(_chval.o)
    0x00026666   0x00026666   0x00000056   Code   RO         9042    .text               mc_w.l(__dczerorl2.o)
    0x000266bc   0x000266bc   0x00000054   Code   RO         7355    i.ADC_to_BattLvl    ll_battery.o
    0x00026710   0x00026710   0x00000004   Code   RO         8000    i.COMP_LPCOMP_IRQHandler  esb_timeslot.o
    0x00026714   0x00026714   0x000000a4   Code   RO         2866    i.GPIOTE_IRQHandler  nrfx_gpiote.o
    0x000267b8   0x000267b8   0x00000028   Code   RO            5    i.IndicatorOfBrakeFuncOnOff__Start  main.o
    0x000267e0   0x000267e0   0x000000f8   Code   RO         7426    i.LL_ADC_Init       ll_adc_nrf52.o
    0x000268d8   0x000268d8   0x00000004   Code   RO         7427    i.LL_ADC_StartSingleConversion  ll_adc_nrf52.o
    0x000268dc   0x000268dc   0x00000034   Code   RO            7    i.LL_BLE_Adv_init   main.o
    0x00026910   0x00026910   0x00000030   Code   RO            8    i.LL_BLE_Adv_start  main.o
    0x00026940   0x00026940   0x00000010   Code   RO            9    i.LL_BLE_Adv_stop   main.o
    0x00026950   0x00026950   0x000001ec   Code   RO         7629    i.LL_BLE_Broadcaster  ll_ble_broadcaster_nrf52sdk17.o
    0x00026b3c   0x00026b3c   0x00000018   Code   RO         7630    i.LL_BLE_Broadcaster__start  ll_ble_broadcaster_nrf52sdk17.o
    0x00026b54   0x00026b54   0x00000078   Code   RO         7691    i.LL_BLE_Observer__Init  ll_ble_observer_nrf52sdk17.o
    0x00026bcc   0x00026bcc   0x00000004   Code   RO         7692    i.LL_BLE_Observer__Stop  ll_ble_observer_nrf52sdk17.o
    0x00026bd0   0x00026bd0   0x00000088   Code   RO           10    i.LL_BLE_SetAdManu  main.o
    0x00026c58   0x00026c58   0x00000144   Code   RO         7951    i.LL_BatteryIndicator__Mainloop  ll_batteryindicator.o
    0x00026d9c   0x00026d9c   0x0000000c   Code   RO         7953    i.LL_BatteryIndicator__Start  ll_batteryindicator.o
    0x00026da8   0x00026da8   0x0000000c   Code   RO         7479    i.LL_Battery_Charging__Init  ll_battery_charge.o
    0x00026db4   0x00026db4   0x00000004   Code   RO         7480    i.LL_Battery_Charging__NotOnlyChargingMode_ButAlsoChargingIndeed  ll_battery_charge.o
    0x00026db8   0x00026db8   0x0000002c   Code   RO         7356    i.LL_Battery_Init   ll_battery.o
    0x00026de4   0x00026de4   0x00000068   Code   RO         7357    i.LL_Battery_Level  ll_battery.o
    0x00026e4c   0x00026e4c   0x00000090   Code   RO         7358    i.LL_Battery_Mainloop  ll_battery.o
    0x00026edc   0x00026edc   0x00000014   Code   RO         7481    i.LL_Battery__isCharging  ll_battery_charge.o
    0x00026ef0   0x00026ef0   0x00000014   Code   RO          695    i.LL_BeepForTurning__OFF  ll_sysmode.o
    0x00026f04   0x00026f04   0x00000010   Code   RO         7302    i.LL_CLOCK__clearTheSnapshotAsMaster  ll_clock_nrf51sd.o
    0x00026f14   0x00026f14   0x0000000c   Code   RO         7303    i.LL_CLOCK__updateTheSnapshotAsSlave  ll_clock_nrf51sd.o
    0x00026f20   0x00026f20   0x000001b0   Code   RO           11    i.LL_Charging_Display  main.o
    0x000270d0   0x000270d0   0x0000000c   Code   RO         7305    i.LL_Clock__LED_CLOCK_get  ll_clock_nrf51sd.o
    0x000270dc   0x000270dc   0x00000028   Code   RO         7306    i.LL_Clock__OTHERS_LED_CLOCK_get  ll_clock_nrf51sd.o
    0x00027104   0x00027104   0x00000014   Code   RO         7307    i.LL_Clock__OTHERS_LED_CLOCK_snapshot  ll_clock_nrf51sd.o
    0x00027118   0x00027118   0x000000c4   Code   RO         8470    i.LL_Convert_Frames  ll_led_panel_ws2812.o
    0x000271dc   0x000271dc   0x0000006c   Code   RO         8471    i.LL_Convert_Frames_Charging  ll_led_panel_ws2812.o
    0x00027248   0x00027248   0x000000d0   Code   RO         8472    i.LL_Convert_Frames_PowerOn  ll_led_panel_ws2812.o
    0x00027318   0x00027318   0x00000040   Code   RO         6930    i.LL_Convert_Rgb_To_Pwm_Sequence_Channel0  ll_pwm_nrf51.o
    0x00027358   0x00027358   0x00000044   Code   RO         6931    i.LL_Convert_Rgb_To_Pwm_Sequence_Channel1  ll_pwm_nrf51.o
    0x0002739c   0x0002739c   0x00000028   Code   RO         6932    i.LL_Drv_Ws2812_Display  ll_pwm_nrf51.o
    0x000273c4   0x000273c4   0x00000044   Code   RO         6933    i.LL_Drv_Ws2812_Front_Draw  ll_pwm_nrf51.o
    0x00027408   0x00027408   0x00000030   Code   RO         6934    i.LL_Drv_Ws2812_Pixel_Draw  ll_pwm_nrf51.o
    0x00027438   0x00027438   0x00000048   Code   RO         6935    i.LL_Drv_Ws2812_Rear_Draw  ll_pwm_nrf51.o
    0x00027480   0x00027480   0x0000001c   Code   RO         8473    i.LL_Drv_Ws2812_Reset  ll_led_panel_ws2812.o
    0x0002749c   0x0002749c   0x00000184   Code   RO         8474    i.LL_Drv_Ws2812_SetFrontAnimation  ll_led_panel_ws2812.o
    0x00027620   0x00027620   0x00000218   Code   RO         8475    i.LL_Drv_Ws2812_SetRearAnimation  ll_led_panel_ws2812.o
    0x00027838   0x00027838   0x000000c0   Code   RO         8476    i.LL_Drv_Ws2812_SyncWithClock  ll_led_panel_ws2812.o
    0x000278f8   0x000278f8   0x0000002c   Code   RO         8002    i.LL_ESB_WriteTxBuf  esb_timeslot.o
    0x00027924   0x00027924   0x000000b4   Code   RO         8003    i.LL_ESB__set_address  esb_timeslot.o
    0x000279d8   0x000279d8   0x0000005c   Code   RO         8004    i.LL_ESB__set_address__ForPairedRemotes  esb_timeslot.o
    0x00027a34   0x00027a34   0x00000004   Code   RO           12    i.LL_ESB_callback_esb_started  main.o
    0x00027a38   0x00027a38   0x00000068   Code   RO         8477    i.LL_Find_Color_Position  ll_led_panel_ws2812.o
    0x00027aa0   0x00027aa0   0x00000042   Code   RO         7111    i.LL_GPIO_InputCfg  ll_gpio_nrf52.o
    0x00027ae2   0x00027ae2   0x00000002   PAD
    0x00027ae4   0x00027ae4   0x00000014   Code   RO         7112    i.LL_GPIO_InputRead  ll_gpio_nrf52.o
    0x00027af8   0x00027af8   0x0000004c   Code   RO         7113    i.LL_GPIO_OutputCfg  ll_gpio_nrf52.o
    0x00027b44   0x00027b44   0x00000018   Code   RO         7114    i.LL_GPIO_OutputWrite  ll_gpio_nrf52.o
    0x00027b5c   0x00027b5c   0x00000090   Code   RO         8478    i.LL_Get_Color_Value_Via_Brightness  ll_led_panel_ws2812.o
    0x00027bec   0x00027bec   0x0000004c   Code   RO         8479    i.LL_Get_Color_Value_Via_Color  ll_led_panel_ws2812.o
    0x00027c38   0x00027c38   0x00000064   Code   RO         8480    i.LL_Get_Color_Value_Via_Individual_Brightness  ll_led_panel_ws2812.o
    0x00027c9c   0x00027c9c   0x00000036   Code   RO         7396    i.LL_HardwareID_Get  ll_hardwareid_nrf52.o
    0x00027cd2   0x00027cd2   0x00000002   PAD
    0x00027cd4   0x00027cd4   0x000000fc   Code   RO         7833    i.LL_HelmetActionWhenStateChanged  ll_msg_handle_helmet.o
    0x00027dd0   0x00027dd0   0x0000001c   Code   RO          698    i.LL_Helmet_ChangeStateTo_BeepBeforeOFF  ll_sysmode.o
    0x00027dec   0x00027dec   0x00000088   Code   RO          699    i.LL_Helmet_ChangeStateTo_BeepBeforeON  ll_sysmode.o
    0x00027e74   0x00027e74   0x00000028   Code   RO          700    i.LL_Helmet_ChangeStateTo_Init  ll_sysmode.o
    0x00027e9c   0x00027e9c   0x00000054   Code   RO          701    i.LL_Helmet_ChangeStateTo_NextMode  ll_sysmode.o
    0x00027ef0   0x00027ef0   0x00000028   Code   RO          702    i.LL_Helmet_ChangeStateTo_OFF  ll_sysmode.o
    0x00027f18   0x00027f18   0x00000040   Code   RO          703    i.LL_Helmet_ChangeStateTo_ON  ll_sysmode.o
    0x00027f58   0x00027f58   0x00000050   Code   RO          704    i.LL_Helmet_ChangeStateTo_Pairing  ll_sysmode.o
    0x00027fa8   0x00027fa8   0x00000054   Code   RO          705    i.LL_Helmet_ChangeStateTo_PcbTestingMode  ll_sysmode.o
    0x00027ffc   0x00027ffc   0x0000002c   Code   RO          706    i.LL_Helmet_ChangeStateTo_ProductionTestingMode  ll_sysmode.o
    0x00028028   0x00028028   0x000000e0   Code   RO          707    i.LL_Helmet_Mainloop  ll_sysmode.o
    0x00028108   0x00028108   0x00000078   Code   RO          708    i.LL_Helmet_State_BeepBeforeOFF  ll_sysmode.o
    0x00028180   0x00028180   0x000000c4   Code   RO          709    i.LL_Helmet_State_BeepBeforeON  ll_sysmode.o
    0x00028244   0x00028244   0x00000084   Code   RO          710    i.LL_Helmet_State_Init  ll_sysmode.o
    0x000282c8   0x000282c8   0x00000134   Code   RO          711    i.LL_Helmet_State_OFF  ll_sysmode.o
    0x000283fc   0x000283fc   0x00000160   Code   RO          712    i.LL_Helmet_State_ON  ll_sysmode.o
    0x0002855c   0x0002855c   0x000000cc   Code   RO          713    i.LL_Helmet_State_Pairing  ll_sysmode.o
    0x00028628   0x00028628   0x00000118   Code   RO          714    i.LL_Helmet_State_PcbTestingMode  ll_sysmode.o
    0x00028740   0x00028740   0x0000012c   Code   RO          715    i.LL_Helmet_State_ProductionTestingMode  ll_sysmode.o
    0x0002886c   0x0002886c   0x00000014   Code   RO          716    i.LL_Helmet_TurnOffBrakeLightAuto_ReclockWhenReceiveNewBrake  ll_sysmode.o
    0x00028880   0x00028880   0x00000020   Code   RO         7169    i.LL_Key_EvtFetch   ll_key.o
    0x000288a0   0x000288a0   0x00000010   Code   RO         7171    i.LL_Key_IgnoreNextRelease  ll_key.o
    0x000288b0   0x000288b0   0x0000002c   Code   RO         7172    i.LL_Key_Init       ll_key.o
    0x000288dc   0x000288dc   0x00000014   Code   RO         7173    i.LL_Key_Init_With_No_Trigger  ll_key.o
    0x000288f0   0x000288f0   0x00000080   Code   RO         7174    i.LL_Key_Scan       ll_key.o
    0x00028970   0x00028970   0x00000014   Code   RO         7518    i.LL_LED_Brightness  ll_led_helmet.o
    0x00028984   0x00028984   0x000000a4   Code   RO         7522    i.LL_LED_FlashingByCustomer_SpecialForBuzzer  ll_led_helmet.o
    0x00028a28   0x00028a28   0x0000001c   Code   RO         7524    i.LL_LED_OFF        ll_led_helmet.o
    0x00028a44   0x00028a44   0x0000001c   Code   RO         7525    i.LL_LED_ON         ll_led_helmet.o
    0x00028a60   0x00028a60   0x000000fc   Code   RO         8481    i.LL_LED_Panel_AlarmAnimation  ll_led_panel_ws2812.o
    0x00028b5c   0x00028b5c   0x000000f8   Code   RO         8483    i.LL_LED_Panel_BreathingAnimation  ll_led_panel_ws2812.o
    0x00028c54   0x00028c54   0x000000b8   Code   RO         8484    i.LL_LED_Panel_HalfBlink_Animation  ll_led_panel_ws2812.o
    0x00028d0c   0x00028d0c   0x000000b0   Code   RO         8485    i.LL_LED_Panel_PowerOffAnimation  ll_led_panel_ws2812.o
    0x00028dbc   0x00028dbc   0x00000058   Code   RO         8486    i.LL_LED_Panel_Producting_Animation  ll_led_panel_ws2812.o
    0x00028e14   0x00028e14   0x000000c8   Code   RO         8487    i.LL_LED_Panel_TurnLeft_Flash_Animation  ll_led_panel_ws2812.o
    0x00028edc   0x00028edc   0x000000c8   Code   RO         8488    i.LL_LED_Panel_TurnRight_Flash_Animation  ll_led_panel_ws2812.o
    0x00028fa4   0x00028fa4   0x00000030   Code   RO         7526    i.LL_LEDs_OFF       ll_led_helmet.o
    0x00028fd4   0x00028fd4   0x00000026   Code   RO         7528    i.LL_LEDs_init      ll_led_helmet.o
    0x00028ffa   0x00028ffa   0x00000002   PAD
    0x00028ffc   0x00028ffc   0x000001e0   Code   RO         7529    i.LL_LEDs_routine   ll_led_helmet.o
    0x000291dc   0x000291dc   0x000000c8   Code   RO         7834    i.LL_MSG_Handle__PublicMessage_parseWhenInMainloop  ll_msg_handle_helmet.o
    0x000292a4   0x000292a4   0x0000002c   Code   RO         7835    i.LL_MSG_Handle__PublicMessage_saveWhenInInterrupt  ll_msg_handle_helmet.o
    0x000292d0   0x000292d0   0x00000068   Code   RO         7836    i.LL_MSG_toRemote_pack  ll_msg_handle_helmet.o
    0x00029338   0x00029338   0x00000100   Code   RO         7837    i.LL_MsgHandle_Helmet  ll_msg_handle_helmet.o
    0x00029438   0x00029438   0x00000068   Code   RO         6937    i.LL_PWM_DutySet    ll_pwm_nrf51.o
    0x000294a0   0x000294a0   0x0000015c   Code   RO         6939    i.LL_PWM_Init       ll_pwm_nrf51.o
    0x000295fc   0x000295fc   0x00000060   Code   RO         6940    i.LL_PWM_OFF        ll_pwm_nrf51.o
    0x0002965c   0x0002965c   0x00000080   Code   RO         6941    i.LL_PWM_ON         ll_pwm_nrf51.o
    0x000296dc   0x000296dc   0x00000028   Code   RO         6942    i.LL_PWM_Sleep      ll_pwm_nrf51.o
    0x00029704   0x00029704   0x0000001c   Code   RO         6944    i.LL_PWM_isOFF      ll_pwm_nrf51.o
    0x00029720   0x00029720   0x0000001c   Code   RO         6945    i.LL_PWM_isON       ll_pwm_nrf51.o
    0x0002973c   0x0002973c   0x00000090   Code   RO         6946    i.LL_PWM_perDuty    ll_pwm_nrf51.o
    0x000297cc   0x000297cc   0x00000030   Code   RO         7784    i.LL_Para__get_flashing_pattern  ll_para.o
    0x000297fc   0x000297fc   0x0000002c   Code   RO         7785    i.LL_Para__set_flashing_pattern_fromApp  ll_para.o
    0x00029828   0x00029828   0x0000000c   Code   RO         7786    i.LL_Para__set_flashing_pattern_fromButtonSwitch  ll_para.o
    0x00029834   0x00029834   0x00000020   Code   RO         7787    i.LL_Para__set_flashing_pattern_fromSync  ll_para.o
    0x00029854   0x00029854   0x00000078   Code   RO           13    i.LL_Power_BeforeSleep  main.o
    0x000298cc   0x000298cc   0x00000004   Code   RO           14    i.LL_Power_Sleep    main.o
    0x000298d0   0x000298d0   0x0000011c   Code   RO         7901    i.LL_Sync           ll_sync.o
    0x000299ec   0x000299ec   0x0000000c   Code   RO         6947    i.LL_WS2812_BufferInit  ll_pwm_nrf51.o
    0x000299f8   0x000299f8   0x00000058   Code   RO         2730    i.POWER_CLOCK_IRQHandler  nrfx_clock.o
    0x00029a50   0x00029a50   0x00000010   Code   RO         3710    i.PWM0_IRQHandler   nrfx_pwm.o
    0x00029a60   0x00029a60   0x00000010   Code   RO         3711    i.PWM1_IRQHandler   nrfx_pwm.o
    0x00029a70   0x00029a70   0x00000010   Code   RO         3712    i.PWM2_IRQHandler   nrfx_pwm.o
    0x00029a80   0x00029a80   0x00000014   Code   RO         8005    i.QDEC_IRQHandler   esb_timeslot.o
    0x00029a94   0x00029a94   0x0000005c   Code   RO         8150    i.RADIO_IRQHandler  nrf_esb.o
    0x00029af0   0x00029af0   0x00000010   Code   RO         4721    i.RTC1_IRQHandler   drv_rtc.o
    0x00029b00   0x00029b00   0x00000148   Code   RO         3561    i.SAADC_IRQHandler  nrfx_saadc.o
    0x00029c48   0x00029c48   0x00000058   Code   RO         8151    i.SWI0_EGU0_IRQHandler  nrf_esb.o
    0x00029ca0   0x00029ca0   0x00000004   Code   RO         6728    i.SWI2_EGU2_IRQHandler  nrf_sdh.o
    0x00029ca4   0x00029ca4   0x000002cc   Code   RO         8620    i.SystemInit        system_nrf52.o
    0x00029f70   0x00029f70   0x00000050   Code   RO         3832    i.TIMER1_IRQHandler  nrfx_timer.o
    0x00029fc0   0x00029fc0   0x0000002c   Code   RO         8152    i.TIMER3_IRQHandler  nrf_esb.o
    0x00029fec   0x00029fec   0x0000000e   Code   RO         7359    i.T_BatteryMeasure__ResetTempVar  ll_battery.o
    0x00029ffa   0x00029ffa   0x00000002   PAD
    0x00029ffc   0x00029ffc   0x00000040   Code   RO           16    i.TxCurrentFlashModeToApp__Start  main.o
    0x0002a03c   0x0002a03c   0x00000160   Code   RO           18    i.TxFlashModeParaToApp  main.o
    0x0002a19c   0x0002a19c   0x00000018   Code   RO           19    i.TxFlashModeParaToApp__Start  main.o
    0x0002a1b4   0x0002a1b4   0x0000000c   Code   RO         3168    i.UARTE0_UART0_IRQHandler  nrfx_prs.o
    0x0002a1c0   0x0002a1c0   0x00000028   Code   RO         8854    i.__0sprintf$6      mc_w.l(printf6.o)
    0x0002a1e8   0x0002a1e8   0x0000001a   Code   RO         8153    i.__NVIC_ClearPendingIRQ  nrf_esb.o
    0x0002a202   0x0002a202   0x00000022   Code   RO         8154    i.__NVIC_DisableIRQ  nrf_esb.o
    0x0002a224   0x0002a224   0x0000001a   Code   RO         8155    i.__NVIC_EnableIRQ  nrf_esb.o
    0x0002a23e   0x0002a23e   0x0000001a   Code   RO         8156    i.__NVIC_SetPendingIRQ  nrf_esb.o
    0x0002a258   0x0002a258   0x00000020   Code   RO         8157    i.__NVIC_SetPriority  nrf_esb.o
    0x0002a278   0x0002a278   0x00000008   Code   RO         8976    i.__aeabi_errno_addr  mc_w.l(errno.o)
    0x0002a280   0x0002a280   0x0000000e   Code   RO         9036    i.__scatterload_copy  mc_w.l(handlers.o)
    0x0002a28e   0x0002a28e   0x00000002   Code   RO         9037    i.__scatterload_null  mc_w.l(handlers.o)
    0x0002a290   0x0002a290   0x0000000e   Code   RO         9038    i.__scatterload_zeroinit  mc_w.l(handlers.o)
    0x0002a29e   0x0002a29e   0x00000002   PAD
    0x0002a2a0   0x0002a2a0   0x00000024   Code   RO         6729    i.__sd_nvic_app_accessible_irq  nrf_sdh.o
    0x0002a2c4   0x0002a2c4   0x000002f0   Code   RO         8859    i._printf_core      mc_w.l(printf6.o)
    0x0002a5b4   0x0002a5b4   0x00000024   Code   RO         8860    i._printf_post_padding  mc_w.l(printf6.o)
    0x0002a5d8   0x0002a5d8   0x0000002e   Code   RO         8861    i._printf_pre_padding  mc_w.l(printf6.o)
    0x0002a606   0x0002a606   0x0000000a   Code   RO         8863    i._sputc            mc_w.l(printf6.o)
    0x0002a610   0x0002a610   0x0000000c   Code   RO         8158    i.addr_conv         nrf_esb.o
    0x0002a61c   0x0002a61c   0x0000000c   Code   RO         6151    i.addr_is_aligned32  nrf_fstorage.o
    0x0002a628   0x0002a628   0x00000018   Code   RO         6152    i.addr_is_within_bounds  nrf_fstorage.o
    0x0002a640   0x0002a640   0x00000018   Code   RO         7631    i.adv__Power_ONOFF  ll_ble_broadcaster_nrf52sdk17.o
    0x0002a658   0x0002a658   0x00000010   Code   RO         1319    i.adv_set_data_size_max_get  ble_advertising.o
    0x0002a668   0x0002a668   0x00000036   Code   RO         1106    i.advertising_buttons_configure  bsp_btn_ble.o
    0x0002a69e   0x0002a69e   0x00000002   PAD
    0x0002a6a0   0x0002a6a0   0x0000006c   Code   RO           21    i.advertising_init  main.o
    0x0002a70c   0x0002a70c   0x00000018   Code   RO         4292    i.app_error_fault_handler  app_error_weak.o
    0x0002a724   0x0002a724   0x00000064   Code   RO         4237    i.app_error_save_and_stop  app_error.o
    0x0002a788   0x0002a788   0x0000003c   Code   RO         5691    i.app_pwm_busy_check  app_pwm.o
    0x0002a7c4   0x0002a7c4   0x00000014   Code   RO         5693    i.app_pwm_channel_duty_set  app_pwm.o
    0x0002a7d8   0x0002a7d8   0x00000078   Code   RO         5695    i.app_pwm_channel_duty_ticks_set  app_pwm.o
    0x0002a850   0x0002a850   0x000000f8   Code   RO         5696    i.app_pwm_channel_init  app_pwm.o
    0x0002a948   0x0002a948   0x00000078   Code   RO         5698    i.app_pwm_disable   app_pwm.o
    0x0002a9c0   0x0002a9c0   0x00000078   Code   RO         5699    i.app_pwm_enable    app_pwm.o
    0x0002aa38   0x0002aa38   0x00000194   Code   RO         5700    i.app_pwm_init      app_pwm.o
    0x0002abcc   0x0002abcc   0x0000002a   Code   RO         5701    i.app_pwm_uninit    app_pwm.o
    0x0002abf6   0x0002abf6   0x00000004   Code   RO           22    i.app_shutdown_handler  main.o
    0x0002abfa   0x0002abfa   0x00000002   PAD
    0x0002abfc   0x0002abfc   0x0000000c   Code   RO         4441    i.app_timer_cnt_get  app_timer2.o
    0x0002ac08   0x0002ac08   0x00000020   Code   RO         4442    i.app_timer_create  app_timer2.o
    0x0002ac28   0x0002ac28   0x0000005c   Code   RO         4443    i.app_timer_init    app_timer2.o
    0x0002ac84   0x0002ac84   0x00000054   Code   RO         4446    i.app_timer_start   app_timer2.o
    0x0002acd8   0x0002acd8   0x00000044   Code   RO         4447    i.app_timer_stop    app_timer2.o
    0x0002ad1c   0x0002ad1c   0x00000048   Code   RO         4653    i.app_util_critical_region_enter  app_util_platform.o
    0x0002ad64   0x0002ad64   0x00000034   Code   RO         4654    i.app_util_critical_region_exit  app_util_platform.o
    0x0002ad98   0x0002ad98   0x000000c8   Code   RO         8159    i.apply_address_workarounds  nrf_esb.o
    0x0002ae60   0x0002ae60   0x0000000c   Code   RO         3958    i.are_app_channels  nrfx_ppi.o
    0x0002ae6c   0x0002ae6c   0x0000009c   Code   RO         2332    i.battery_level_char_add  ble_bas.o
    0x0002af08   0x0002af08   0x0000007c   Code   RO           24    i.battery_level_update  main.o
    0x0002af84   0x0002af84   0x0000000a   Code   RO         2333    i.battery_notification_send  ble_bas.o
    0x0002af8e   0x0002af8e   0x00000048   Code   RO         1670    i.blcm_link_ctx_get  ble_link_ctx_manager.o
    0x0002afd6   0x0002afd6   0x00000182   Code   RO         1210    i.ble_advdata_encode  ble_advdata.o
    0x0002b158   0x0002b158   0x00000044   Code   RO         1211    i.ble_advdata_name_find  ble_advdata.o
    0x0002b19c   0x0002b19c   0x00000020   Code   RO         1212    i.ble_advdata_parse  ble_advdata.o
    0x0002b1bc   0x0002b1bc   0x00000046   Code   RO         1213    i.ble_advdata_search  ble_advdata.o
    0x0002b202   0x0002b202   0x000000b6   Code   RO         1215    i.ble_advdata_uuid_find  ble_advdata.o
    0x0002b2b8   0x0002b2b8   0x000000a0   Code   RO         1320    i.ble_advertising_advdata_update  ble_advertising.o
    0x0002b358   0x0002b358   0x00000006   Code   RO         1321    i.ble_advertising_conn_cfg_tag_set  ble_advertising.o
    0x0002b35e   0x0002b35e   0x000000f8   Code   RO         1322    i.ble_advertising_init  ble_advertising.o
    0x0002b456   0x0002b456   0x00000008   Code   RO         1323    i.ble_advertising_modes_config_set  ble_advertising.o
    0x0002b45e   0x0002b45e   0x0000006a   Code   RO         1324    i.ble_advertising_on_ble_evt  ble_advertising.o
    0x0002b4c8   0x0002b4c8   0x0000023c   Code   RO         1327    i.ble_advertising_start  ble_advertising.o
    0x0002b704   0x0002b704   0x000000c0   Code   RO         2334    i.ble_bas_battery_level_update  ble_bas.o
    0x0002b7c4   0x0002b7c4   0x0000003e   Code   RO         2336    i.ble_bas_init      ble_bas.o
    0x0002b802   0x0002b802   0x00000052   Code   RO         2337    i.ble_bas_on_ble_evt  ble_bas.o
    0x0002b854   0x0002b854   0x00000068   Code   RO         1424    i.ble_conn_params_init  ble_conn_params.o
    0x0002b8bc   0x0002b8bc   0x0000000c   Code   RO         1501    i.ble_conn_state_conn_handles  ble_conn_state.o
    0x0002b8c8   0x0002b8c8   0x00000012   Code   RO         1502    i.ble_conn_state_conn_idx  ble_conn_state.o
    0x0002b8da   0x0002b8da   0x00000002   PAD
    0x0002b8dc   0x0002b8dc   0x00000014   Code   RO         1504    i.ble_conn_state_for_each_connected  ble_conn_state.o
    0x0002b8f0   0x0002b8f0   0x00000024   Code   RO         1512    i.ble_conn_state_status  ble_conn_state.o
    0x0002b914   0x0002b914   0x00000014   Code   RO         1516    i.ble_conn_state_valid  ble_conn_state.o
    0x0002b928   0x0002b928   0x00000060   Code   RO         1216    i.ble_device_addr_encode  ble_advdata.o
    0x0002b988   0x0002b988   0x00000024   Code   RO         2208    i.ble_dfu_buttonless_async_svci_init  ble_dfu_unbonded.o
    0x0002b9ac   0x0002b9ac   0x00000014   Code   RO         2209    i.ble_dfu_buttonless_backend_init  ble_dfu_unbonded.o
    0x0002b9c0   0x0002b9c0   0x0000002c   Code   RO         2112    i.ble_dfu_buttonless_bootloader_start_finalize  ble_dfu.o
    0x0002b9ec   0x0002b9ec   0x00000018   Code   RO         2210    i.ble_dfu_buttonless_bootloader_start_prepare  ble_dfu_unbonded.o
    0x0002ba04   0x0002ba04   0x00000050   Code   RO         2211    i.ble_dfu_buttonless_char_add  ble_dfu_unbonded.o
    0x0002ba54   0x0002ba54   0x00000070   Code   RO         2113    i.ble_dfu_buttonless_init  ble_dfu.o
    0x0002bac4   0x0002bac4   0x0000008c   Code   RO         2114    i.ble_dfu_buttonless_on_ble_evt  ble_dfu.o
    0x0002bb50   0x0002bb50   0x000000b8   Code   RO         2212    i.ble_dfu_buttonless_on_ctrl_pt_write  ble_dfu_unbonded.o
    0x0002bc08   0x0002bc08   0x00000060   Code   RO         2213    i.ble_dfu_buttonless_on_sys_evt  ble_dfu_unbonded.o
    0x0002bc68   0x0002bc68   0x00000054   Code   RO         2115    i.ble_dfu_buttonless_resp_send  ble_dfu.o
    0x0002bcbc   0x0002bcbc   0x0000004c   Code   RO           25    i.ble_dfu_evt_handler  main.o
    0x0002bd08   0x0002bd08   0x0000013c   Code   RO         2291    i.ble_dis_init      ble_dis.o
    0x0002be44   0x0002be44   0x000000e4   Code   RO           26    i.ble_evt_handler   main.o
    0x0002bf28   0x0002bf28   0x00000070   Code   RO         1107    i.ble_evt_handler   bsp_btn_ble.o
    0x0002bf98   0x0002bf98   0x000000fc   Code   RO         1426    i.ble_evt_handler   ble_conn_params.o
    0x0002c094   0x0002c094   0x00000158   Code   RO         1517    i.ble_evt_handler   ble_conn_state.o
    0x0002c1ec   0x0002c1ec   0x00000066   Code   RO         2022    i.ble_nus_data_send  ble_nus.o
    0x0002c252   0x0002c252   0x00000002   PAD
    0x0002c254   0x0002c254   0x000000d4   Code   RO         2023    i.ble_nus_init      ble_nus.o
    0x0002c328   0x0002c328   0x00000076   Code   RO         2024    i.ble_nus_on_ble_evt  ble_nus.o
    0x0002c39e   0x0002c39e   0x00000012   Code   RO         1694    i.ble_srv_ascii_to_utf8  ble_srv_common.o
    0x0002c3b0   0x0002c3b0   0x00000008   Code   RO         1695    i.ble_srv_is_indication_enabled  ble_srv_common.o
    0x0002c3b8   0x0002c3b8   0x00000008   Code   RO         1696    i.ble_srv_is_notification_enabled  ble_srv_common.o
    0x0002c3c0   0x0002c3c0   0x0000000c   Code   RO         1697    i.ble_srv_report_ref_encode  ble_srv_common.o
    0x0002c3cc   0x0002c3cc   0x00000044   Code   RO           27    i.ble_stack_init    main.o
    0x0002c410   0x0002c410   0x00000044   Code   RO          994    i.bsp_event_to_button_action_assign  bsp.o
    0x0002c454   0x0002c454   0x00000018   Code   RO           28    i.buttonless_dfu_sdh_state_observer  main.o
    0x0002c46c   0x0002c46c   0x0000000a   Code   RO         8160    i.bytewise_bit_swap  nrf_esb.o
    0x0002c476   0x0002c476   0x00000002   PAD
    0x0002c478   0x0002c478   0x0000001c   Code   RO         2867    i.channel_free      nrfx_gpiote.o
    0x0002c494   0x0002c494   0x00000048   Code   RO         2868    i.channel_port_alloc  nrfx_gpiote.o
    0x0002c4dc   0x0002c4dc   0x00000010   Code   RO         2869    i.channel_port_get  nrfx_gpiote.o
    0x0002c4ec   0x0002c4ec   0x000000a8   Code   RO         2292    i.char_add          ble_dis.o
    0x0002c594   0x0002c594   0x00000190   Code   RO         1698    i.characteristic_add  ble_srv_common.o
    0x0002c724   0x0002c724   0x00000054   Code   RO         8161    i.clear_events_restart_rx  nrf_esb.o
    0x0002c778   0x0002c778   0x00000020   Code   RO           29    i.clock1ms_timeout_handler  main.o
    0x0002c798   0x0002c798   0x00000028   Code   RO         2388    i.clock_clk_started_notify  nrf_drv_clock.o
    0x0002c7c0   0x0002c7c0   0x0000001c   Code   RO         2389    i.clock_irq_handler  nrf_drv_clock.o
    0x0002c7dc   0x0002c7dc   0x000000c8   Code   RO         7632    i.common_stop_init_start  ll_ble_broadcaster_nrf52sdk17.o
    0x0002c8a4   0x0002c8a4   0x00000018   Code   RO         4449    i.compare_func      app_timer2.o
    0x0002c8bc   0x0002c8bc   0x00000066   Code   RO         3713    i.configure_pins    nrfx_pwm.o
    0x0002c922   0x0002c922   0x0000003e   Code   RO         1518    i.conn_handle_list_get  ble_conn_state.o
    0x0002c960   0x0002c960   0x00000088   Code   RO         1217    i.conn_int_encode   ble_advdata.o
    0x0002c9e8   0x0002c9e8   0x0000001c   Code   RO           30    i.conn_params_error_handler  main.o
    0x0002ca04   0x0002ca04   0x00000048   Code   RO         1427    i.conn_params_negotiation  ble_conn_params.o
    0x0002ca4c   0x0002ca4c   0x00000036   Code   RO         6349    i.crc16_compute     crc16.o
    0x0002ca82   0x0002ca82   0x0000001e   Code   RO         1756    i.data_length_update  nrf_ble_gatt.o
    0x0002caa0   0x0002caa0   0x0000008c   Code   RO         5826    i.delete_execute    fds.o
    0x0002cb2c   0x0002cb2c   0x000000aa   Code   RO         1699    i.descriptor_add    ble_srv_common.o
    0x0002cbd6   0x0002cbd6   0x00000006   Code   RO           31    i.disconnect        main.o
    0x0002cbdc   0x0002cbdc   0x00000014   Code   RO         4722    i.drv_rtc_compare_disable  drv_rtc.o
    0x0002cbf0   0x0002cbf0   0x0000000e   Code   RO         4725    i.drv_rtc_compare_pending  drv_rtc.o
    0x0002cbfe   0x0002cbfe   0x00000050   Code   RO         4726    i.drv_rtc_compare_set  drv_rtc.o
    0x0002cc4e   0x0002cc4e   0x00000008   Code   RO         4727    i.drv_rtc_counter_get  drv_rtc.o
    0x0002cc56   0x0002cc56   0x00000002   PAD
    0x0002cc58   0x0002cc58   0x0000007c   Code   RO         4728    i.drv_rtc_init      drv_rtc.o
    0x0002ccd4   0x0002ccd4   0x0000001e   Code   RO         4729    i.drv_rtc_irq_trigger  drv_rtc.o
    0x0002ccf2   0x0002ccf2   0x00000008   Code   RO         4731    i.drv_rtc_overflow_enable  drv_rtc.o
    0x0002ccfa   0x0002ccfa   0x00000008   Code   RO         4732    i.drv_rtc_overflow_pending  drv_rtc.o
    0x0002cd02   0x0002cd02   0x00000008   Code   RO         4733    i.drv_rtc_start     drv_rtc.o
    0x0002cd0a   0x0002cd0a   0x00000008   Code   RO         4734    i.drv_rtc_stop      drv_rtc.o
    0x0002cd12   0x0002cd12   0x000000de   Code   RO         4739    i.drv_rtc_windowed_compare_set  drv_rtc.o
    0x0002cdf0   0x0002cdf0   0x00000002   Code   RO         2116    i.dummy_evt_handler  ble_dfu.o
    0x0002cdf2   0x0002cdf2   0x00000002   PAD
    0x0002cdf4   0x0002cdf4   0x0000004c   Code   RO         6237    i.erase             nrf_fstorage_sd.o
    0x0002ce40   0x0002ce40   0x000000bc   Code   RO         8011    i.esb_start_PRX     esb_timeslot.o
    0x0002cefc   0x0002cefc   0x000000b8   Code   RO         8012    i.esb_start_PTX     esb_timeslot.o
    0x0002cfb4   0x0002cfb4   0x00000074   Code   RO         5827    i.event_prepare     fds.o
    0x0002d028   0x0002d028   0x00000020   Code   RO         5828    i.event_send        fds.o
    0x0002d048   0x0002d048   0x00000054   Code   RO         6238    i.event_send        nrf_fstorage_sd.o
    0x0002d09c   0x0002d09c   0x00000012   Code   RO         4740    i.evt_enable        drv_rtc.o
    0x0002d0ae   0x0002d0ae   0x00000014   Code   RO         4741    i.evt_pending       drv_rtc.o
    0x0002d0c2   0x0002d0c2   0x00000002   PAD
    0x0002d0c4   0x0002d0c4   0x00000038   Code   RO         7220    i.fds_evt_handler   ll_flash.o
    0x0002d0fc   0x0002d0fc   0x00000040   Code   RO         5831    i.fds_gc            fds.o
    0x0002d13c   0x0002d13c   0x000000e8   Code   RO         5832    i.fds_init          fds.o
    0x0002d224   0x0002d224   0x00000048   Code   RO         5833    i.fds_record_close  fds.o
    0x0002d26c   0x0002d26c   0x00000044   Code   RO         5834    i.fds_record_delete  fds.o
    0x0002d2b0   0x0002d2b0   0x0000000e   Code   RO         5835    i.fds_record_find   fds.o
    0x0002d2be   0x0002d2be   0x00000002   PAD
    0x0002d2c0   0x0002d2c0   0x00000080   Code   RO         5840    i.fds_record_open   fds.o
    0x0002d340   0x0002d340   0x00000010   Code   RO         5841    i.fds_record_update  fds.o
    0x0002d350   0x0002d350   0x00000008   Code   RO         5842    i.fds_record_write  fds.o
    0x0002d358   0x0002d358   0x00000030   Code   RO         5844    i.fds_register      fds.o
    0x0002d388   0x0002d388   0x000000a0   Code   RO         5847    i.fds_stat          fds.o
    0x0002d428   0x0002d428   0x0000000a   Code   RO         1519    i.flag_toggle       ble_conn_state.o
    0x0002d432   0x0002d432   0x00000028   Code   RO         1329    i.flags_set         ble_advertising.o
    0x0002d45a   0x0002d45a   0x00000002   PAD
    0x0002d45c   0x0002d45c   0x000000e0   Code   RO         7222    i.flash_init        ll_flash.o
    0x0002d53c   0x0002d53c   0x00000024   Code   RO         7223    i.flash_load        ll_flash.o
    0x0002d560   0x0002d560   0x00000098   Code   RO         7224    i.flash_store       ll_flash.o
    0x0002d5f8   0x0002d5f8   0x000000a0   Code   RO         7225    i.flash_store_beforeSleep  ll_flash.o
    0x0002d698   0x0002d698   0x0000000c   Code   RO         7226    i.flash_store_finish  ll_flash.o
    0x0002d6a4   0x0002d6a4   0x00000030   Code   RO         1520    i.for_each_set_flag  ble_conn_state.o
    0x0002d6d4   0x0002d6d4   0x00000006   Code   RO         5848    i.fs_event_handler  fds.o
    0x0002d6da   0x0002d6da   0x00000002   PAD
    0x0002d6dc   0x0002d6dc   0x00000068   Code   RO           32    i.gap_params_init   main.o
    0x0002d744   0x0002d744   0x00000020   Code   RO           33    i.gatt_evt_handler  main.o
    0x0002d764   0x0002d764   0x0000004c   Code   RO           34    i.gatt_init         main.o
    0x0002d7b0   0x0002d7b0   0x00000080   Code   RO         5849    i.gc_execute        fds.o
    0x0002d830   0x0002d830   0x0000004c   Code   RO         5850    i.gc_next_page      fds.o
    0x0002d87c   0x0002d87c   0x00000040   Code   RO         5851    i.gc_page_erase     fds.o
    0x0002d8bc   0x0002d8bc   0x00000034   Code   RO         5852    i.gc_record_copy    fds.o
    0x0002d8f0   0x0002d8f0   0x00000024   Code   RO         5853    i.gc_record_find_next  fds.o
    0x0002d914   0x0002d914   0x00000070   Code   RO         5854    i.gc_state_advance  fds.o
    0x0002d984   0x0002d984   0x00000030   Code   RO         5855    i.gc_swap_pages     fds.o
    0x0002d9b4   0x0002d9b4   0x0000004c   Code   RO         6948    i.get_a_safe_duty   ll_pwm_nrf51.o
    0x0002da00   0x0002da00   0x00000034   Code   RO         4450    i.get_now           app_timer2.o
    0x0002da34   0x0002da34   0x0000002c   Code   RO         5856    i.header_check      fds.o
    0x0002da60   0x0002da60   0x00000012   Code   RO         5857    i.header_has_next   fds.o
    0x0002da72   0x0002da72   0x00000002   PAD
    0x0002da74   0x0002da74   0x00000034   Code   RO         6239    i.init              nrf_fstorage_sd.o
    0x0002daa8   0x0002daa8   0x000000c4   Code   RO         5858    i.init_execute      fds.o
    0x0002db6c   0x0002db6c   0x00000088   Code   RO         8162    i.initialize_fifos  nrf_esb.o
    0x0002dbf4   0x0002dbf4   0x00000014   Code   RO         1428    i.instance_get      ble_conn_params.o
    0x0002dc08   0x0002dc08   0x0000009c   Code   RO         3714    i.irq_handler       nrfx_pwm.o
    0x0002dca4   0x0002dca4   0x00000018   Code   RO         3959    i.is_allocated_channel  nrfx_ppi.o
    0x0002dcbc   0x0002dcbc   0x0000000a   Code   RO         3961    i.is_app_channel    nrfx_ppi.o
    0x0002dcc6   0x0002dcc6   0x00000002   PAD
    0x0002dcc8   0x0002dcc8   0x00000010   Code   RO         6240    i.is_busy           nrf_fstorage_sd.o
    0x0002dcd8   0x0002dcd8   0x00000044   Code   RO         1429    i.is_conn_params_ok  ble_conn_params.o
    0x0002dd1c   0x0002dd1c   0x0000000c   Code   RO         3963    i.is_programmable_app_channel  nrfx_ppi.o
    0x0002dd28   0x0002dd28   0x00000018   Code   RO         1887    i.is_whitelist_used  nrf_ble_scan.o
    0x0002dd40   0x0002dd40   0x0000000c   Code   RO         5859    i.is_word_aligned   fds.o
    0x0002dd4c   0x0002dd4c   0x00000018   Code   RO         1757    i.link_init         nrf_ble_gatt.o
    0x0002dd64   0x0002dd64   0x000004bc   Code   RO           35    i.main              main.o
    0x0002e220   0x0002e220   0x00000064   Code   RO         1218    i.manuf_specific_data_encode  ble_advdata.o
    0x0002e284   0x0002e284   0x000000a6   Code   RO         1219    i.name_encode       ble_advdata.o
    0x0002e32a   0x0002e32a   0x00000010   Code   RO         4930    i.nrf_atfifo_clear  nrf_atfifo.o
    0x0002e33a   0x0002e33a   0x00000026   Code   RO         4932    i.nrf_atfifo_init   nrf_atfifo.o
    0x0002e360   0x0002e360   0x00000016   Code   RO         4933    i.nrf_atfifo_item_alloc  nrf_atfifo.o
    0x0002e376   0x0002e376   0x00000016   Code   RO         4934    i.nrf_atfifo_item_free  nrf_atfifo.o
    0x0002e38c   0x0002e38c   0x00000016   Code   RO         4935    i.nrf_atfifo_item_get  nrf_atfifo.o
    0x0002e3a2   0x0002e3a2   0x00000016   Code   RO         4936    i.nrf_atfifo_item_put  nrf_atfifo.o
    0x0002e3b8   0x0002e3b8   0x00000016   Code   RO         4998    i.nrf_atflags_clear  nrf_atflags.o
    0x0002e3ce   0x0002e3ce   0x00000016   Code   RO         5003    i.nrf_atflags_get   nrf_atflags.o
    0x0002e3e4   0x0002e3e4   0x00000014   Code   RO         5005    i.nrf_atflags_set   nrf_atflags.o
    0x0002e3f8   0x0002e3f8   0x00000006   Code   RO         5068    i.nrf_atomic_flag_set_fetch  nrf_atomic.o
    0x0002e3fe   0x0002e3fe   0x0000000c   Code   RO         5069    i.nrf_atomic_u32_add  nrf_atomic.o
    0x0002e40a   0x0002e40a   0x0000000c   Code   RO         5070    i.nrf_atomic_u32_and  nrf_atomic.o
    0x0002e416   0x0002e416   0x0000000a   Code   RO         5072    i.nrf_atomic_u32_fetch_add  nrf_atomic.o
    0x0002e420   0x0002e420   0x0000000a   Code   RO         5074    i.nrf_atomic_u32_fetch_or  nrf_atomic.o
    0x0002e42a   0x0002e42a   0x0000000a   Code   RO         5075    i.nrf_atomic_u32_fetch_store  nrf_atomic.o
    0x0002e434   0x0002e434   0x0000000c   Code   RO         5079    i.nrf_atomic_u32_or  nrf_atomic.o
    0x0002e440   0x0002e440   0x0000000c   Code   RO         5081    i.nrf_atomic_u32_sub  nrf_atomic.o
    0x0002e44c   0x0002e44c   0x00000010   Code   RO         2870    i.nrf_bitmask_bit_is_set  nrfx_gpiote.o
    0x0002e45c   0x0002e45c   0x00000018   Code   RO         1759    i.nrf_ble_gatt_att_mtu_periph_set  nrf_ble_gatt.o
    0x0002e474   0x0002e474   0x00000022   Code   RO         1763    i.nrf_ble_gatt_init  nrf_ble_gatt.o
    0x0002e496   0x0002e496   0x00000002   PAD
    0x0002e498   0x0002e498   0x00000174   Code   RO         1764    i.nrf_ble_gatt_on_ble_evt  nrf_ble_gatt.o
    0x0002e60c   0x0002e60c   0x00000016   Code   RO         1846    i.nrf_ble_qwr_conn_handle_assign  nrf_ble_qwr.o
    0x0002e622   0x0002e622   0x00000024   Code   RO         1847    i.nrf_ble_qwr_init  nrf_ble_qwr.o
    0x0002e646   0x0002e646   0x000000b6   Code   RO         1848    i.nrf_ble_qwr_on_ble_evt  nrf_ble_qwr.o
    0x0002e6fc   0x0002e6fc   0x00000050   Code   RO         1889    i.nrf_ble_scan_connect_with_target  nrf_ble_scan.o
    0x0002e74c   0x0002e74c   0x00000014   Code   RO         1891    i.nrf_ble_scan_default_conn_param_set  nrf_ble_scan.o
    0x0002e760   0x0002e760   0x00000020   Code   RO         1892    i.nrf_ble_scan_default_param_set  nrf_ble_scan.o
    0x0002e780   0x0002e780   0x000000a6   Code   RO         1894    i.nrf_ble_scan_filter_set  nrf_ble_scan.o
    0x0002e826   0x0002e826   0x00000014   Code   RO         1895    i.nrf_ble_scan_filters_disable  nrf_ble_scan.o
    0x0002e83a   0x0002e83a   0x00000046   Code   RO         1896    i.nrf_ble_scan_filters_enable  nrf_ble_scan.o
    0x0002e880   0x0002e880   0x00000072   Code   RO         1897    i.nrf_ble_scan_init  nrf_ble_scan.o
    0x0002e8f2   0x0002e8f2   0x0000014a   Code   RO         1898    i.nrf_ble_scan_on_adv_report  nrf_ble_scan.o
    0x0002ea3c   0x0002ea3c   0x0000008c   Code   RO         1899    i.nrf_ble_scan_on_ble_evt  nrf_ble_scan.o
    0x0002eac8   0x0002eac8   0x00000044   Code   RO         1901    i.nrf_ble_scan_start  nrf_ble_scan.o
    0x0002eb0c   0x0002eb0c   0x00000004   Code   RO         1902    i.nrf_ble_scan_stop  nrf_ble_scan.o
    0x0002eb10   0x0002eb10   0x0000000e   Code   RO         2731    i.nrf_clock_event_check  nrfx_clock.o
    0x0002eb1e   0x0002eb1e   0x00000010   Code   RO         2732    i.nrf_clock_event_clear  nrfx_clock.o
    0x0002eb2e   0x0002eb2e   0x00000002   PAD
    0x0002eb30   0x0002eb30   0x00000020   Code   RO           36    i.nrf_delay_ms      main.o
    0x0002eb50   0x0002eb50   0x00000020   Code   RO         7115    i.nrf_delay_ms      ll_gpio_nrf52.o
    0x0002eb70   0x0002eb70   0x00000020   Code   RO         7227    i.nrf_delay_ms      ll_flash.o
    0x0002eb90   0x0002eb90   0x0000001c   Code   RO         2076    i.nrf_dfu_svci_vector_table_set  nrf_dfu_svci.o
    0x0002ebac   0x0002ebac   0x0000000c   Code   RO         2077    i.nrf_dfu_svci_vector_table_unset  nrf_dfu_svci.o
    0x0002ebb8   0x0002ebb8   0x00000040   Code   RO         2396    i.nrf_drv_clock_init  nrf_drv_clock.o
    0x0002ebf8   0x0002ebf8   0x00000034   Code   RO         2400    i.nrf_drv_clock_lfclk_release  nrf_drv_clock.o
    0x0002ec2c   0x0002ec2c   0x00000018   Code   RO         4108    i.nrf_drv_ppi_init  nrf_drv_ppi.o
    0x0002ec44   0x0002ec44   0x00000044   Code   RO         8163    i.nrf_esb_disable   nrf_esb.o
    0x0002ec88   0x0002ec88   0x00000128   Code   RO         8168    i.nrf_esb_init      nrf_esb.o
    0x0002edb0   0x0002edb0   0x00000088   Code   RO         8171    i.nrf_esb_read_rx_payload  nrf_esb.o
    0x0002ee38   0x0002ee38   0x00000070   Code   RO         8174    i.nrf_esb_set_base_address_0  nrf_esb.o
    0x0002eea8   0x0002eea8   0x0000009c   Code   RO         8175    i.nrf_esb_set_base_address_1  nrf_esb.o
    0x0002ef44   0x0002ef44   0x0000009c   Code   RO         8177    i.nrf_esb_set_prefixes  nrf_esb.o
    0x0002efe0   0x0002efe0   0x00000020   Code   RO         8180    i.nrf_esb_set_rf_channel  nrf_esb.o
    0x0002f000   0x0002f000   0x00000044   Code   RO         8182    i.nrf_esb_skip_tx   nrf_esb.o
    0x0002f044   0x0002f044   0x00000080   Code   RO         8183    i.nrf_esb_start_rx  nrf_esb.o
    0x0002f0c4   0x0002f0c4   0x00000044   Code   RO         8185    i.nrf_esb_stop_rx   nrf_esb.o
    0x0002f108   0x0002f108   0x00000130   Code   RO         8188    i.nrf_esb_write_payload  nrf_esb.o
    0x0002f238   0x0002f238   0x00000068   Code   RO         8017    i.nrf_evt_signal_handler  esb_timeslot.o
    0x0002f2a0   0x0002f2a0   0x0000004e   Code   RO         6153    i.nrf_fstorage_erase  nrf_fstorage.o
    0x0002f2ee   0x0002f2ee   0x00000010   Code   RO         6154    i.nrf_fstorage_init  nrf_fstorage.o
    0x0002f2fe   0x0002f2fe   0x00000002   PAD
    0x0002f300   0x0002f300   0x00000018   Code   RO         6241    i.nrf_fstorage_sdh_req_handler  nrf_fstorage_sd.o
    0x0002f318   0x0002f318   0x00000020   Code   RO         6242    i.nrf_fstorage_sdh_state_handler  nrf_fstorage_sd.o
    0x0002f338   0x0002f338   0x000000a4   Code   RO         6243    i.nrf_fstorage_sys_evt_handler  nrf_fstorage_sd.o
    0x0002f3dc   0x0002f3dc   0x00000066   Code   RO         6160    i.nrf_fstorage_write  nrf_fstorage.o
    0x0002f442   0x0002f442   0x00000024   Code   RO         2871    i.nrf_gpio_cfg      nrfx_gpiote.o
    0x0002f466   0x0002f466   0x00000024   Code   RO         7116    i.nrf_gpio_cfg      ll_gpio_nrf52.o
    0x0002f48a   0x0002f48a   0x00000012   Code   RO         2872    i.nrf_gpio_cfg_default  nrfx_gpiote.o
    0x0002f49c   0x0002f49c   0x00000014   Code   RO         7117    i.nrf_gpio_cfg_sense_input  ll_gpio_nrf52.o
    0x0002f4b0   0x0002f4b0   0x00000022   Code   RO         2873    i.nrf_gpio_cfg_sense_set  nrfx_gpiote.o
    0x0002f4d2   0x0002f4d2   0x00000002   PAD
    0x0002f4d4   0x0002f4d4   0x0000002c   Code   RO         2874    i.nrf_gpio_latches_read_and_clear  nrfx_gpiote.o
    0x0002f500   0x0002f500   0x0000001e   Code   RO         2875    i.nrf_gpio_pin_present_check  nrfx_gpiote.o
    0x0002f51e   0x0002f51e   0x00000002   PAD
    0x0002f520   0x0002f520   0x00000014   Code   RO         2876    i.nrf_gpiote_event_clear  nrfx_gpiote.o
    0x0002f534   0x0002f534   0x00000010   Code   RO         2877    i.nrf_gpiote_event_is_set  nrfx_gpiote.o
    0x0002f544   0x0002f544   0x0000000a   Code   RO         3715    i.nrf_pwm_event_check  nrfx_pwm.o
    0x0002f54e   0x0002f54e   0x0000000c   Code   RO         3716    i.nrf_pwm_event_clear  nrfx_pwm.o
    0x0002f55a   0x0002f55a   0x0000001e   Code   RO         3717    i.nrf_pwm_sequence_set  nrfx_pwm.o
    0x0002f578   0x0002f578   0x0000003c   Code   RO         5403    i.nrf_pwr_mgmt_shutdown  nrf_pwr_mgmt.o
    0x0002f5b4   0x0002f5b4   0x0000001c   Code   RO           37    i.nrf_qwr_error_handler  main.o
    0x0002f5d0   0x0002f5d0   0x0000000c   Code   RO         4742    i.nrf_rtc_event_clear  drv_rtc.o
    0x0002f5dc   0x0002f5dc   0x00000010   Code   RO         3562    i.nrf_saadc_buffer_init  nrfx_saadc.o
    0x0002f5ec   0x0002f5ec   0x00000014   Code   RO         3563    i.nrf_saadc_channel_input_set  nrfx_saadc.o
    0x0002f600   0x0002f600   0x00000010   Code   RO         3564    i.nrf_saadc_event_check  nrfx_saadc.o
    0x0002f610   0x0002f610   0x00000014   Code   RO         3565    i.nrf_saadc_event_clear  nrfx_saadc.o
    0x0002f624   0x0002f624   0x00000014   Code   RO         6846    i.nrf_sdh_ble_app_ram_start_get  nrf_sdh_ble.o
    0x0002f638   0x0002f638   0x0000009e   Code   RO         6847    i.nrf_sdh_ble_default_cfg_set  nrf_sdh_ble.o
    0x0002f6d6   0x0002f6d6   0x00000002   PAD
    0x0002f6d8   0x0002f6d8   0x00000014   Code   RO         6848    i.nrf_sdh_ble_enable  nrf_sdh_ble.o
    0x0002f6ec   0x0002f6ec   0x000000a8   Code   RO         6849    i.nrf_sdh_ble_evts_poll  nrf_sdh_ble.o
    0x0002f794   0x0002f794   0x00000054   Code   RO         6730    i.nrf_sdh_disable_request  nrf_sdh.o
    0x0002f7e8   0x0002f7e8   0x00000074   Code   RO         6731    i.nrf_sdh_enable_request  nrf_sdh.o
    0x0002f85c   0x0002f85c   0x00000024   Code   RO         6732    i.nrf_sdh_evts_poll  nrf_sdh.o
    0x0002f880   0x0002f880   0x0000000c   Code   RO         6733    i.nrf_sdh_is_enabled  nrf_sdh.o
    0x0002f88c   0x0002f88c   0x0000001c   Code   RO         6735    i.nrf_sdh_request_continue  nrf_sdh.o
    0x0002f8a8   0x0002f8a8   0x00000080   Code   RO         6897    i.nrf_sdh_soc_evts_poll  nrf_sdh_soc.o
    0x0002f928   0x0002f928   0x0000000a   Code   RO         5533    i.nrf_section_iter_init  nrf_section_iter.o
    0x0002f932   0x0002f932   0x00000024   Code   RO         5534    i.nrf_section_iter_item_set  nrf_section_iter.o
    0x0002f956   0x0002f956   0x00000020   Code   RO         5535    i.nrf_section_iter_next  nrf_section_iter.o
    0x0002f976   0x0002f976   0x00000022   Code   RO         5568    i.nrf_sortlist_add  nrf_sortlist.o
    0x0002f998   0x0002f998   0x00000006   Code   RO         5570    i.nrf_sortlist_peek  nrf_sortlist.o
    0x0002f99e   0x0002f99e   0x0000000e   Code   RO         5571    i.nrf_sortlist_pop  nrf_sortlist.o
    0x0002f9ac   0x0002f9ac   0x0000001e   Code   RO         5572    i.nrf_sortlist_remove  nrf_sortlist.o
    0x0002f9ca   0x0002f9ca   0x0000000c   Code   RO         3833    i.nrf_timer_event_clear  nrfx_timer.o
    0x0002f9d6   0x0002f9d6   0x00000002   PAD
    0x0002f9d8   0x0002f9d8   0x00000010   Code   RO         2403    i.nrf_wdt_started   nrf_drv_clock.o
    0x0002f9e8   0x0002f9e8   0x0000002c   Code   RO         2737    i.nrfx_clock_enable  nrfx_clock.o
    0x0002fa14   0x0002fa14   0x00000020   Code   RO         2740    i.nrfx_clock_init   nrfx_clock.o
    0x0002fa34   0x0002fa34   0x00000030   Code   RO         2743    i.nrfx_clock_lfclk_stop  nrfx_clock.o
    0x0002fa64   0x0002fa64   0x00000010   Code   RO         4743    i.nrfx_coredep_delay_us  drv_rtc.o
    0x0002fa74   0x0002fa74   0x00000010   Code   RO         7902    i.nrfx_coredep_delay_us  ll_sync.o
    0x0002fa84   0x0002fa84   0x00000010   Code   RO         2878    i.nrfx_gpiote_clr_task_addr_get  nrfx_gpiote.o
    0x0002fa94   0x0002fa94   0x00000010   Code   RO         2879    i.nrfx_gpiote_clr_task_get  nrfx_gpiote.o
    0x0002faa4   0x0002faa4   0x00000074   Code   RO         2888    i.nrfx_gpiote_init  nrfx_gpiote.o
    0x0002fb18   0x0002fb18   0x00000014   Code   RO         2889    i.nrfx_gpiote_is_init  nrfx_gpiote.o
    0x0002fb2c   0x0002fb2c   0x000000bc   Code   RO         2891    i.nrfx_gpiote_out_init  nrfx_gpiote.o
    0x0002fbe8   0x0002fbe8   0x00000024   Code   RO         2894    i.nrfx_gpiote_out_task_disable  nrfx_gpiote.o
    0x0002fc0c   0x0002fc0c   0x00000024   Code   RO         2895    i.nrfx_gpiote_out_task_enable  nrfx_gpiote.o
    0x0002fc30   0x0002fc30   0x00000028   Code   RO         2896    i.nrfx_gpiote_out_task_force  nrfx_gpiote.o
    0x0002fc58   0x0002fc58   0x00000058   Code   RO         2900    i.nrfx_gpiote_out_uninit  nrfx_gpiote.o
    0x0002fcb0   0x0002fcb0   0x00000010   Code   RO         2901    i.nrfx_gpiote_set_task_addr_get  nrfx_gpiote.o
    0x0002fcc0   0x0002fcc0   0x00000010   Code   RO         2902    i.nrfx_gpiote_set_task_get  nrfx_gpiote.o
    0x0002fcd0   0x0002fcd0   0x0000006c   Code   RO         3964    i.nrfx_ppi_channel_alloc  nrfx_ppi.o
    0x0002fd3c   0x0002fd3c   0x00000044   Code   RO         3965    i.nrfx_ppi_channel_assign  nrfx_ppi.o
    0x0002fd80   0x0002fd80   0x00000034   Code   RO         3966    i.nrfx_ppi_channel_disable  nrfx_ppi.o
    0x0002fdb4   0x0002fdb4   0x00000034   Code   RO         3967    i.nrfx_ppi_channel_enable  nrfx_ppi.o
    0x0002fde8   0x0002fde8   0x00000040   Code   RO         3969    i.nrfx_ppi_channel_free  nrfx_ppi.o
    0x0002fe28   0x0002fe28   0x000000d8   Code   RO         3719    i.nrfx_pwm_init     nrfx_pwm.o
    0x0002ff00   0x0002ff00   0x00000070   Code   RO         3721    i.nrfx_pwm_simple_playback  nrfx_pwm.o
    0x0002ff70   0x0002ff70   0x00000040   Code   RO         3723    i.nrfx_pwm_uninit   nrfx_pwm.o
    0x0002ffb0   0x0002ffb0   0x000000a4   Code   RO         3569    i.nrfx_saadc_buffer_convert  nrfx_saadc.o
    0x00030054   0x00030054   0x000000ac   Code   RO         3571    i.nrfx_saadc_channel_init  nrfx_saadc.o
    0x00030100   0x00030100   0x00000094   Code   RO         3573    i.nrfx_saadc_init   nrfx_saadc.o
    0x00030194   0x00030194   0x0000002c   Code   RO         3576    i.nrfx_saadc_sample  nrfx_saadc.o
    0x000301c0   0x000301c0   0x00000008   Code   RO         3835    i.nrfx_timer_clear  nrfx_timer.o
    0x000301c8   0x000301c8   0x0000003a   Code   RO         3836    i.nrfx_timer_compare  nrfx_timer.o
    0x00030202   0x00030202   0x00000010   Code   RO         5702    i.nrfx_timer_compare_event_address_get  app_pwm.o
    0x00030212   0x00030212   0x0000000e   Code   RO         3837    i.nrfx_timer_compare_int_disable  nrfx_timer.o
    0x00030220   0x00030220   0x00000024   Code   RO         3838    i.nrfx_timer_compare_int_enable  nrfx_timer.o
    0x00030244   0x00030244   0x0000001c   Code   RO         3839    i.nrfx_timer_disable  nrfx_timer.o
    0x00030260   0x00030260   0x0000001c   Code   RO         3840    i.nrfx_timer_enable  nrfx_timer.o
    0x0003027c   0x0003027c   0x0000002a   Code   RO         3841    i.nrfx_timer_extended_compare  nrfx_timer.o
    0x000302a6   0x000302a6   0x00000002   PAD
    0x000302a8   0x000302a8   0x000000c0   Code   RO         3843    i.nrfx_timer_init   nrfx_timer.o
    0x00030368   0x00030368   0x0000005c   Code   RO         3847    i.nrfx_timer_uninit  nrfx_timer.o
    0x000303c4   0x000303c4   0x00000028   Code   RO           38    i.nus_data_handler  main.o
    0x000303ec   0x000303ec   0x00000dd0   Code   RO           39    i.nus_data_handler_real  main.o
    0x000311bc   0x000311bc   0x00000018   Code   RO         8621    i.nvmc_config       system_nrf52.o
    0x000311d4   0x000311d4   0x00000014   Code   RO           40    i.on_adv_evt        main.o
    0x000311e8   0x000311e8   0x00000034   Code   RO           41    i.on_conn_params_evt  main.o
    0x0003121c   0x0003121c   0x0000006a   Code   RO         2025    i.on_connect        ble_nus.o
    0x00031286   0x00031286   0x00000002   PAD
    0x00031288   0x00031288   0x0000006c   Code   RO         2117    i.on_ctrlpt_write   ble_dfu.o
    0x000312f4   0x000312f4   0x000001a8   Code   RO         8189    i.on_radio_disabled_rx  nrf_esb.o
    0x0003149c   0x0003149c   0x00000040   Code   RO         8190    i.on_radio_disabled_rx_ack  nrf_esb.o
    0x000314dc   0x000314dc   0x00000080   Code   RO         8191    i.on_radio_disabled_tx  nrf_esb.o
    0x0003155c   0x0003155c   0x0000003c   Code   RO         8192    i.on_radio_disabled_tx_noack  nrf_esb.o
    0x00031598   0x00031598   0x00000134   Code   RO         8193    i.on_radio_disabled_tx_wait_for_ack  nrf_esb.o
    0x000316cc   0x000316cc   0x00000084   Code   RO         2026    i.on_write          ble_nus.o
    0x00031750   0x00031750   0x0000001c   Code   RO         7743    i.packFlashModeParaToApp  ll_interface_withapp.o
    0x0003176c   0x0003176c   0x00000024   Code   RO         5860    i.page_identify     fds.o
    0x00031790   0x00031790   0x0000001c   Code   RO         5861    i.page_offsets_update  fds.o
    0x000317ac   0x000317ac   0x0000006c   Code   RO         5862    i.page_scan         fds.o
    0x00031818   0x00031818   0x0000001c   Code   RO         5863    i.page_tag_write_data  fds.o
    0x00031834   0x00031834   0x00000024   Code   RO         5864    i.page_tag_write_swap  fds.o
    0x00031858   0x00031858   0x00000130   Code   RO         5865    i.pages_init        fds.o
    0x00031988   0x00031988   0x00000012   Code   RO         1330    i.phy_is_valid      ble_advertising.o
    0x0003199a   0x0003199a   0x00000002   PAD
    0x0003199c   0x0003199c   0x00000014   Code   RO         2905    i.pin_configured_check  nrfx_gpiote.o
    0x000319b0   0x000319b0   0x0000001c   Code   RO         2906    i.pin_configured_clear  nrfx_gpiote.o
    0x000319cc   0x000319cc   0x0000001c   Code   RO         2907    i.pin_configured_set  nrfx_gpiote.o
    0x000319e8   0x000319e8   0x00000018   Code   RO         2909    i.pin_in_use_by_te  nrfx_gpiote.o
    0x00031a00   0x00031a00   0x0000007c   Code   RO         2293    i.pnp_id_encode     ble_dis.o
    0x00031a7c   0x00031a7c   0x000000b4   Code   RO         2910    i.port_event_handle  nrfx_gpiote.o
    0x00031b30   0x00031b30   0x00000010   Code   RO         2911    i.port_handler_polarity_get  nrfx_gpiote.o
    0x00031b40   0x00031b40   0x00000068   Code   RO         5703    i.pwm_dealloc       app_pwm.o
    0x00031ba8   0x00031ba8   0x00000010   Code   RO         6949    i.pwm_handler       ll_pwm_nrf51.o
    0x00031bb8   0x00031bb8   0x00000058   Code   RO         5704    i.pwm_ready_tick    app_pwm.o
    0x00031c10   0x00031c10   0x000000d8   Code   RO         5705    i.pwm_transition    app_pwm.o
    0x00031ce8   0x00031ce8   0x0000001c   Code   RO         5866    i.queue_buf_get     fds.o
    0x00031d04   0x00031d04   0x00000010   Code   RO         5867    i.queue_buf_store   fds.o
    0x00031d14   0x00031d14   0x00000014   Code   RO         6244    i.queue_free        nrf_fstorage_sd.o
    0x00031d28   0x00031d28   0x000000a4   Code   RO         5868    i.queue_process     fds.o
    0x00031dcc   0x00031dcc   0x000000a0   Code   RO         6245    i.queue_process     nrf_fstorage_sd.o
    0x00031e6c   0x00031e6c   0x0000001c   Code   RO         5869    i.queue_start       fds.o
    0x00031e88   0x00031e88   0x00000024   Code   RO         6246    i.queue_start       nrf_fstorage_sd.o
    0x00031eac   0x00031eac   0x0000000e   Code   RO         6247    i.read              nrf_fstorage_sd.o
    0x00031eba   0x00031eba   0x00000002   PAD
    0x00031ebc   0x00031ebc   0x00000090   Code   RO         5870    i.record_find       fds.o
    0x00031f4c   0x00031f4c   0x000000a0   Code   RO         5871    i.record_find_by_desc  fds.o
    0x00031fec   0x00031fec   0x0000005c   Code   RO         5872    i.record_find_next  fds.o
    0x00032048   0x00032048   0x0000003c   Code   RO         5873    i.record_header_flag_dirty  fds.o
    0x00032084   0x00032084   0x00000088   Code   RO         5874    i.records_stat      fds.o
    0x0003210c   0x0003210c   0x00000024   Code   RO         8019    i.request_next_event_earliest  esb_timeslot.o
    0x00032130   0x00032130   0x0000001c   Code   RO         8194    i.reset_fifos       nrf_esb.o
    0x0003214c   0x0003214c   0x00000004   Code   RO         6248    i.rmap              nrf_fstorage_sd.o
    0x00032150   0x00032150   0x0000005c   Code   RO         4451    i.rtc_irq           app_timer2.o
    0x000321ac   0x000321ac   0x0000006c   Code   RO         4452    i.rtc_schedule      app_timer2.o
    0x00032218   0x00032218   0x0000008c   Code   RO         4453    i.rtc_update        app_timer2.o
    0x000322a4   0x000322a4   0x00000098   Code   RO         8195    i.rx_fifo_push_rfbuf  nrf_esb.o
    0x0003233c   0x0003233c   0x00000084   Code   RO         7428    i.saadc_callback    ll_adc_nrf52.o
    0x000323c0   0x000323c0   0x0000022c   Code   RO         7693    i.scan_evt_handler  ll_ble_observer_nrf52sdk17.o
    0x000325ec   0x000325ec   0x00000058   Code   RO         2404    i.sd_state_evt_handler  nrf_drv_clock.o
    0x00032644   0x00032644   0x00000030   Code   RO         6738    i.sdh_request_observer_notify  nrf_sdh.o
    0x00032674   0x00032674   0x0000002c   Code   RO         6739    i.sdh_state_observer_notify  nrf_sdh.o
    0x000326a0   0x000326a0   0x00000010   Code   RO         1430    i.send_error_evt    ble_conn_params.o
    0x000326b0   0x000326b0   0x00000088   Code   RO         1220    i.service_data_encode  ble_advdata.o
    0x00032738   0x00032738   0x000000f0   Code   RO           42    i.services_init     main.o
    0x00032828   0x00032828   0x00000174   Code   RO         7228    i.set_default       ll_flash.o
    0x0003299c   0x0003299c   0x00000030   Code   RO         1700    i.set_security_req  ble_srv_common.o
    0x000329cc   0x000329cc   0x00000074   Code   RO         5404    i.shutdown_process  nrf_pwr_mgmt.o
    0x00032a40   0x00032a40   0x00000018   Code   RO         2405    i.soc_evt_handler   nrf_drv_clock.o
    0x00032a58   0x00032a58   0x00000080   Code   RO         6740    i.softdevice_evt_irq_disable  nrf_sdh.o
    0x00032ad8   0x00032ad8   0x00000098   Code   RO         6741    i.softdevices_evt_irq_enable  nrf_sdh.o
    0x00032b70   0x00032b70   0x0000000c   Code   RO         4454    i.sortlist_pop      app_timer2.o
    0x00032b7c   0x00032b7c   0x0000004c   Code   RO         3724    i.start_playback    nrfx_pwm.o
    0x00032bc8   0x00032bc8   0x00000114   Code   RO         8196    i.start_tx_transaction  nrf_esb.o
    0x00032cdc   0x00032cdc   0x00000058   Code   RO         7903    i.sync_Clock        ll_sync.o
    0x00032d34   0x00032d34   0x00000078   Code   RO         7904    i.sync_Clock_FrontRearPattern  ll_sync.o
    0x00032dac   0x00032dac   0x0000008c   Code   RO         2294    i.sys_id_encode     ble_dis.o
    0x00032e38   0x00032e38   0x00000098   Code   RO         4455    i.timer_expire      app_timer2.o
    0x00032ed0   0x00032ed0   0x00000080   Code   RO         4456    i.timer_req_process  app_timer2.o
    0x00032f50   0x00032f50   0x00000038   Code   RO         4457    i.timer_req_schedule  app_timer2.o
    0x00032f88   0x00032f88   0x0000000a   Code   RO         1221    i.uint16_encode     ble_advdata.o
    0x00032f92   0x00032f92   0x00000002   PAD
    0x00032f94   0x00032f94   0x00000020   Code   RO         6249    i.uninit            nrf_fstorage_sd.o
    0x00032fb4   0x00032fb4   0x00000008   Code   RO         7744    i.unpackCurrentModeFromApp  ll_interface_withapp.o
    0x00032fbc   0x00032fbc   0x0000002a   Code   RO         7745    i.unpackFlashModeParaFromApp  ll_interface_withapp.o
    0x00032fe6   0x00032fe6   0x00000002   PAD
    0x00032fe8   0x00032fe8   0x00000038   Code   RO         7633    i.update_device_name  ll_ble_broadcaster_nrf52sdk17.o
    0x00033020   0x00033020   0x00000050   Code   RO         8197    i.update_radio_addresses  nrf_esb.o
    0x00033070   0x00033070   0x0000004c   Code   RO         8198    i.update_radio_bitrate  nrf_esb.o
    0x000330bc   0x000330bc   0x00000084   Code   RO         8199    i.update_radio_parameters  nrf_esb.o
    0x00033140   0x00033140   0x00000014   Code   RO         8200    i.update_radio_tx_power  nrf_esb.o
    0x00033154   0x00033154   0x0000002c   Code   RO         8201    i.update_rf_payload_format_esb  nrf_esb.o
    0x00033180   0x00033180   0x0000002c   Code   RO         8202    i.update_rf_payload_format_esb_dpl  nrf_esb.o
    0x000331ac   0x000331ac   0x00000068   Code   RO         1431    i.update_timeout_handler  ble_conn_params.o
    0x00033214   0x00033214   0x00000018   Code   RO         1331    i.use_whitelist     ble_advertising.o
    0x0003322c   0x0003322c   0x00000024   Code   RO         1849    i.user_mem_reply    nrf_ble_qwr.o
    0x00033250   0x00033250   0x00000030   Code   RO         1222    i.uuid_list_encode  ble_advdata.o
    0x00033280   0x00033280   0x0000009e   Code   RO         1223    i.uuid_list_sized_encode  ble_advdata.o
    0x0003331e   0x0003331e   0x00000004   Code   RO         6250    i.wmap              nrf_fstorage_sd.o
    0x00033322   0x00033322   0x00000002   PAD
    0x00033324   0x00033324   0x00000050   Code   RO         6251    i.write             nrf_fstorage_sd.o
    0x00033374   0x00033374   0x0000011c   Code   RO         5875    i.write_enqueue     fds.o
    0x00033490   0x00033490   0x000000f8   Code   RO         5876    i.write_execute     fds.o
    0x00033588   0x00033588   0x00000018   Code   RO         5877    i.write_space_free  fds.o
    0x000335a0   0x000335a0   0x00000060   Code   RO         5878    i.write_space_reserve  fds.o
    0x00033600   0x00033600   0x000000be   Data   RO           44    .constdata          main.o
    0x000336be   0x000336be   0x00000002   PAD
    0x000336c0   0x000336c0   0x00000016   Data   RO         1765    .constdata          nrf_ble_gatt.o
    0x000336d6   0x000336d6   0x00000002   PAD
    0x000336d8   0x000336d8   0x00000010   Data   RO         2027    .constdata          ble_nus.o
    0x000336e8   0x000336e8   0x00000018   Data   RO         2119    .constdata          ble_dfu.o
    0x00033700   0x00033700   0x00000004   Data   RO         2913    .constdata          nrfx_gpiote.o
    0x00033704   0x00033704   0x00000014   Data   RO         4460    .constdata          app_timer2.o
    0x00033718   0x00033718   0x00000008   PAD
    0x00033720   0x00033720   0x00000006   Data   RO         4744    .constdata          drv_rtc.o
    0x00033726   0x00033726   0x00000002   PAD
    0x00033728   0x00033728   0x0000000c   Data   RO         5707    .constdata          app_pwm.o
    0x00033734   0x00033734   0x00000018   Data   RO         5881    .constdata          fds.o
    0x0003374c   0x0003374c   0x00000010   Data   RO         6254    .constdata          nrf_fstorage_sd.o
    0x0003375c   0x0003375c   0x00000020   Data   RO         6255    .constdata          nrf_fstorage_sd.o
    0x0003377c   0x0003377c   0x00000010   Data   RO         6742    .constdata          nrf_sdh.o
    0x0003378c   0x0003378c   0x00000028   Data   RO         6743    .constdata          nrf_sdh.o
    0x000337b4   0x000337b4   0x00000010   Data   RO         6744    .constdata          nrf_sdh.o
    0x000337c4   0x000337c4   0x00000010   Data   RO         6745    .constdata          nrf_sdh.o
    0x000337d4   0x000337d4   0x00000020   Data   RO         6850    .constdata          nrf_sdh_ble.o
    0x000337f4   0x000337f4   0x00000010   Data   RO         6851    .constdata          nrf_sdh_ble.o
    0x00033804   0x00033804   0x00000010   Data   RO         6898    .constdata          nrf_sdh_soc.o
    0x00033814   0x00033814   0x0000000c   Data   RO         6899    .constdata          nrf_sdh_soc.o
    0x00033820   0x00033820   0x00000008   Data   RO         6952    .constdata          ll_pwm_nrf51.o
    0x00033828   0x00033828   0x00000008   Data   RO         6953    .constdata          ll_pwm_nrf51.o
    0x00033830   0x00033830   0x00000006   Data   RO         7118    .constdata          ll_gpio_nrf52.o
    0x00033836   0x00033836   0x0000000a   PAD
    0x00033840   0x00033840   0x0000005a   Data   RO         7229    .constdata          ll_flash.o
    0x0003389a   0x0003389a   0x00000002   PAD
    0x0003389c   0x0003389c   0x00000038   Data   RO         7361    .constdata          ll_battery.o
    0x000338d4   0x000338d4   0x00000025   Data   RO         7430    .constdata          ll_adc_nrf52.o
    0x000338f9   0x000338f9   0x00000003   PAD
    0x000338fc   0x000338fc   0x00000004   Data   RO         7635    .constdata          ll_ble_broadcaster_nrf52sdk17.o
    0x00033900   0x00033900   0x00000058   Data   RO         7636    .constdata          ll_ble_broadcaster_nrf52sdk17.o
    0x00033958   0x00033958   0x00000010   Data   RO         7638    .constdata          ll_ble_broadcaster_nrf52sdk17.o
    0x00033968   0x00033968   0x0000001c   Data   RO         7639    .constdata          ll_ble_broadcaster_nrf52sdk17.o
    0x00033984   0x00033984   0x00000010   Data   RO         7640    .constdata          ll_ble_broadcaster_nrf52sdk17.o
    0x00033994   0x00033994   0x00000010   Data   RO         7641    .constdata          ll_ble_broadcaster_nrf52sdk17.o
    0x000339a4   0x000339a4   0x0000000c   PAD
    0x000339b0   0x000339b0   0x00000006   Data   RO         7905    .constdata          ll_sync.o
    0x000339b6   0x000339b6   0x00000010   Data   RO         8023    .constdata          esb_timeslot.o
    0x000339c6   0x000339c6   0x00000002   PAD
    0x000339c8   0x000339c8   0x00002f3c   Data   RO         8489    .constdata          ll_led_panel_ws2812.o
    0x00036904   0x00036904   0x00000081   Data   RO         9001    .constdata          mc_w.l(ctype_o.o)
    0x00036985   0x00036985   0x00000003   PAD
    0x00036988   0x00036988   0x00000004   Data   RO         9002    .constdata          mc_w.l(ctype_o.o)
    0x0003698c   0x0003698c   0x00000044   Data   RO         7642    .conststring        ll_ble_broadcaster_nrf52sdk17.o
    0x000369d0   0x000369d0   0x00000041   Data   RO         7695    .conststring        ll_ble_observer_nrf52sdk17.o
    0x00036a11   0x00036a11   0x00000003   PAD
    0x00036a14   0x00036a14   0x00000020   Data   RO         9034    Region$$Table       anon$$obj.o
    0x00036a34   0x00036a34   0x00000004   Data   RO           55    pwr_mgmt_data0      main.o
    0x00036a38   0x00036a38   0x00000008   Data   RO         1523    sdh_ble_observers0  ble_conn_state.o
    0x00036a40   0x00036a40   0x00000010   Data   RO           56    sdh_ble_observers1  main.o
    0x00036a50   0x00036a50   0x00000008   Data   RO         1111    sdh_ble_observers1  bsp_btn_ble.o
    0x00036a58   0x00036a58   0x00000008   Data   RO         1434    sdh_ble_observers1  ble_conn_params.o
    0x00036a60   0x00036a60   0x00000008   Data   RO         7698    sdh_ble_observers1  ll_ble_observer_nrf52sdk17.o
    0x00036a68   0x00036a68   0x00000018   Data   RO           57    sdh_ble_observers2  main.o
    0x00036a80   0x00036a80   0x00000008   Data   RO         2120    sdh_ble_observers2  ble_dfu.o
    0x00036a88   0x00036a88   0x00000008   Data   RO           58    sdh_ble_observers3  main.o
    0x00036a90   0x00036a90   0x00000008   Data   RO         6257    sdh_req_observers0  nrf_fstorage_sd.o
    0x00036a98   0x00036a98   0x00000008   Data   RO         2411    sdh_soc_observers0  nrf_drv_clock.o
    0x00036aa0   0x00036aa0   0x00000008   Data   RO         6258    sdh_soc_observers0  nrf_fstorage_sd.o
    0x00036aa8   0x00036aa8   0x00000008   Data   RO         8028    sdh_soc_observers0  esb_timeslot.o
    0x00036ab0   0x00036ab0   0x00000008   Data   RO         2216    sdh_soc_observers1  ble_dfu_unbonded.o
    0x00036ab8   0x00036ab8   0x00000008   Data   RO         6853    sdh_stack_observers0  nrf_sdh_ble.o
    0x00036ac0   0x00036ac0   0x00000008   Data   RO         6900    sdh_stack_observers0  nrf_sdh_soc.o
    0x00036ac8   0x00036ac8   0x00000008   Data   RO           59    sdh_state_observers0  main.o
    0x00036ad0   0x00036ad0   0x00000008   Data   RO         2412    sdh_state_observers0  nrf_drv_clock.o
    0x00036ad8   0x00036ad8   0x00000008   Data   RO         6259    sdh_state_observers0  nrf_fstorage_sd.o


    Execution Region RW_IRAM1 (Exec base: 0x20002bc8, Load base: 0x00036ae0, Size: 0x000070b8, Max: 0x0000d430, ABSOLUTE, COMPRESSED[0x00000164])

    Exec Addr    Load Addr    Size         Type   Attr      Idx    E Section Name        Object

    0x20002bc8   COMPRESSED   0x00000008   Data   RW           45    .data               main.o
    0x20002bd0   COMPRESSED   0x00000070   Data   RW           46    .data               main.o
    0x20002c40   COMPRESSED   0x00000020   Data   RW           48    .data               main.o
    0x20002c60   COMPRESSED   0x00000004   Data   RW           54    .data               main.o
    0x20002c64   COMPRESSED   0x00000050   Data   RW          718    .data               ll_sysmode.o
    0x20002cb4   COMPRESSED   0x00000008   Data   RW         1110    .data               bsp_btn_ble.o
    0x20002cbc   COMPRESSED   0x00000001   Data   RW         1332    .data               ble_advertising.o
    0x20002cbd   COMPRESSED   0x00000001   PAD
    0x20002cbe   COMPRESSED   0x00000008   Data   RW         1433    .data               ble_conn_params.o
    0x20002cc6   COMPRESSED   0x00000002   PAD
    0x20002cc8   COMPRESSED   0x00000004   Data   RW         2215    .data               ble_dfu_unbonded.o
    0x20002ccc   COMPRESSED   0x0000004a   Data   RW         2295    .data               ble_dis.o
    0x20002d16   COMPRESSED   0x00000002   PAD
    0x20002d18   COMPRESSED   0x00000008   Data   RW         2747    .data               nrfx_clock.o
    0x20002d20   COMPRESSED   0x00000008   Data   RW         3173    .data               nrfx_prs.o
    0x20002d28   COMPRESSED   0x00000008   Data   RW         3989    .data               nrfx_ppi.o
    0x20002d30   COMPRESSED   0x00000001   Data   RW         4110    .data               nrf_drv_ppi.o
    0x20002d31   COMPRESSED   0x00000007   PAD
    0x20002d38   COMPRESSED   0x00000020   Data   RW         4461    .data               app_timer2.o
    0x20002d58   COMPRESSED   0x00000004   Data   RW         4462    .data               app_timer2.o
    0x20002d5c   COMPRESSED   0x0000000c   Data   RW         4745    .data               drv_rtc.o
    0x20002d68   COMPRESSED   0x00000008   Data   RW         5408    .data               nrf_pwr_mgmt.o
    0x20002d70   COMPRESSED   0x00000006   Data   RW         5708    .data               app_pwm.o
    0x20002d76   COMPRESSED   0x00000002   PAD
    0x20002d78   COMPRESSED   0x00000030   Data   RW         5882    .data               fds.o
    0x20002da8   COMPRESSED   0x00000008   Data   RW         6256    .data               nrf_fstorage_sd.o
    0x20002db0   COMPRESSED   0x00000003   Data   RW         6746    .data               nrf_sdh.o
    0x20002db3   COMPRESSED   0x00000001   Data   RW         6852    .data               nrf_sdh_ble.o
    0x20002db4   COMPRESSED   0x0000008c   Data   RW         6954    .data               ll_pwm_nrf51.o
    0x20002e40   COMPRESSED   0x00000008   Data   RW         6955    .data               ll_pwm_nrf51.o
    0x20002e48   COMPRESSED   0x00000034   Data   RW         7175    .data               ll_key.o
    0x20002e7c   COMPRESSED   0x000000f0   Data   RW         7230    .data               ll_flash.o
    0x20002f6c   COMPRESSED   0x00000004   Data   RW         7231    .data               ll_flash.o
    0x20002f70   COMPRESSED   0x00000008   Data   RW         7308    .data               ll_clock_nrf51sd.o
    0x20002f78   COMPRESSED   0x00000008   Data   RW         7362    .data               ll_battery.o
    0x20002f80   COMPRESSED   0x00000010   Data   RW         7431    .data               ll_adc_nrf52.o
    0x20002f90   COMPRESSED   0x00000020   Data   RW         7531    .data               ll_led_helmet.o
    0x20002fb0   COMPRESSED   0x0000000c   Data   RW         7643    .data               ll_ble_broadcaster_nrf52sdk17.o
    0x20002fbc   COMPRESSED   0x00000010   Data   RW         7696    .data               ll_ble_observer_nrf52sdk17.o
    0x20002fcc   COMPRESSED   0x00000001   Data   RW         7697    .data               ll_ble_observer_nrf52sdk17.o
    0x20002fcd   COMPRESSED   0x00000003   PAD
    0x20002fd0   COMPRESSED   0x00000004   Data   RW         7789    .data               ll_para.o
    0x20002fd4   COMPRESSED   0x00000014   Data   RW         7839    .data               ll_msg_handle_helmet.o
    0x20002fe8   COMPRESSED   0x00000004   Data   RW         7840    .data               ll_msg_handle_helmet.o
    0x20002fec   COMPRESSED   0x00000004   Data   RW         7841    .data               ll_msg_handle_helmet.o
    0x20002ff0   COMPRESSED   0x00000004   Data   RW         7906    .data               ll_sync.o
    0x20002ff4   COMPRESSED   0x00000010   Data   RW         7907    .data               ll_sync.o
    0x20003004   COMPRESSED   0x00000004   Data   RW         7908    .data               ll_sync.o
    0x20003008   COMPRESSED   0x00000010   Data   RW         7955    .data               ll_batteryindicator.o
    0x20003018   COMPRESSED   0x00000028   Data   RW         8024    .data               esb_timeslot.o
    0x20003040   COMPRESSED   0x00000048   Data   RW         8204    .data               nrf_esb.o
    0x20003088   COMPRESSED   0x00000381   Data   RW         8490    .data               ll_led_panel_ws2812.o
    0x20003409   COMPRESSED   0x00000003   PAD
    0x2000340c   COMPRESSED   0x00000004   Data   RW         8623    .data               system_nrf52.o
    0x20003410   COMPRESSED   0x00000004   Data   RW         8979    .data               mc_w.l(errno.o)
    0x20003414   COMPRESSED   0x00000014   Data   RW         5883    fs_data             fds.o
    0x20003428        -       0x000004e1   Zero   RW           43    .bss                main.o
    0x20003909   COMPRESSED   0x00000003   PAD
    0x2000390c        -       0x00002a1c   Zero   RW          717    .bss                ll_sysmode.o
    0x20006328        -       0x0000000c   Zero   RW         1004    .bss                bsp.o
    0x20006334   COMPRESSED   0x00000004   PAD
    0x20006338        -       0x00000050   Zero   RW         1432    .bss                ble_conn_params.o
    0x20006388        -       0x0000007c   Zero   RW         1522    .bss                ble_conn_state.o
    0x20006404        -       0x0000001c   Zero   RW         2118    .bss                ble_dfu.o
    0x20006420        -       0x00000028   Zero   RW         2214    .bss                ble_dfu_unbonded.o
    0x20006448        -       0x00000014   Zero   RW         2406    .bss                nrf_drv_clock.o
    0x2000645c        -       0x0000005c   Zero   RW         2912    .bss                nrfx_gpiote.o
    0x200064b8        -       0x00000030   Zero   RW         3580    .bss                nrfx_saadc.o
    0x200064e8        -       0x00000018   Zero   RW         3725    .bss                nrfx_pwm.o
    0x20006500        -       0x0000000c   Zero   RW         3848    .bss                nrfx_timer.o
    0x2000650c        -       0x00000020   Zero   RW         4238    .bss                app_error.o
    0x2000652c        -       0x00000010   Zero   RW         4458    .bss                app_timer2.o
    0x2000653c        -       0x00000058   Zero   RW         4459    .bss                app_timer2.o
    0x20006594        -       0x0000000c   Zero   RW         4659    .bss                app_util_platform.o
    0x200065a0        -       0x0000000c   Zero   RW         5405    .bss                nrf_pwr_mgmt.o
    0x200065ac        -       0x00000034   Zero   RW         5706    .bss                app_pwm.o
    0x200065e0        -       0x00000010   Zero   RW         5879    .bss                fds.o
    0x200065f0        -       0x000000e0   Zero   RW         5880    .bss                fds.o
    0x200066d0        -       0x00000010   Zero   RW         6252    .bss                nrf_fstorage_sd.o
    0x200066e0        -       0x000000a0   Zero   RW         6253    .bss                nrf_fstorage_sd.o
    0x20006780        -       0x00000024   Zero   RW         6950    .bss                ll_pwm_nrf51.o
    0x200067a4        -       0x00001560   Zero   RW         6951    .bss                ll_pwm_nrf51.o
    0x20007d04        -       0x00000014   Zero   RW         7360    .bss                ll_battery.o
    0x20007d18        -       0x0000000c   Zero   RW         7429    .bss                ll_adc_nrf52.o
    0x20007d24        -       0x0000003c   Zero   RW         7530    .bss                ll_led_helmet.o
    0x20007d60        -       0x000000cc   Zero   RW         7634    .bss                ll_ble_broadcaster_nrf52sdk17.o
    0x20007e2c        -       0x00000154   Zero   RW         7694    .bss                ll_ble_observer_nrf52sdk17.o
    0x20007f80        -       0x0000010c   Zero   RW         7788    .bss                ll_para.o
    0x2000808c        -       0x0000003a   Zero   RW         7838    .bss                ll_msg_handle_helmet.o
    0x200080c6   COMPRESSED   0x00000002   PAD
    0x200080c8        -       0x00000010   Zero   RW         8020    .bss                esb_timeslot.o
    0x200080d8        -       0x000003a4   Zero   RW         8203    .bss                nrf_esb.o
    0x2000847c   COMPRESSED   0x00000004   PAD
    0x20008480        -       0x00001800   Zero   RW         8609    STACK               arm_startup_nrf52.o


==============================================================================

Image component sizes


      Code (inc. data)   RO Data    RW Data    ZI Data      Debug   Object Name

       100          4          0          0         32       3594   app_error.o
        26          0          0          0          0        600   app_error_handler_keil.o
        24          4          0          0          0       1578   app_error_weak.o
      1558         74         12          6         52      35692   app_pwm.o
         0          0          0          0          0      37186   app_scheduler.o
      1052         90         20         36        104      17555   app_timer2.o
       124         14          0          0         12      10754   app_util_platform.o
        36          8        512          0       6144        956   arm_startup_nrf52.o
      1588          0          0          0          0      56288   ble_advdata.o
      1198         10          0          1          0      15455   ble_advertising.o
       502          0          0          0          0       6291   ble_bas.o
       636         44          8          8         80       9563   ble_conn_params.o
       570         84          8          0        124      11229   ble_conn_state.o
       490         40         32          0         28      19444   ble_dfu.o
       440         32          8          4         40      13010   ble_dfu_unbonded.o
       748        206          0         74          0       5651   ble_dis.o
        72          0          0          0          0       1708   ble_link_ctx_manager.o
       670          6         16          0          0       6756   ble_nus.o
       664          6          0          0          0       6840   ble_srv_common.o
        68          4          0          0         12       7472   bsp.o
       166          6          8          8          0       3352   bsp_btn_ble.o
        54          0          0          0          0       1468   crc16.o
       612         14          6         12          0      48497   drv_rtc.o
       852        244         24         40         16      10967   esb_timeslot.o
      3910        344         24         68        240      50367   fds.o
       384        122         37         16         12      14251   ll_adc_nrf52.o
       390         32         56          8         20       5791   ll_battery.o
        36          0          0          0          0       2874   ll_battery_charge.o
       336         32          0         16          0       3429   ll_batteryindicator.o
       796        108        236         12        204       9634   ll_ble_broadcaster_nrf52sdk17.o
       680         54         73         17        340       5923   ll_ble_observer_nrf52sdk17.o
       100         32          0          8          0       4903   ll_clock_nrf51sd.o
      1044         90         90        244          0      11513   ll_flash.o
       274         18          6          0          0       9417   ll_gpio_nrf52.o
        54          0          0          0          0       1296   ll_hardwareid_nrf52.o
        78          0          0          0          0       2549   ll_interface_withapp.o
       240         36          0         52          0       5271   ll_key.o
       806         76          0         32         60       8504   ll_led_helmet.o
      3428        310      12092        897          0      27213   ll_led_panel_ws2812.o
       856         76          0         28         58       8535   ll_msg_handle_helmet.o
       136         38          0          4        268       6935   ll_para.o
      1380        184         16        148       5508      36316   ll_pwm_nrf51.o
       508         44          6         24          0       7607   ll_sync.o
      2756        356          0         80      10780      21222   ll_sysmode.o
      7362       1216        250        156       1249     244529   main.o
       342          0          0          0          0       6942   nrf_atfifo.o
        64          0          0          0          0       3132   nrf_atflags.o
       310          0          0          0          0       8422   nrf_atomic.o
       484          6         22          0          0      36432   nrf_ble_gatt.o
       276          0          0          0          0       4857   nrf_ble_qwr.o
      1068          6          0          0          0      21960   nrf_ble_scan.o
        40          6          0          0          0       4822   nrf_dfu_svci.o
       312         36         16          0         20      43894   nrf_drv_clock.o
        24          6          0          1          0       4279   nrf_drv_ppi.o
      4170        532          0         72        932      65185   nrf_esb.o
       232          0          0          0          0       5829   nrf_fstorage.o
       798         82         72          8        176      16543   nrf_fstorage_sd.o
       176         28          0          8         12       5571   nrf_pwr_mgmt.o
       688        180         88          3          0      45580   nrf_sdh.o
       366         82         56          1          0       5743   nrf_sdh_ble.o
       128         68         36          0          0       2444   nrf_sdh_soc.o
        78          0          0          0          0       2900   nrf_section_iter.o
        84          0          0          0          0       3880   nrf_sortlist.o
       242         32          0          8          0      46062   nrfx_clock.o
      1378        144          4          0         92      71660   nrfx_gpiote.o
       402         34          0          8          0      14020   nrfx_ppi.o
        12          6          0          8          0       2130   nrfx_prs.o
       826         40          0          0         24      22843   nrfx_pwm.o
       928         76          0          0         48      19692   nrfx_saadc.o
       590         30          0          0         12      18982   nrfx_timer.o
         0          0          0          0          0       3492   nrfx_uart.o
       740         78          0          4          0      63512   system_nrf52.o

    ----------------------------------------------------------------------
     52628       5530      13912       2140      26712    1370793   Object Totals
         0          0         32          0          0          0   (incl. Generated)
        66          0         46         20         13          0   (incl. Padding)

    ----------------------------------------------------------------------

      Code (inc. data)   RO Data    RW Data    ZI Data      Debug   Library Member Name

        86          0          0          0          0          0   __dczerorl2.o
        28          0          0          0          0         68   _chval.o
       158          0          0          0          0         92   _strtoul.o
        26          0          0          0          0         80   atoi.o
         8          4        133          0          0         68   ctype_o.o
         0          0          0          0          0          0   entry.o
         0          0          0          0          0          0   entry10a.o
         0          0          0          0          0          0   entry11a.o
         8          4          0          0          0          0   entry2.o
         4          0          0          0          0          0   entry5.o
         0          0          0          0          0          0   entry7b.o
         0          0          0          0          0          0   entry8b.o
         8          4          0          0          0          0   entry9a.o
         8          4          0          4          0         68   errno.o
        30          0          0          0          0          0   handlers.o
        36          8          0          0          0         68   init.o
        32          0          0          0          0         68   llushr.o
        26          0          0          0          0         80   memcmp.o
        36          0          0          0          0         68   memcpya.o
        36          0          0          0          0        108   memseta.o
       884         10          0          0          0        420   printf6.o
        28          0          0          0          0         76   strcmp.o
        14          0          0          0          0         68   strlen.o
        30          0          0          0          0         80   strncmp.o
       112          0          0          0          0         88   strtol.o
        44          0          0          0          0         80   uidiv.o

    ----------------------------------------------------------------------
      1644         34        136          4          0       1580   Library Totals
         2          0          3          0          0          0   (incl. Padding)

    ----------------------------------------------------------------------

      Code (inc. data)   RO Data    RW Data    ZI Data      Debug   Library Name

      1642         34        133          4          0       1580   mc_w.l

    ----------------------------------------------------------------------
      1644         34        136          4          0       1580   Library Totals

    ----------------------------------------------------------------------

==============================================================================


      Code (inc. data)   RO Data    RW Data    ZI Data      Debug   

     54272       5564      14048       2144      26712    1317777   Grand Totals
     54272       5564      14048        356      26712    1317777   ELF Image Totals (compressed)
     54272       5564      14048        356          0          0   ROM Totals

==============================================================================

    Total RO  Size (Code + RO Data)                68320 (  66.72kB)
    Total RW  Size (RW Data + ZI Data)             28856 (  28.18kB)
    Total ROM Size (Code + RO Data + RW Data)      68676 (  67.07kB)

==============================================================================

